Archive member included to satisfy reference by file (symbol)

C:/ST/STM32CubeIDE_1.15.1/STM32CubeIDE/plugins/com.st.stm32cube.ide.mcu.externaltools.gnu-tools-for-stm32.12.3.rel1.win32_1.0.100.202403111256/tools/bin/../lib/gcc/arm-none-eabi/12.3.1/../../../../arm-none-eabi/lib/thumb/v7e-m+fp/hard\libc_nano.a(libc_a-exit.o)
                              C:/ST/STM32CubeIDE_1.15.1/STM32CubeIDE/plugins/com.st.stm32cube.ide.mcu.externaltools.gnu-tools-for-stm32.12.3.rel1.win32_1.0.100.202403111256/tools/bin/../lib/gcc/arm-none-eabi/12.3.1/../../../../arm-none-eabi/lib/thumb/v7e-m+fp/hard/crt0.o (exit)
C:/ST/STM32CubeIDE_1.15.1/STM32CubeIDE/plugins/com.st.stm32cube.ide.mcu.externaltools.gnu-tools-for-stm32.12.3.rel1.win32_1.0.100.202403111256/tools/bin/../lib/gcc/arm-none-eabi/12.3.1/../../../../arm-none-eabi/lib/thumb/v7e-m+fp/hard\libc_nano.a(libc_a-findfp.o)
                              C:/ST/STM32CubeIDE_1.15.1/STM32CubeIDE/plugins/com.st.stm32cube.ide.mcu.externaltools.gnu-tools-for-stm32.12.3.rel1.win32_1.0.100.202403111256/tools/bin/../lib/gcc/arm-none-eabi/12.3.1/../../../../arm-none-eabi/lib/thumb/v7e-m+fp/hard\libc_nano.a(libc_a-exit.o) (__stdio_exit_handler)
C:/ST/STM32CubeIDE_1.15.1/STM32CubeIDE/plugins/com.st.stm32cube.ide.mcu.externaltools.gnu-tools-for-stm32.12.3.rel1.win32_1.0.100.202403111256/tools/bin/../lib/gcc/arm-none-eabi/12.3.1/../../../../arm-none-eabi/lib/thumb/v7e-m+fp/hard\libc_nano.a(libc_a-fwalk.o)
                              C:/ST/STM32CubeIDE_1.15.1/STM32CubeIDE/plugins/com.st.stm32cube.ide.mcu.externaltools.gnu-tools-for-stm32.12.3.rel1.win32_1.0.100.202403111256/tools/bin/../lib/gcc/arm-none-eabi/12.3.1/../../../../arm-none-eabi/lib/thumb/v7e-m+fp/hard\libc_nano.a(libc_a-findfp.o) (_fwalk_sglue)
C:/ST/STM32CubeIDE_1.15.1/STM32CubeIDE/plugins/com.st.stm32cube.ide.mcu.externaltools.gnu-tools-for-stm32.12.3.rel1.win32_1.0.100.202403111256/tools/bin/../lib/gcc/arm-none-eabi/12.3.1/../../../../arm-none-eabi/lib/thumb/v7e-m+fp/hard\libc_nano.a(libc_a-printf.o)
                              ./Middlewares/ST/STM32_WPAN/utilities/dbg_trace.o (printf)
C:/ST/STM32CubeIDE_1.15.1/STM32CubeIDE/plugins/com.st.stm32cube.ide.mcu.externaltools.gnu-tools-for-stm32.12.3.rel1.win32_1.0.100.202403111256/tools/bin/../lib/gcc/arm-none-eabi/12.3.1/../../../../arm-none-eabi/lib/thumb/v7e-m+fp/hard\libc_nano.a(libc_a-stdio.o)
                              C:/ST/STM32CubeIDE_1.15.1/STM32CubeIDE/plugins/com.st.stm32cube.ide.mcu.externaltools.gnu-tools-for-stm32.12.3.rel1.win32_1.0.100.202403111256/tools/bin/../lib/gcc/arm-none-eabi/12.3.1/../../../../arm-none-eabi/lib/thumb/v7e-m+fp/hard\libc_nano.a(libc_a-findfp.o) (__sread)
C:/ST/STM32CubeIDE_1.15.1/STM32CubeIDE/plugins/com.st.stm32cube.ide.mcu.externaltools.gnu-tools-for-stm32.12.3.rel1.win32_1.0.100.202403111256/tools/bin/../lib/gcc/arm-none-eabi/12.3.1/../../../../arm-none-eabi/lib/thumb/v7e-m+fp/hard\libc_nano.a(libc_a-vprintf.o)
                              ./Middlewares/ST/STM32_WPAN/utilities/dbg_trace.o (vprintf)
C:/ST/STM32CubeIDE_1.15.1/STM32CubeIDE/plugins/com.st.stm32cube.ide.mcu.externaltools.gnu-tools-for-stm32.12.3.rel1.win32_1.0.100.202403111256/tools/bin/../lib/gcc/arm-none-eabi/12.3.1/../../../../arm-none-eabi/lib/thumb/v7e-m+fp/hard\libc_nano.a(libc_a-memcmp.o)
                              ./Middlewares/ST/STM32_WPAN/ble/core/template/osal.o (memcmp)
C:/ST/STM32CubeIDE_1.15.1/STM32CubeIDE/plugins/com.st.stm32cube.ide.mcu.externaltools.gnu-tools-for-stm32.12.3.rel1.win32_1.0.100.202403111256/tools/bin/../lib/gcc/arm-none-eabi/12.3.1/../../../../arm-none-eabi/lib/thumb/v7e-m+fp/hard\libc_nano.a(libc_a-memset.o)
                              C:/ST/STM32CubeIDE_1.15.1/STM32CubeIDE/plugins/com.st.stm32cube.ide.mcu.externaltools.gnu-tools-for-stm32.12.3.rel1.win32_1.0.100.202403111256/tools/bin/../lib/gcc/arm-none-eabi/12.3.1/../../../../arm-none-eabi/lib/thumb/v7e-m+fp/hard/crt0.o (memset)
C:/ST/STM32CubeIDE_1.15.1/STM32CubeIDE/plugins/com.st.stm32cube.ide.mcu.externaltools.gnu-tools-for-stm32.12.3.rel1.win32_1.0.100.202403111256/tools/bin/../lib/gcc/arm-none-eabi/12.3.1/../../../../arm-none-eabi/lib/thumb/v7e-m+fp/hard\libc_nano.a(libc_a-strrchr.o)
                              ./Middlewares/ST/STM32_WPAN/utilities/dbg_trace.o (strrchr)
C:/ST/STM32CubeIDE_1.15.1/STM32CubeIDE/plugins/com.st.stm32cube.ide.mcu.externaltools.gnu-tools-for-stm32.12.3.rel1.win32_1.0.100.202403111256/tools/bin/../lib/gcc/arm-none-eabi/12.3.1/../../../../arm-none-eabi/lib/thumb/v7e-m+fp/hard\libc_nano.a(libc_a-closer.o)
                              C:/ST/STM32CubeIDE_1.15.1/STM32CubeIDE/plugins/com.st.stm32cube.ide.mcu.externaltools.gnu-tools-for-stm32.12.3.rel1.win32_1.0.100.202403111256/tools/bin/../lib/gcc/arm-none-eabi/12.3.1/../../../../arm-none-eabi/lib/thumb/v7e-m+fp/hard\libc_nano.a(libc_a-stdio.o) (_close_r)
[...]
Memory Configuration

Name             Origin             Length             Attributes
FLASH            0x08000000         0x00080000         xr
RAM              0x20000008         0x0002fff8         xrw
RAM_SHARED       0x20030000         0x00002800         xrw
*default*        0x00000000         0xffffffff

Linker script and memory map

LOAD C:/ST/STM32CubeIDE_1.15.1/STM32CubeIDE/plugins/com.st.stm32cube.ide.mcu.externaltools.gnu-tools-for-stm32.12.3.rel1.win32_1.0.100.202403111256/tools/bin/../lib/gcc/arm-none-eabi/12.3.1/thumb/v7e-m+fp/hard/crti.o
LOAD C:/ST/STM32CubeIDE_1.15.1/STM32CubeIDE/plugins/com.st.stm32cube.ide.mcu.externaltools.gnu-tools-for-stm32.12.3.rel1.win32_1.0.100.202403111256/tools/bin/../lib/gcc/arm-none-eabi/12.3.1/thumb/v7e-m+fp/hard/crtbegin.o
LOAD C:/ST/STM32CubeIDE_1.15.1/STM32CubeIDE/plugins/com.st.stm32cube.ide.mcu.externaltools.gnu-tools-for-stm32.12.3.rel1.win32_1.0.100.202403111256/tools/bin/../lib/gcc/arm-none-eabi/12.3.1/../../../../arm-none-eabi/lib/thumb/v7e-m+fp/hard/crt0.o
LOAD ./Core/Src/ADPD1080.o
LOAD ./Core/Src/LSM6DSL.o
LOAD ./Core/Src/app_debug.o
LOAD ./Core/Src/app_entry.o
LOAD ./Core/Src/hw_timerserver.o
LOAD ./Core/Src/main.o
LOAD ./Core/Src/stm32_lpm_if.o
LOAD ./Core/Src/stm32wbxx_hal_msp.o
LOAD ./Core/Src/stm32wbxx_it.o
LOAD ./Core/Src/syscalls.o
LOAD ./Core/Src/sysmem.o
LOAD ./Core/Src/system_stm32wbxx.o
LOAD ./Core/Startup/startup_stm32wb5mmghx.o
LOAD ./Drivers/STM32WBxx_HAL_Driver/Src/stm32wbxx_hal.o
LOAD ./Drivers/STM32WBxx_HAL_Driver/Src/stm32wbxx_hal_cortex.o
LOAD ./Drivers/STM32WBxx_HAL_Driver/Src/stm32wbxx_hal_dma.o
LOAD ./Drivers/STM32WBxx_HAL_Driver/Src/stm32wbxx_hal_dma_ex.o
LOAD ./Drivers/STM32WBxx_HAL_Driver/Src/stm32wbxx_hal_exti.o
LOAD ./Drivers/STM32WBxx_HAL_Driver/Src/stm32wbxx_hal_flash.o
LOAD ./Drivers/STM32WBxx_HAL_Driver/Src/stm32wbxx_hal_flash_ex.o
LOAD ./Drivers/STM32WBxx_HAL_Driver/Src/stm32wbxx_hal_gpio.o
LOAD ./Drivers/STM32WBxx_HAL_Driver/Src/stm32wbxx_hal_hsem.o
LOAD ./Drivers/STM32WBxx_HAL_Driver/Src/stm32wbxx_hal_i2c.o
LOAD ./Drivers/STM32WBxx_HAL_Driver/Src/stm32wbxx_hal_i2c_ex.o
LOAD ./Drivers/STM32WBxx_HAL_Driver/Src/stm32wbxx_hal_ipcc.o
LOAD ./Drivers/STM32WBxx_HAL_Driver/Src/stm32wbxx_hal_pwr.o
LOAD ./Drivers/STM32WBxx_HAL_Driver/Src/stm32wbxx_hal_pwr_ex.o
LOAD ./Drivers/STM32WBxx_HAL_Driver/Src/stm32wbxx_hal_rcc.o
LOAD ./Drivers/STM32WBxx_HAL_Driver/Src/stm32wbxx_hal_rcc_ex.o
LOAD ./Drivers/STM32WBxx_HAL_Driver/Src/stm32wbxx_hal_rtc.o
LOAD ./Drivers/STM32WBxx_HAL_Driver/Src/stm32wbxx_hal_rtc_ex.o
LOAD ./Drivers/STM32WBxx_HAL_Driver/Src/stm32wbxx_ll_rcc.o
LOAD ./Middlewares/ST/STM32_WPAN/ble/core/auto/ble_events.o
LOAD ./Middlewares/ST/STM32_WPAN/ble/core/auto/ble_gap_aci.o
LOAD ./Middlewares/ST/STM32_WPAN/ble/core/auto/ble_gatt_aci.o
LOAD ./Middlewares/ST/STM32_WPAN/ble/core/auto/ble_hal_aci.o
LOAD ./Middlewares/ST/STM32_WPAN/ble/core/auto/ble_hci_le.o
LOAD ./Middlewares/ST/STM32_WPAN/ble/core/auto/ble_l2cap_aci.o
LOAD ./Middlewares/ST/STM32_WPAN/ble/core/template/osal.o
LOAD ./Middlewares/ST/STM32_WPAN/ble/svc/Src/svc_ctl.o
LOAD ./Middlewares/ST/STM32_WPAN/interface/patterns/ble_thread/shci/shci.o
LOAD ./Middlewares/ST/STM32_WPAN/interface/patterns/ble_thread/tl/hci_tl.o
LOAD ./Middlewares/ST/STM32_WPAN/interface/patterns/ble_thread/tl/hci_tl_if.o
LOAD ./Middlewares/ST/STM32_WPAN/interface/patterns/ble_thread/tl/shci_tl.o
LOAD ./Middlewares/ST/STM32_WPAN/interface/patterns/ble_thread/tl/shci_tl_if.o
LOAD ./Middlewares/ST/STM32_WPAN/interface/patterns/ble_thread/tl/tl_mbox.o
LOAD ./Middlewares/ST/STM32_WPAN/utilities/dbg_trace.o
LOAD ./Middlewares/ST/STM32_WPAN/utilities/otp.o
LOAD ./Middlewares/ST/STM32_WPAN/utilities/stm_list.o
LOAD ./Middlewares/ST/STM32_WPAN/utilities/stm_queue.o
LOAD ./STM32_WPAN/App/app_ble.o
LOAD ./STM32_WPAN/App/custom_app.o
LOAD ./STM32_WPAN/App/custom_stm.o
LOAD ./STM32_WPAN/Target/hw_ipcc.o
LOAD ./Utilities/lpm/tiny_lpm/stm32_lpm.o
LOAD ./Utilities/sequencer/stm32_seq.o
START GROUP
LOAD C:/ST/STM32CubeIDE_1.15.1/STM32CubeIDE/plugins/com.st.stm32cube.ide.mcu.externaltools.gnu-tools-for-stm32.12.3.rel1.win32_1.0.100.202403111256/tools/bin/../lib/gcc/arm-none-eabi/12.3.1/../../../../arm-none-eabi/lib/thumb/v7e-m+fp/hard\libc_nano.a
LOAD C:/ST/STM32CubeIDE_1.15.1/STM32CubeIDE/plugins/com.st.stm32cube.ide.mcu.externaltools.gnu-tools-for-stm32.12.3.rel1.win32_1.0.100.202403111256/tools/bin/../lib/gcc/arm-none-eabi/12.3.1/../../../../arm-none-eabi/lib/thumb/v7e-m+fp/hard\libm.a
END GROUP
START GROUP
LOAD C:/ST/STM32CubeIDE_1.15.1/STM32CubeIDE/plugins/com.st.stm32cube.ide.mcu.externaltools.gnu-tools-for-stm32.12.3.rel1.win32_1.0.100.202403111256/tools/bin/../lib/gcc/arm-none-eabi/12.3.1/thumb/v7e-m+fp/hard\libgcc.a
LOAD C:/ST/STM32CubeIDE_1.15.1/STM32CubeIDE/plugins/com.st.stm32cube.ide.mcu.externaltools.gnu-tools-for-stm32.12.3.rel1.win32_1.0.100.202403111256/tools/bin/../lib/gcc/arm-none-eabi/12.3.1/../../../../arm-none-eabi/lib/thumb/v7e-m+fp/hard\libc_nano.a
END GROUP
START GROUP
LOAD C:/ST/STM32CubeIDE_1.15.1/STM32CubeIDE/plugins/com.st.stm32cube.ide.mcu.externaltools.gnu-tools-for-stm32.12.3.rel1.win32_1.0.100.202403111256/tools/bin/../lib/gcc/arm-none-eabi/12.3.1/thumb/v7e-m+fp/hard\libgcc.a
LOAD C:/ST/STM32CubeIDE_1.15.1/STM32CubeIDE/plugins/com.st.stm32cube.ide.mcu.externaltools.gnu-tools-for-stm32.12.3.rel1.win32_1.0.100.202403111256/tools/bin/../lib/gcc/arm-none-eabi/12.3.1/../../../../arm-none-eabi/lib/thumb/v7e-m+fp/hard\libc_nano.a
LOAD C:/ST/STM32CubeIDE_1.15.1/STM32CubeIDE/plugins/com.st.stm32cube.ide.mcu.externaltools.gnu-tools-for-stm32.12.3.rel1.win32_1.0.100.202403111256/tools/bin/../lib/gcc/arm-none-eabi/12.3.1/../../../../arm-none-eabi/lib/thumb/v7e-m+fp/hard\libnosys.a
END GROUP
START GROUP
LOAD C:/ST/STM32CubeIDE_1.15.1/STM32CubeIDE/plugins/com.st.stm32cube.ide.mcu.externaltools.gnu-tools-for-stm32.12.3.rel1.win32_1.0.100.202403111256/tools/bin/../lib/gcc/arm-none-eabi/12.3.1/thumb/v7e-m+fp/hard\libgcc.a
LOAD C:/ST/STM32CubeIDE_1.15.1/STM32CubeIDE/plugins/com.st.stm32cube.ide.mcu.externaltools.gnu-tools-for-stm32.12.3.rel1.win32_1.0.100.202403111256/tools/bin/../lib/gcc/arm-none-eabi/12.3.1/../../../../arm-none-eabi/lib/thumb/v7e-m+fp/hard\libc_nano.a
LOAD C:/ST/STM32CubeIDE_1.15.1/STM32CubeIDE/plugins/com.st.stm32cube.ide.mcu.externaltools.gnu-tools-for-stm32.12.3.rel1.win32_1.0.100.202403111256/tools/bin/../lib/gcc/arm-none-eabi/12.3.1/../../../../arm-none-eabi/lib/thumb/v7e-m+fp/hard\libnosys.a
END GROUP
LOAD C:/ST/STM32CubeIDE_1.15.1/STM32CubeIDE/plugins/com.st.stm32cube.ide.mcu.externaltools.gnu-tools-for-stm32.12.3.rel1.win32_1.0.100.202403111256/tools/bin/../lib/gcc/arm-none-eabi/12.3.1/thumb/v7e-m+fp/hard/crtend.o
LOAD C:/ST/STM32CubeIDE_1.15.1/STM32CubeIDE/plugins/com.st.stm32cube.ide.mcu.externaltools.gnu-tools-for-stm32.12.3.rel1.win32_1.0.100.202403111256/tools/bin/../lib/gcc/arm-none-eabi/12.3.1/thumb/v7e-m+fp/hard/crtn.o
                0x20030000                        _estack = (ORIGIN (RAM) + LENGTH (RAM))
                0x00000200                        _Min_Heap_Size = 0x200
                0x00000400                        _Min_Stack_Size = 0x400

.isr_vector     0x08000000      0x13c
                0x08000000                        . = ALIGN (0x4)
 *(.isr_vector)
 .isr_vector    0x08000000      0x13c ./Core/Startup/startup_stm32wb5mmghx.o
                0x08000000                g_pfnVectors
                0x0800013c                        . = ALIGN (0x4)

.text           0x0800013c     0x92fc
                0x0800013c                        . = ALIGN (0x4)
 *(.text)
 .text          0x0800013c       0x40 C:/ST/STM32CubeIDE_1.15.1/STM32CubeIDE/plugins/com.st.stm32cube.ide.mcu.externaltools.gnu-tools-for-stm32.12.3.rel1.win32_1.0.100.202403111256/tools/bin/../lib/gcc/arm-none-eabi/12.3.1/thumb/v7e-m+fp/hard/crtbegin.o
 .text          0x0800017c       0x10 C:/ST/STM32CubeIDE_1.15.1/STM32CubeIDE/plugins/com.st.stm32cube.ide.mcu.externaltools.gnu-tools-for-stm32.12.3.rel1.win32_1.0.100.202403111256/tools/bin/../lib/gcc/arm-none-eabi/12.3.1/../../../../arm-none-eabi/lib/thumb/v7e-m+fp/hard\libc_nano.a(libc_a-strlen.o)
                0x0800017c                strlen
 *(.text*)
 .text.ADPD1080_ReadAllRegisters
                0x0800018c       0x80 ./Core/Src/ADPD1080.o
                0x0800018c                ADPD1080_ReadAllRegisters
 .text.ADPD1080_WriteAllRegisters
                0x0800020c      0x110 ./Core/Src/ADPD1080.o
                0x0800020c                ADPD1080_WriteAllRegisters
 .text.ADPD1080_CheckRegisters
                0x0800031c       0x50 ./Core/Src/ADPD1080.o
                0x0800031c                ADPD1080_CheckRegisters
 .text.ADPD1080_Read_Buffer
                0x0800036c       0xbc ./Core/Src/ADPD1080.o
                0x0800036c                ADPD1080_Read_Buffer
 .text.ADPD1080_Check_FIFO
                0x08000428       0x74 ./Core/Src/ADPD1080.o
                0x08000428                ADPD1080_Check_FIFO
 .text.ADPD1080_ProcessFIFO
                0x0800049c       0xd0 ./Core/Src/ADPD1080.o
                0x0800049c                ADPD1080_ProcessFIFO
 .text.APPD_EnableCPU2
                0x0800056c       0x38 ./Core/Src/app_debug.o
                0x0800056c                APPD_EnableCPU2
 .text.LL_PWR_SMPS_Enable
                0x080005a4       0x20 ./Core/Src/app_entry.o
 .text.LL_PWR_SMPS_SetStartupCurrent
                0x080005c4       0x28 ./Core/Src/app_entry.o
 .text.LL_PWR_SMPS_SetOutputVoltageLevel
                0x080005ec       0x74 ./Core/Src/app_entry.o
 .text.LL_C2_PWR_SetPowerMode
                0x08000660       0x2c ./Core/Src/app_entry.o
 .text.LL_EXTI_EnableIT_32_63
                0x0800068c       0x28 ./Core/Src/app_entry.o
 .text.LL_RCC_HSE_SetCapacitorTuning
                0x080006b4       0x3c ./Core/Src/app_entry.o
 .text.LL_RCC_SetClkAfterWakeFromStop
                0x080006f0       0x28 ./Core/Src/app_entry.o
 .text.LL_DBGMCU_GetDeviceID
                0x08000718       0x1c ./Core/Src/app_entry.o
 .text.LL_DBGMCU_GetRevisionID
                0x08000734       0x1c ./Core/Src/app_entry.o
 .text.LL_LPM_EnableSleep
                0x08000750       0x20 ./Core/Src/app_entry.o
 .text.LL_RTC_EnableWriteProtection
                0x08000770       0x1a ./Core/Src/app_entry.o
 .text.LL_RTC_DisableWriteProtection
                0x0800078a       0x20 ./Core/Src/app_entry.o
 .text.LL_RTC_WAKEUP_SetClock
                0x080007aa       0x26 ./Core/Src/app_entry.o
 .text.MX_APPE_Config
                0x080007d0       0x1c ./Core/Src/app_entry.o
                0x080007d0                MX_APPE_Config
 .text.MX_APPE_Init
                0x080007ec       0x20 ./Core/Src/app_entry.o
                0x080007ec                MX_APPE_Init
 .text.Init_Smps
                0x0800080c       0x18 ./Core/Src/app_entry.o
                0x0800080c                Init_Smps
 .text.Init_Exti
                0x08000824        0xe ./Core/Src/app_entry.o
                0x08000824                Init_Exti
 .text.Reset_Device
                0x08000832        0xe ./Core/Src/app_entry.o
 .text.Config_HSE
                0x08000840       0x28 ./Core/Src/app_entry.o
 .text.System_Init
                0x08000868       0x14 ./Core/Src/app_entry.o
 .text.Init_Rtc
                0x0800087c       0x20 ./Core/Src/app_entry.o
 .text.SystemPower_Config
                0x0800089c       0x1a ./Core/Src/app_entry.o
 *fill*         0x080008b6        0x2 
 .text.appe_Tl_Init
                0x080008b8       0x6c ./Core/Src/app_entry.o
 .text.APPE_SysStatusNot
                0x08000924       0x16 ./Core/Src/app_entry.o
 *fill*         0x0800093a        0x2 
 .text.APPE_SysUserEvtRx
                0x0800093c       0x68 ./Core/Src/app_entry.o
 .text.APPE_SysEvtError
                0x080009a4       0x22 ./Core/Src/app_entry.o
 .text.APPE_SysEvtReadyProcessing
                0x080009c6       0x88 ./Core/Src/app_entry.o
 .text.HAL_Delay
                0x08000a4e       0x4a ./Core/Src/app_entry.o
                0x08000a4e                HAL_Delay
 .text.MX_APPE_Process
                0x08000a98       0x10 ./Core/Src/app_entry.o
                0x08000a98                MX_APPE_Process
 .text.UTIL_SEQ_Idle
                0x08000aa8        0xe ./Core/Src/app_entry.o
                0x08000aa8                UTIL_SEQ_Idle
 .text.UTIL_SEQ_EvtIdle
                0x08000ab6       0x1a ./Core/Src/app_entry.o
                0x08000ab6                UTIL_SEQ_EvtIdle
 .text.shci_notify_asynch_evt
                0x08000ad0       0x18 ./Core/Src/app_entry.o
                0x08000ad0                shci_notify_asynch_evt
 .text.shci_cmd_resp_release
                0x08000ae8       0x16 ./Core/Src/app_entry.o
                0x08000ae8                shci_cmd_resp_release
 .text.shci_cmd_resp_wait
                0x08000afe       0x16 ./Core/Src/app_entry.o
                0x08000afe                shci_cmd_resp_wait
 .text.LL_EXTI_EnableIT_0_31
                0x08000b14       0x28 ./Core/Src/hw_timerserver.o
 .text.LL_EXTI_EnableRisingTrig_0_31
                0x08000b3c       0x24 ./Core/Src/hw_timerserver.o
 .text.ReadRtcSsrValue
                0x08000b60       0x40 ./Core/Src/hw_timerserver.o
 .text.LinkTimerAfter
                0x08000ba0       0x8c ./Core/Src/hw_timerserver.o
 .text.LinkTimerBefore
                0x08000c2c       0xc0 ./Core/Src/hw_timerserver.o
 .text.linkTimer
                0x08000cec      0x154 ./Core/Src/hw_timerserver.o
 .text.UnlinkTimer
                0x08000e40      0x108 ./Core/Src/hw_timerserver.o
 .text.ReturnTimeElapsed
                0x08000f48       0x80 ./Core/Src/hw_timerserver.o
 .text.RestartWakeupCounter
                0x08000fc8       0xb0 ./Core/Src/hw_timerserver.o
 .text.RescheduleTimerList
                0x08001078      0x134 ./Core/Src/hw_timerserver.o
 .text.HW_TS_RTC_Wakeup_Handler
                0x080011ac      0x190 ./Core/Src/hw_timerserver.o
                0x080011ac                HW_TS_RTC_Wakeup_Handler
 .text.HW_TS_Init
                0x0800133c      0x1b4 ./Core/Src/hw_timerserver.o
                0x0800133c                HW_TS_Init
 .text.HW_TS_Create
                0x080014f0       0xf4 ./Core/Src/hw_timerserver.o
                0x080014f0                HW_TS_Create
 .text.HW_TS_Stop
                0x080015e4      0x108 ./Core/Src/hw_timerserver.o
                0x080015e4                HW_TS_Stop
 .text.HW_TS_Start
                0x080016ec      0x10c ./Core/Src/hw_timerserver.o
                0x080016ec                HW_TS_Start
 .text.HW_TS_RTC_Int_AppNot
                0x080017f8       0x1a ./Core/Src/hw_timerserver.o
                0x080017f8                HW_TS_RTC_Int_AppNot
 .text.LL_AHB2_GRP1_EnableClock
                0x08001812       0x32 ./Core/Src/main.o
 .text.main     0x08001844       0x6c ./Core/Src/main.o
                0x08001844                main
 .text.SystemClock_Config
                0x080018b0       0xd8 ./Core/Src/main.o
                0x080018b0                SystemClock_Config
 .text.PeriphCommonClock_Config
                0x08001988       0x40 ./Core/Src/main.o
                0x08001988                PeriphCommonClock_Config
 .text.MX_I2C1_Init
                0x080019c8       0x80 ./Core/Src/main.o
 .text.MX_IPCC_Init
                0x08001a48       0x28 ./Core/Src/main.o
 .text.MX_RF_Init
                0x08001a70        0xe ./Core/Src/main.o
 *fill*         0x08001a7e        0x2 
 .text.MX_RTC_Init
                0x08001a80       0x68 ./Core/Src/main.o
 .text.MX_GPIO_Init
                0x08001ae8       0xe4 ./Core/Src/main.o
 .text.Error_Handler
                0x08001bcc        0xc ./Core/Src/main.o
                0x08001bcc                Error_Handler
 .text.LL_RCC_EnableRTC
                0x08001bd8       0x22 ./Core/Src/stm32wbxx_hal_msp.o
 .text.LL_AHB2_GRP1_EnableClock
                0x08001bfa       0x32 ./Core/Src/stm32wbxx_hal_msp.o
 .text.LL_AHB3_GRP1_EnableClock
                0x08001c2c       0x32 ./Core/Src/stm32wbxx_hal_msp.o
 .text.LL_APB1_GRP1_EnableClock
                0x08001c5e       0x32 ./Core/Src/stm32wbxx_hal_msp.o
 .text.HAL_MspInit
                0x08001c90       0x30 ./Core/Src/stm32wbxx_hal_msp.o
                0x08001c90                HAL_MspInit
 .text.HAL_I2C_MspInit
                0x08001cc0       0x90 ./Core/Src/stm32wbxx_hal_msp.o
                0x08001cc0                HAL_I2C_MspInit
 .text.HAL_IPCC_MspInit
                0x08001d50       0x48 ./Core/Src/stm32wbxx_hal_msp.o
                0x08001d50                HAL_IPCC_MspInit
 .text.HAL_RTC_MspInit
                0x08001d98       0x6c ./Core/Src/stm32wbxx_hal_msp.o
                0x08001d98                HAL_RTC_MspInit
 .text.NMI_Handler
                0x08001e04        0x8 ./Core/Src/stm32wbxx_it.o
                0x08001e04                NMI_Handler
 .text.HardFault_Handler
                0x08001e0c        0x8 ./Core/Src/stm32wbxx_it.o
                0x08001e0c                HardFault_Handler
 .text.MemManage_Handler
                0x08001e14        0x8 ./Core/Src/stm32wbxx_it.o
                0x08001e14                MemManage_Handler
 .text.BusFault_Handler
                0x08001e1c        0x8 ./Core/Src/stm32wbxx_it.o
                0x08001e1c                BusFault_Handler
 .text.UsageFault_Handler
                0x08001e24        0x8 ./Core/Src/stm32wbxx_it.o
                0x08001e24                UsageFault_Handler
 .text.SVC_Handler
                0x08001e2c        0xe ./Core/Src/stm32wbxx_it.o
                0x08001e2c                SVC_Handler
 .text.DebugMon_Handler
                0x08001e3a        0xe ./Core/Src/stm32wbxx_it.o
                0x08001e3a                DebugMon_Handler
 .text.PendSV_Handler
                0x08001e48        0xe ./Core/Src/stm32wbxx_it.o
                0x08001e48                PendSV_Handler
 .text.SysTick_Handler
                0x08001e56        0xc ./Core/Src/stm32wbxx_it.o
                0x08001e56                SysTick_Handler
 .text.RTC_WKUP_IRQHandler
                0x08001e62        0xc ./Core/Src/stm32wbxx_it.o
                0x08001e62                RTC_WKUP_IRQHandler
 .text.RCC_IRQHandler
                0x08001e6e        0xe ./Core/Src/stm32wbxx_it.o
                0x08001e6e                RCC_IRQHandler
 .text.IPCC_C1_RX_IRQHandler
                0x08001e7c        0xc ./Core/Src/stm32wbxx_it.o
                0x08001e7c                IPCC_C1_RX_IRQHandler
 .text.IPCC_C1_TX_IRQHandler
                0x08001e88        0xc ./Core/Src/stm32wbxx_it.o
                0x08001e88                IPCC_C1_TX_IRQHandler
 .text.HSEM_IRQHandler
                0x08001e94        0xc ./Core/Src/stm32wbxx_it.o
                0x08001e94                HSEM_IRQHandler
 .text.SystemInit
                0x08001ea0       0xa4 ./Core/Src/system_stm32wbxx.o
                0x08001ea0                SystemInit
 .text.data_initializers
                0x08001f44       0x18 ./Core/Startup/startup_stm32wb5mmghx.o
 .text.Reset_Handler
                0x08001f5c       0x58 ./Core/Startup/startup_stm32wb5mmghx.o
                0x08001f5c                Reset_Handler
 .text.Default_Handler
                0x08001fb4        0x2 ./Core/Startup/startup_stm32wb5mmghx.o
                0x08001fb4                RTC_Alarm_IRQHandler
                0x08001fb4                EXTI2_IRQHandler
                0x08001fb4                TIM1_CC_IRQHandler
                0x08001fb4                TSC_IRQHandler
                0x08001fb4                USB_HP_IRQHandler
                0x08001fb4                EXTI3_IRQHandler
                0x08001fb4                LPTIM2_IRQHandler
                0x08001fb4                I2C3_ER_IRQHandler
                0x08001fb4                EXTI0_IRQHandler
                0x08001fb4                FPU_IRQHandler
                0x08001fb4                TIM1_UP_TIM16_IRQHandler
                0x08001fb4                AES1_IRQHandler
                0x08001fb4                SPI1_IRQHandler
                0x08001fb4                PWR_SOTF_BLEACT_802ACT_RFPHASE_IRQHandler
                0x08001fb4                DMA2_Channel2_IRQHandler
                0x08001fb4                DMA1_Channel4_IRQHandler
                0x08001fb4                ADC1_IRQHandler
                0x08001fb4                PKA_IRQHandler
                0x08001fb4                DMA1_Channel7_IRQHandler
                0x08001fb4                LCD_IRQHandler
                0x08001fb4                DMA2_Channel1_IRQHandler
                0x08001fb4                QUADSPI_IRQHandler
                0x08001fb4                I2C1_EV_IRQHandler
                0x08001fb4                DMAMUX1_OVR_IRQHandler
                0x08001fb4                DMA1_Channel6_IRQHandler
                0x08001fb4                DMA2_Channel4_IRQHandler
                0x08001fb4                DMA1_Channel1_IRQHandler
                0x08001fb4                Default_Handler
                0x08001fb4                DMA2_Channel7_IRQHandler
                0x08001fb4                EXTI15_10_IRQHandler
                0x08001fb4                C2SEV_PWR_C2H_IRQHandler
                0x08001fb4                AES2_IRQHandler
                0x08001fb4                I2C3_EV_IRQHandler
                0x08001fb4                EXTI9_5_IRQHandler
                0x08001fb4                PVD_PVM_IRQHandler
                0x08001fb4                SPI2_IRQHandler
                0x08001fb4                DMA2_Channel5_IRQHandler
                0x08001fb4                CRS_IRQHandler
                0x08001fb4                DMA1_Channel5_IRQHandler
                0x08001fb4                USB_LP_IRQHandler
                0x08001fb4                EXTI4_IRQHandler
                0x08001fb4                RNG_IRQHandler
                0x08001fb4                TIM1_TRG_COM_TIM17_IRQHandler
                0x08001fb4                TAMP_STAMP_LSECSS_IRQHandler
                0x08001fb4                DMA1_Channel3_IRQHandler
                0x08001fb4                COMP_IRQHandler
                0x08001fb4                WWDG_IRQHandler
                0x08001fb4                LPUART1_IRQHandler
                0x08001fb4                DMA2_Channel6_IRQHandler
                0x08001fb4                TIM2_IRQHandler
                0x08001fb4                TIM1_BRK_IRQHandler
                0x08001fb4                EXTI1_IRQHandler
                0x08001fb4                DMA1_Channel2_IRQHandler
                0x08001fb4                FLASH_IRQHandler
                0x08001fb4                USART1_IRQHandler
                0x08001fb4                I2C1_ER_IRQHandler
                0x08001fb4                LPTIM1_IRQHandler
                0x08001fb4                SAI1_IRQHandler
                0x08001fb4                DMA2_Channel3_IRQHandler
 *fill*         0x08001fb6        0x2 
 .text.HAL_Init
                0x08001fb8       0x40 ./Drivers/STM32WBxx_HAL_Driver/Src/stm32wbxx_hal.o
                0x08001fb8                HAL_Init
 .text.HAL_InitTick
                0x08001ff8       0x74 ./Drivers/STM32WBxx_HAL_Driver/Src/stm32wbxx_hal.o
                0x08001ff8                HAL_InitTick
 .text.HAL_IncTick
                0x0800206c       0x28 ./Drivers/STM32WBxx_HAL_Driver/Src/stm32wbxx_hal.o
                0x0800206c                HAL_IncTick
 .text.HAL_GetTick
                0x08002094       0x18 ./Drivers/STM32WBxx_HAL_Driver/Src/stm32wbxx_hal.o
                0x08002094                HAL_GetTick
 .text.HAL_GetTickPrio
                0x080020ac       0x18 ./Drivers/STM32WBxx_HAL_Driver/Src/stm32wbxx_hal.o
                0x080020ac                HAL_GetTickPrio
 .text.HAL_GetTickFreq
                0x080020c4       0x18 ./Drivers/STM32WBxx_HAL_Driver/Src/stm32wbxx_hal.o
                0x080020c4                HAL_GetTickFreq
 .text.__NVIC_SetPriorityGrouping
                0x080020dc       0x48 ./Drivers/STM32WBxx_HAL_Driver/Src/stm32wbxx_hal_cortex.o
 .text.__NVIC_GetPriorityGrouping
                0x08002124       0x1c ./Drivers/STM32WBxx_HAL_Driver/Src/stm32wbxx_hal_cortex.o
 .text.__NVIC_EnableIRQ
                0x08002140       0x3c ./Drivers/STM32WBxx_HAL_Driver/Src/stm32wbxx_hal_cortex.o
 .text.__NVIC_DisableIRQ
                0x0800217c       0x48 ./Drivers/STM32WBxx_HAL_Driver/Src/stm32wbxx_hal_cortex.o
 .text.__NVIC_SetPendingIRQ
                0x080021c4       0x3c ./Drivers/STM32WBxx_HAL_Driver/Src/stm32wbxx_hal_cortex.o
 .text.__NVIC_ClearPendingIRQ
                0x08002200       0x3c ./Drivers/STM32WBxx_HAL_Driver/Src/stm32wbxx_hal_cortex.o
 .text.__NVIC_SetPriority
                0x0800223c       0x54 ./Drivers/STM32WBxx_HAL_Driver/Src/stm32wbxx_hal_cortex.o
 .text.NVIC_EncodePriority
                0x08002290       0x66 ./Drivers/STM32WBxx_HAL_Driver/Src/stm32wbxx_hal_cortex.o
 *fill*         0x080022f6        0x2 
 .text.SysTick_Config
                0x080022f8       0x44 ./Drivers/STM32WBxx_HAL_Driver/Src/stm32wbxx_hal_cortex.o
 .text.HAL_NVIC_SetPriorityGrouping
                0x0800233c       0x16 ./Drivers/STM32WBxx_HAL_Driver/Src/stm32wbxx_hal_cortex.o
                0x0800233c                HAL_NVIC_SetPriorityGrouping
 .text.HAL_NVIC_SetPriority
                0x08002352       0x34 ./Drivers/STM32WBxx_HAL_Driver/Src/stm32wbxx_hal_cortex.o
                0x08002352                HAL_NVIC_SetPriority
 .text.HAL_NVIC_EnableIRQ
                0x08002386       0x1c ./Drivers/STM32WBxx_HAL_Driver/Src/stm32wbxx_hal_cortex.o
                0x08002386                HAL_NVIC_EnableIRQ
 .text.HAL_NVIC_DisableIRQ
                0x080023a2       0x1c ./Drivers/STM32WBxx_HAL_Driver/Src/stm32wbxx_hal_cortex.o
                0x080023a2                HAL_NVIC_DisableIRQ
 .text.HAL_SYSTICK_Config
                0x080023be       0x18 ./Drivers/STM32WBxx_HAL_Driver/Src/stm32wbxx_hal_cortex.o
                0x080023be                HAL_SYSTICK_Config
 .text.HAL_NVIC_SetPendingIRQ
                0x080023d6       0x1c ./Drivers/STM32WBxx_HAL_Driver/Src/stm32wbxx_hal_cortex.o
                0x080023d6                HAL_NVIC_SetPendingIRQ
 .text.HAL_NVIC_ClearPendingIRQ
                0x080023f2       0x1c ./Drivers/STM32WBxx_HAL_Driver/Src/stm32wbxx_hal_cortex.o
                0x080023f2                HAL_NVIC_ClearPendingIRQ
 *fill*         0x0800240e        0x2 
 .text.HAL_GPIO_Init
                0x08002410      0x2e0 ./Drivers/STM32WBxx_HAL_Driver/Src/stm32wbxx_hal_gpio.o
                0x08002410                HAL_GPIO_Init
 .text.HAL_HSEM_IRQHandler
                0x080026f0       0x34 ./Drivers/STM32WBxx_HAL_Driver/Src/stm32wbxx_hal_hsem.o
                0x080026f0                HAL_HSEM_IRQHandler
 .text.HAL_HSEM_FreeCallback
                0x08002724       0x14 ./Drivers/STM32WBxx_HAL_Driver/Src/stm32wbxx_hal_hsem.o
                0x08002724                HAL_HSEM_FreeCallback
 .text.HAL_I2C_Init
                0x08002738      0x136 ./Drivers/STM32WBxx_HAL_Driver/Src/stm32wbxx_hal_i2c.o
                0x08002738                HAL_I2C_Init
 *fill*         0x0800286e        0x2 
 .text.HAL_I2C_Mem_Write
                0x08002870      0x228 ./Drivers/STM32WBxx_HAL_Driver/Src/stm32wbxx_hal_i2c.o
                0x08002870                HAL_I2C_Mem_Write
 .text.HAL_I2C_Mem_Read
                0x08002a98      0x234 ./Drivers/STM32WBxx_HAL_Driver/Src/stm32wbxx_hal_i2c.o
                0x08002a98                HAL_I2C_Mem_Read
 .text.I2C_RequestMemoryWrite
                0x08002ccc       0xa8 ./Drivers/STM32WBxx_HAL_Driver/Src/stm32wbxx_hal_i2c.o
 .text.I2C_RequestMemoryRead
                0x08002d74       0xa8 ./Drivers/STM32WBxx_HAL_Driver/Src/stm32wbxx_hal_i2c.o
 .text.I2C_Flush_TXDR
                0x08002e1c       0x48 ./Drivers/STM32WBxx_HAL_Driver/Src/stm32wbxx_hal_i2c.o
 .text.I2C_WaitOnFlagUntilTimeout
                0x08002e64       0xb2 ./Drivers/STM32WBxx_HAL_Driver/Src/stm32wbxx_hal_i2c.o
 .text.I2C_WaitOnTXISFlagUntilTimeout
                0x08002f16       0x8e ./Drivers/STM32WBxx_HAL_Driver/Src/stm32wbxx_hal_i2c.o
 .text.I2C_WaitOnSTOPFlagUntilTimeout
                0x08002fa4       0x86 ./Drivers/STM32WBxx_HAL_Driver/Src/stm32wbxx_hal_i2c.o
 *fill*         0x0800302a        0x2 
 .text.I2C_IsErrorOccurred
                0x0800302c      0x1c0 ./Drivers/STM32WBxx_HAL_Driver/Src/stm32wbxx_hal_i2c.o
 .text.I2C_TransferConfig
                0x080031ec       0x64 ./Drivers/STM32WBxx_HAL_Driver/Src/stm32wbxx_hal_i2c.o
 .text.HAL_I2CEx_ConfigAnalogFilter
                0x08003250       0x96 ./Drivers/STM32WBxx_HAL_Driver/Src/stm32wbxx_hal_i2c_ex.o
                0x08003250                HAL_I2CEx_ConfigAnalogFilter
 .text.HAL_I2CEx_ConfigDigitalFilter
                0x080032e6       0x98 ./Drivers/STM32WBxx_HAL_Driver/Src/stm32wbxx_hal_i2c_ex.o
                0x080032e6                HAL_I2CEx_ConfigDigitalFilter
 *fill*         0x0800337e        0x2 
 .text.HAL_IPCC_Init
                0x08003380       0x64 ./Drivers/STM32WBxx_HAL_Driver/Src/stm32wbxx_hal_ipcc.o
                0x08003380                HAL_IPCC_Init
 .text.HAL_IPCC_RxCallback
                0x080033e4       0x1a ./Drivers/STM32WBxx_HAL_Driver/Src/stm32wbxx_hal_ipcc.o
                0x080033e4                HAL_IPCC_RxCallback
 .text.HAL_IPCC_TxCallback
                0x080033fe       0x1a ./Drivers/STM32WBxx_HAL_Driver/Src/stm32wbxx_hal_ipcc.o
                0x080033fe                HAL_IPCC_TxCallback
 .text.IPCC_SetDefaultCallbacks
                0x08003418       0x4c ./Drivers/STM32WBxx_HAL_Driver/Src/stm32wbxx_hal_ipcc.o
                0x08003418                IPCC_SetDefaultCallbacks
 .text.IPCC_Reset_Register
                0x08003464       0x28 ./Drivers/STM32WBxx_HAL_Driver/Src/stm32wbxx_hal_ipcc.o
                0x08003464                IPCC_Reset_Register
 .text.HAL_PWR_EnableBkUpAccess
                0x0800348c       0x20 ./Drivers/STM32WBxx_HAL_Driver/Src/stm32wbxx_hal_pwr.o
                0x0800348c                HAL_PWR_EnableBkUpAccess
 .text.HAL_PWREx_GetVoltageRange
                0x080034ac       0x1c ./Drivers/STM32WBxx_HAL_Driver/Src/stm32wbxx_hal_pwr_ex.o
                0x080034ac                HAL_PWREx_GetVoltageRange
 .text.LL_RCC_HSE_IsEnabledDiv2
                0x080034c8       0x24 ./Drivers/STM32WBxx_HAL_Driver/Src/stm32wbxx_hal_rcc.o
 .text.LL_RCC_HSE_Enable
                0x080034ec       0x1e ./Drivers/STM32WBxx_HAL_Driver/Src/stm32wbxx_hal_rcc.o
 .text.LL_RCC_HSE_Disable
                0x0800350a       0x1e ./Drivers/STM32WBxx_HAL_Driver/Src/stm32wbxx_hal_rcc.o
 .text.LL_RCC_HSE_IsReady
                0x08003528       0x24 ./Drivers/STM32WBxx_HAL_Driver/Src/stm32wbxx_hal_rcc.o
 .text.LL_RCC_HSI_Enable
                0x0800354c       0x1e ./Drivers/STM32WBxx_HAL_Driver/Src/stm32wbxx_hal_rcc.o
 .text.LL_RCC_HSI_Disable
                0x0800356a       0x1e ./Drivers/STM32WBxx_HAL_Driver/Src/stm32wbxx_hal_rcc.o
 .text.LL_RCC_HSI_IsReady
                0x08003588       0x24 ./Drivers/STM32WBxx_HAL_Driver/Src/stm32wbxx_hal_rcc.o
 .text.LL_RCC_HSI_SetCalibTrimming
                0x080035ac       0x2a ./Drivers/STM32WBxx_HAL_Driver/Src/stm32wbxx_hal_rcc.o
 .text.LL_RCC_HSI48_Enable
                0x080035d6       0x22 ./Drivers/STM32WBxx_HAL_Driver/Src/stm32wbxx_hal_rcc.o
 .text.LL_RCC_HSI48_Disable
                0x080035f8       0x22 ./Drivers/STM32WBxx_HAL_Driver/Src/stm32wbxx_hal_rcc.o
 .text.LL_RCC_HSI48_IsReady
                0x0800361a       0x24 ./Drivers/STM32WBxx_HAL_Driver/Src/stm32wbxx_hal_rcc.o
 .text.LL_RCC_LSE_Enable
                0x0800363e       0x22 ./Drivers/STM32WBxx_HAL_Driver/Src/stm32wbxx_hal_rcc.o
 .text.LL_RCC_LSE_Disable
                0x08003660       0x22 ./Drivers/STM32WBxx_HAL_Driver/Src/stm32wbxx_hal_rcc.o
 .text.LL_RCC_LSE_EnableBypass
                0x08003682       0x22 ./Drivers/STM32WBxx_HAL_Driver/Src/stm32wbxx_hal_rcc.o
 .text.LL_RCC_LSE_DisableBypass
                0x080036a4       0x22 ./Drivers/STM32WBxx_HAL_Driver/Src/stm32wbxx_hal_rcc.o
 .text.LL_RCC_LSE_IsReady
                0x080036c6       0x24 ./Drivers/STM32WBxx_HAL_Driver/Src/stm32wbxx_hal_rcc.o
 .text.LL_RCC_LSI1_Enable
                0x080036ea       0x22 ./Drivers/STM32WBxx_HAL_Driver/Src/stm32wbxx_hal_rcc.o
 .text.LL_RCC_LSI1_Disable
                0x0800370c       0x22 ./Drivers/STM32WBxx_HAL_Driver/Src/stm32wbxx_hal_rcc.o
 .text.LL_RCC_LSI1_IsReady
                0x0800372e       0x24 ./Drivers/STM32WBxx_HAL_Driver/Src/stm32wbxx_hal_rcc.o
 .text.LL_RCC_LSI2_Enable
                0x08003752       0x22 ./Drivers/STM32WBxx_HAL_Driver/Src/stm32wbxx_hal_rcc.o
 .text.LL_RCC_LSI2_Disable
                0x08003774       0x22 ./Drivers/STM32WBxx_HAL_Driver/Src/stm32wbxx_hal_rcc.o
 .text.LL_RCC_LSI2_IsReady
                0x08003796       0x24 ./Drivers/STM32WBxx_HAL_Driver/Src/stm32wbxx_hal_rcc.o
 .text.LL_RCC_LSI2_SetTrimming
                0x080037ba       0x2e ./Drivers/STM32WBxx_HAL_Driver/Src/stm32wbxx_hal_rcc.o
 .text.LL_RCC_MSI_Enable
                0x080037e8       0x1e ./Drivers/STM32WBxx_HAL_Driver/Src/stm32wbxx_hal_rcc.o
 .text.LL_RCC_MSI_Disable
                0x08003806       0x1e ./Drivers/STM32WBxx_HAL_Driver/Src/stm32wbxx_hal_rcc.o
 .text.LL_RCC_MSI_IsReady
                0x08003824       0x22 ./Drivers/STM32WBxx_HAL_Driver/Src/stm32wbxx_hal_rcc.o
 .text.LL_RCC_MSI_SetRange
                0x08003846       0x28 ./Drivers/STM32WBxx_HAL_Driver/Src/stm32wbxx_hal_rcc.o
 .text.LL_RCC_MSI_GetRange
                0x0800386e       0x2a ./Drivers/STM32WBxx_HAL_Driver/Src/stm32wbxx_hal_rcc.o
 .text.LL_RCC_MSI_SetCalibTrimming
                0x08003898       0x2a ./Drivers/STM32WBxx_HAL_Driver/Src/stm32wbxx_hal_rcc.o
 .text.LL_RCC_SetSysClkSource
                0x080038c2       0x28 ./Drivers/STM32WBxx_HAL_Driver/Src/stm32wbxx_hal_rcc.o
 .text.LL_RCC_GetSysClkSource
                0x080038ea       0x18 ./Drivers/STM32WBxx_HAL_Driver/Src/stm32wbxx_hal_rcc.o
 .text.LL_RCC_SetAHBPrescaler
                0x08003902       0x28 ./Drivers/STM32WBxx_HAL_Driver/Src/stm32wbxx_hal_rcc.o
 .text.LL_C2_RCC_SetAHBPrescaler
                0x0800392a       0x2c ./Drivers/STM32WBxx_HAL_Driver/Src/stm32wbxx_hal_rcc.o
 .text.LL_RCC_SetAHB4Prescaler
                0x08003956       0x2e ./Drivers/STM32WBxx_HAL_Driver/Src/stm32wbxx_hal_rcc.o
 .text.LL_RCC_SetAPB1Prescaler
                0x08003984       0x28 ./Drivers/STM32WBxx_HAL_Driver/Src/stm32wbxx_hal_rcc.o
 .text.LL_RCC_SetAPB2Prescaler
                0x080039ac       0x28 ./Drivers/STM32WBxx_HAL_Driver/Src/stm32wbxx_hal_rcc.o
 .text.LL_RCC_GetAHBPrescaler
                0x080039d4       0x18 ./Drivers/STM32WBxx_HAL_Driver/Src/stm32wbxx_hal_rcc.o
 .text.LL_RCC_GetAHB4Prescaler
                0x080039ec       0x1c ./Drivers/STM32WBxx_HAL_Driver/Src/stm32wbxx_hal_rcc.o
 .text.LL_RCC_PLL_Enable
                0x08003a08       0x1e ./Drivers/STM32WBxx_HAL_Driver/Src/stm32wbxx_hal_rcc.o
 .text.LL_RCC_PLL_Disable
                0x08003a26       0x1e ./Drivers/STM32WBxx_HAL_Driver/Src/stm32wbxx_hal_rcc.o
 .text.LL_RCC_PLL_IsReady
                0x08003a44       0x24 ./Drivers/STM32WBxx_HAL_Driver/Src/stm32wbxx_hal_rcc.o
 .text.LL_RCC_PLL_GetN
                0x08003a68       0x1a ./Drivers/STM32WBxx_HAL_Driver/Src/stm32wbxx_hal_rcc.o
 .text.LL_RCC_PLL_GetR
                0x08003a82       0x18 ./Drivers/STM32WBxx_HAL_Driver/Src/stm32wbxx_hal_rcc.o
 .text.LL_RCC_PLL_GetDivider
                0x08003a9a       0x18 ./Drivers/STM32WBxx_HAL_Driver/Src/stm32wbxx_hal_rcc.o
 .text.LL_RCC_PLL_GetMainSource
                0x08003ab2       0x18 ./Drivers/STM32WBxx_HAL_Driver/Src/stm32wbxx_hal_rcc.o
 .text.LL_RCC_IsActiveFlag_HPRE
                0x08003aca       0x24 ./Drivers/STM32WBxx_HAL_Driver/Src/stm32wbxx_hal_rcc.o
 .text.LL_RCC_IsActiveFlag_C2HPRE
                0x08003aee       0x26 ./Drivers/STM32WBxx_HAL_Driver/Src/stm32wbxx_hal_rcc.o
 .text.LL_RCC_IsActiveFlag_SHDHPRE
                0x08003b14       0x26 ./Drivers/STM32WBxx_HAL_Driver/Src/stm32wbxx_hal_rcc.o
 .text.LL_RCC_IsActiveFlag_PPRE1
                0x08003b3a       0x24 ./Drivers/STM32WBxx_HAL_Driver/Src/stm32wbxx_hal_rcc.o
 .text.LL_RCC_IsActiveFlag_PPRE2
                0x08003b5e       0x24 ./Drivers/STM32WBxx_HAL_Driver/Src/stm32wbxx_hal_rcc.o
 *fill*         0x08003b82        0x2 
 .text.HAL_RCC_OscConfig
                0x08003b84      0x6e8 ./Drivers/STM32WBxx_HAL_Driver/Src/stm32wbxx_hal_rcc.o
                0x08003b84                HAL_RCC_OscConfig
 .text.HAL_RCC_ClockConfig
                0x0800426c      0x280 ./Drivers/STM32WBxx_HAL_Driver/Src/stm32wbxx_hal_rcc.o
                0x0800426c                HAL_RCC_ClockConfig
 .text.HAL_RCC_GetSysClockFreq
                0x080044ec       0xd8 ./Drivers/STM32WBxx_HAL_Driver/Src/stm32wbxx_hal_rcc.o
                0x080044ec                HAL_RCC_GetSysClockFreq
 .text.HAL_RCC_GetHCLKFreq
                0x080045c4       0x28 ./Drivers/STM32WBxx_HAL_Driver/Src/stm32wbxx_hal_rcc.o
                0x080045c4                HAL_RCC_GetHCLKFreq
 .text.RCC_SetFlashLatencyFromMSIRange
                0x080045ec       0x70 ./Drivers/STM32WBxx_HAL_Driver/Src/stm32wbxx_hal_rcc.o
 .text.RCC_SetFlashLatency
                0x0800465c       0xf8 ./Drivers/STM32WBxx_HAL_Driver/Src/stm32wbxx_hal_rcc.o
 .text.LL_RCC_LSE_IsEnabled
                0x08004754       0x24 ./Drivers/STM32WBxx_HAL_Driver/Src/stm32wbxx_hal_rcc_ex.o
 .text.LL_RCC_LSE_IsReady
                0x08004778       0x24 ./Drivers/STM32WBxx_HAL_Driver/Src/stm32wbxx_hal_rcc_ex.o
 .text.LL_RCC_SetRFWKPClockSource
                0x0800479c       0x2c ./Drivers/STM32WBxx_HAL_Driver/Src/stm32wbxx_hal_rcc_ex.o
 .text.LL_RCC_SetSMPSClockSource
                0x080047c8       0x28 ./Drivers/STM32WBxx_HAL_Driver/Src/stm32wbxx_hal_rcc_ex.o
 .text.LL_RCC_SetSMPSPrescaler
                0x080047f0       0x28 ./Drivers/STM32WBxx_HAL_Driver/Src/stm32wbxx_hal_rcc_ex.o
 .text.LL_RCC_SetUSARTClockSource
                0x08004818       0x2c ./Drivers/STM32WBxx_HAL_Driver/Src/stm32wbxx_hal_rcc_ex.o
 .text.LL_RCC_SetLPUARTClockSource
                0x08004844       0x2c ./Drivers/STM32WBxx_HAL_Driver/Src/stm32wbxx_hal_rcc_ex.o
 .text.LL_RCC_SetI2CClockSource
                0x08004870       0x3a ./Drivers/STM32WBxx_HAL_Driver/Src/stm32wbxx_hal_rcc_ex.o
 .text.LL_RCC_SetLPTIMClockSource
                0x080048aa       0x34 ./Drivers/STM32WBxx_HAL_Driver/Src/stm32wbxx_hal_rcc_ex.o
 .text.LL_RCC_SetSAIClockSource
                0x080048de       0x2c ./Drivers/STM32WBxx_HAL_Driver/Src/stm32wbxx_hal_rcc_ex.o
 .text.LL_RCC_SetRNGClockSource
                0x0800490a       0x2c ./Drivers/STM32WBxx_HAL_Driver/Src/stm32wbxx_hal_rcc_ex.o
 .text.LL_RCC_SetCLK48ClockSource
                0x08004936       0x2c ./Drivers/STM32WBxx_HAL_Driver/Src/stm32wbxx_hal_rcc_ex.o
 .text.LL_RCC_SetUSBClockSource
                0x08004962       0x16 ./Drivers/STM32WBxx_HAL_Driver/Src/stm32wbxx_hal_rcc_ex.o
 .text.LL_RCC_SetADCClockSource
                0x08004978       0x2c ./Drivers/STM32WBxx_HAL_Driver/Src/stm32wbxx_hal_rcc_ex.o
 .text.LL_RCC_SetRTCClockSource
                0x080049a4       0x2c ./Drivers/STM32WBxx_HAL_Driver/Src/stm32wbxx_hal_rcc_ex.o
 .text.LL_RCC_GetRTCClockSource
                0x080049d0       0x1a ./Drivers/STM32WBxx_HAL_Driver/Src/stm32wbxx_hal_rcc_ex.o
 .text.LL_RCC_ForceBackupDomainReset
                0x080049ea       0x22 ./Drivers/STM32WBxx_HAL_Driver/Src/stm32wbxx_hal_rcc_ex.o
 .text.LL_RCC_ReleaseBackupDomainReset
                0x08004a0c       0x22 ./Drivers/STM32WBxx_HAL_Driver/Src/stm32wbxx_hal_rcc_ex.o
 .text.LL_RCC_PLLSAI1_Enable
                0x08004a2e       0x1e ./Drivers/STM32WBxx_HAL_Driver/Src/stm32wbxx_hal_rcc_ex.o
 .text.LL_RCC_PLLSAI1_Disable
                0x08004a4c       0x1e ./Drivers/STM32WBxx_HAL_Driver/Src/stm32wbxx_hal_rcc_ex.o
 .text.LL_RCC_PLLSAI1_IsReady
                0x08004a6a       0x24 ./Drivers/STM32WBxx_HAL_Driver/Src/stm32wbxx_hal_rcc_ex.o
 .text.HAL_RCCEx_PeriphCLKConfig
                0x08004a8e      0x2ec ./Drivers/STM32WBxx_HAL_Driver/Src/stm32wbxx_hal_rcc_ex.o
                0x08004a8e                HAL_RCCEx_PeriphCLKConfig
 .text.RCCEx_PLLSAI1_ConfigNP
                0x08004d7a       0xb6 ./Drivers/STM32WBxx_HAL_Driver/Src/stm32wbxx_hal_rcc_ex.o
 .text.RCCEx_PLLSAI1_ConfigNQ
                0x08004e30       0xb6 ./Drivers/STM32WBxx_HAL_Driver/Src/stm32wbxx_hal_rcc_ex.o
 .text.RCCEx_PLLSAI1_ConfigNR
                0x08004ee6       0xb6 ./Drivers/STM32WBxx_HAL_Driver/Src/stm32wbxx_hal_rcc_ex.o
 .text.HAL_RTC_Init
                0x08004f9c      0x160 ./Drivers/STM32WBxx_HAL_Driver/Src/stm32wbxx_hal_rtc.o
                0x08004f9c                HAL_RTC_Init
 .text.HAL_RTC_WaitForSynchro
                0x080050fc       0x4c ./Drivers/STM32WBxx_HAL_Driver/Src/stm32wbxx_hal_rtc.o
                0x080050fc                HAL_RTC_WaitForSynchro
 .text.RTC_EnterInitMode
                0x08005148       0x54 ./Drivers/STM32WBxx_HAL_Driver/Src/stm32wbxx_hal_rtc.o
                0x08005148                RTC_EnterInitMode
 .text.HAL_RTCEx_SetWakeUpTimer_IT
                0x0800519c      0x178 ./Drivers/STM32WBxx_HAL_Driver/Src/stm32wbxx_hal_rtc_ex.o
                0x0800519c                HAL_RTCEx_SetWakeUpTimer_IT
 .text.aci_gap_set_non_discoverable
                0x08005314       0x48 ./Middlewares/ST/STM32_WPAN/ble/core/auto/ble_gap_aci.o
                0x08005314                aci_gap_set_non_discoverable
 .text.aci_gap_set_discoverable
                0x0800535c      0x1f4 ./Middlewares/ST/STM32_WPAN/ble/core/auto/ble_gap_aci.o
                0x0800535c                aci_gap_set_discoverable
 .text.aci_gap_set_io_capability
                0x08005550       0xa8 ./Middlewares/ST/STM32_WPAN/ble/core/auto/ble_gap_aci.o
                0x08005550                aci_gap_set_io_capability
 .text.aci_gap_set_authentication_requirement
                0x080055f8      0x188 ./Middlewares/ST/STM32_WPAN/ble/core/auto/ble_gap_aci.o
                0x080055f8                aci_gap_set_authentication_requirement
 .text.aci_gap_pass_key_resp
                0x08005780       0xce ./Middlewares/ST/STM32_WPAN/ble/core/auto/ble_gap_aci.o
                0x08005780                aci_gap_pass_key_resp
 .text.aci_gap_init
                0x0800584e      0x15a ./Middlewares/ST/STM32_WPAN/ble/core/auto/ble_gap_aci.o
                0x0800584e                aci_gap_init
 .text.aci_gap_update_adv_data
                0x080059a8       0xe4 ./Middlewares/ST/STM32_WPAN/ble/core/auto/ble_gap_aci.o
                0x080059a8                aci_gap_update_adv_data
 .text.aci_gap_configure_filter_accept_list
                0x08005a8c       0x48 ./Middlewares/ST/STM32_WPAN/ble/core/auto/ble_gap_aci.o
                0x08005a8c                aci_gap_configure_filter_accept_list
 .text.aci_gap_numeric_comparison_value_confirm_yesno
                0x08005ad4       0xce ./Middlewares/ST/STM32_WPAN/ble/core/auto/ble_gap_aci.o
                0x08005ad4                aci_gap_numeric_comparison_value_confirm_yesno
 .text.aci_gatt_init
                0x08005ba2       0x4a ./Middlewares/ST/STM32_WPAN/ble/core/auto/ble_gatt_aci.o
                0x08005ba2                aci_gatt_init
 .text.aci_gatt_add_service
                0x08005bec      0x1ac ./Middlewares/ST/STM32_WPAN/ble/core/auto/ble_gatt_aci.o
                0x08005bec                aci_gatt_add_service
 .text.aci_gatt_add_char
                0x08005d98      0x210 ./Middlewares/ST/STM32_WPAN/ble/core/auto/ble_gatt_aci.o
                0x08005d98                aci_gatt_add_char
 .text.aci_gatt_update_char_value
                0x08005fa8      0x152 ./Middlewares/ST/STM32_WPAN/ble/core/auto/ble_gatt_aci.o
                0x08005fa8                aci_gatt_update_char_value
 .text.aci_gatt_confirm_indication
                0x080060fa       0xaa ./Middlewares/ST/STM32_WPAN/ble/core/auto/ble_gatt_aci.o
                0x080060fa                aci_gatt_confirm_indication
 .text.aci_gatt_allow_read
                0x080061a4       0xaa ./Middlewares/ST/STM32_WPAN/ble/core/auto/ble_gatt_aci.o
                0x080061a4                aci_gatt_allow_read
 .text.aci_gatt_update_char_value_ext
                0x0800624e      0x186 ./Middlewares/ST/STM32_WPAN/ble/core/auto/ble_gatt_aci.o
                0x0800624e                aci_gatt_update_char_value_ext
 .text.aci_hal_write_config_data
                0x080063d4      0x10a ./Middlewares/ST/STM32_WPAN/ble/core/auto/ble_hal_aci.o
                0x080063d4                aci_hal_write_config_data
 .text.aci_hal_set_tx_power_level
                0x080064de       0xce ./Middlewares/ST/STM32_WPAN/ble/core/auto/ble_hal_aci.o
                0x080064de                aci_hal_set_tx_power_level
 .text.aci_hal_set_radio_activity_mask
                0x080065ac       0xa8 ./Middlewares/ST/STM32_WPAN/ble/core/auto/ble_hal_aci.o
                0x080065ac                aci_hal_set_radio_activity_mask
 .text.hci_reset
                0x08006654       0x48 ./Middlewares/ST/STM32_WPAN/ble/core/auto/ble_hci_le.o
                0x08006654                hci_reset
 .text.hci_le_set_default_phy
                0x0800669c       0xfa ./Middlewares/ST/STM32_WPAN/ble/core/auto/ble_hci_le.o
                0x0800669c                hci_le_set_default_phy
 .text.Osal_MemCpy
                0x08006796       0x20 ./Middlewares/ST/STM32_WPAN/ble/core/template/osal.o
                0x08006796                Osal_MemCpy
 .text.Osal_MemSet
                0x080067b6       0x20 ./Middlewares/ST/STM32_WPAN/ble/core/template/osal.o
                0x080067b6                Osal_MemSet
 .text.BAS_Init
                0x080067d6        0xe ./Middlewares/ST/STM32_WPAN/ble/svc/Src/svc_ctl.o
                0x080067d6                BAS_Init
 .text.BLS_Init
                0x080067e4        0xe ./Middlewares/ST/STM32_WPAN/ble/svc/Src/svc_ctl.o
                0x080067e4                BLS_Init
 .text.CRS_STM_Init
                0x080067f2        0xe ./Middlewares/ST/STM32_WPAN/ble/svc/Src/svc_ctl.o
                0x080067f2                CRS_STM_Init
 .text.DIS_Init
                0x08006800        0xe ./Middlewares/ST/STM32_WPAN/ble/svc/Src/svc_ctl.o
                0x08006800                DIS_Init
 .text.EDS_STM_Init
                0x0800680e        0xe ./Middlewares/ST/STM32_WPAN/ble/svc/Src/svc_ctl.o
                0x0800680e                EDS_STM_Init
 .text.HIDS_Init
                0x0800681c        0xe ./Middlewares/ST/STM32_WPAN/ble/svc/Src/svc_ctl.o
                0x0800681c                HIDS_Init
 .text.HRS_Init
                0x0800682a        0xe ./Middlewares/ST/STM32_WPAN/ble/svc/Src/svc_ctl.o
                0x0800682a                HRS_Init
 .text.HTS_Init
                0x08006838        0xe ./Middlewares/ST/STM32_WPAN/ble/svc/Src/svc_ctl.o
                0x08006838                HTS_Init
 .text.IAS_Init
                0x08006846        0xe ./Middlewares/ST/STM32_WPAN/ble/svc/Src/svc_ctl.o
                0x08006846                IAS_Init
 .text.LLS_Init
                0x08006854        0xe ./Middlewares/ST/STM32_WPAN/ble/svc/Src/svc_ctl.o
                0x08006854                LLS_Init
 .text.TPS_Init
                0x08006862        0xe ./Middlewares/ST/STM32_WPAN/ble/svc/Src/svc_ctl.o
                0x08006862                TPS_Init
 .text.MOTENV_STM_Init
                0x08006870        0xe ./Middlewares/ST/STM32_WPAN/ble/svc/Src/svc_ctl.o
                0x08006870                MOTENV_STM_Init
 .text.P2PS_STM_Init
                0x0800687e        0xe ./Middlewares/ST/STM32_WPAN/ble/svc/Src/svc_ctl.o
                0x0800687e                P2PS_STM_Init
 .text.ZDD_STM_Init
                0x0800688c        0xe ./Middlewares/ST/STM32_WPAN/ble/svc/Src/svc_ctl.o
                0x0800688c                ZDD_STM_Init
 .text.OTAS_STM_Init
                0x0800689a        0xe ./Middlewares/ST/STM32_WPAN/ble/svc/Src/svc_ctl.o
                0x0800689a                OTAS_STM_Init
 .text.MESH_Init
                0x080068a8        0xe ./Middlewares/ST/STM32_WPAN/ble/svc/Src/svc_ctl.o
                0x080068a8                MESH_Init
 .text.BVOPUS_STM_Init
                0x080068b6        0xe ./Middlewares/ST/STM32_WPAN/ble/svc/Src/svc_ctl.o
                0x080068b6                BVOPUS_STM_Init
 .text.SVCCTL_Init
                0x080068c4       0x20 ./Middlewares/ST/STM32_WPAN/ble/svc/Src/svc_ctl.o
                0x080068c4                SVCCTL_Init
 .text.SVCCTL_SvcInit
                0x080068e4       0x50 ./Middlewares/ST/STM32_WPAN/ble/svc/Src/svc_ctl.o
                0x080068e4                SVCCTL_SvcInit
 .text.SVCCTL_RegisterSvcHandler
                0x08006934       0x34 ./Middlewares/ST/STM32_WPAN/ble/svc/Src/svc_ctl.o
                0x08006934                SVCCTL_RegisterSvcHandler
 .text.SVCCTL_UserEvtRx
                0x08006968       0xe0 ./Middlewares/ST/STM32_WPAN/ble/svc/Src/svc_ctl.o
                0x08006968                SVCCTL_UserEvtRx
 .text.SHCI_C2_BLE_Init
                0x08006a48       0x2e ./Middlewares/ST/STM32_WPAN/interface/patterns/ble_thread/shci/shci.o
                0x08006a48                SHCI_C2_BLE_Init
 .text.SHCI_C2_DEBUG_Init
                0x08006a76       0x2e ./Middlewares/ST/STM32_WPAN/interface/patterns/ble_thread/shci/shci.o
                0x08006a76                SHCI_C2_DEBUG_Init
 .text.SHCI_C2_Config
                0x08006aa4       0x2a ./Middlewares/ST/STM32_WPAN/interface/patterns/ble_thread/shci/shci.o
                0x08006aa4                SHCI_C2_Config
 *fill*         0x08006ace        0x2 
 .text.SHCI_GetWirelessFwInfo
                0x08006ad0      0x15c ./Middlewares/ST/STM32_WPAN/interface/patterns/ble_thread/shci/shci.o
                0x08006ad0                SHCI_GetWirelessFwInfo
 .text.hci_init
                0x08006c2c       0x38 ./Middlewares/ST/STM32_WPAN/interface/patterns/ble_thread/tl/hci_tl.o
                0x08006c2c                hci_init
 .text.hci_user_evt_proc
                0x08006c64       0x9c ./Middlewares/ST/STM32_WPAN/interface/patterns/ble_thread/tl/hci_tl.o
                0x08006c64                hci_user_evt_proc
 .text.hci_send_req
                0x08006d00      0x108 ./Middlewares/ST/STM32_WPAN/interface/patterns/ble_thread/tl/hci_tl.o
                0x08006d00                hci_send_req
 .text.TlInit   0x08006e08       0x60 ./Middlewares/ST/STM32_WPAN/interface/patterns/ble_thread/tl/hci_tl.o
 .text.SendCmd  0x08006e68       0x4c ./Middlewares/ST/STM32_WPAN/interface/patterns/ble_thread/tl/hci_tl.o
 .text.NotifyCmdStatus
                0x08006eb4       0x40 ./Middlewares/ST/STM32_WPAN/interface/patterns/ble_thread/tl/hci_tl.o
 .text.TlEvtReceived
                0x08006ef4       0x48 ./Middlewares/ST/STM32_WPAN/interface/patterns/ble_thread/tl/hci_tl.o
 .text.hci_register_io_bus
                0x08006f3c       0x28 ./Middlewares/ST/STM32_WPAN/interface/patterns/ble_thread/tl/hci_tl_if.o
                0x08006f3c                hci_register_io_bus
 .text.shci_init
                0x08006f64       0x38 ./Middlewares/ST/STM32_WPAN/interface/patterns/ble_thread/tl/shci_tl.o
                0x08006f64                shci_init
 .text.shci_user_evt_proc
                0x08006f9c       0x9c ./Middlewares/ST/STM32_WPAN/interface/patterns/ble_thread/tl/shci_tl.o
                0x08006f9c                shci_user_evt_proc
 .text.shci_send
                0x08007038       0x84 ./Middlewares/ST/STM32_WPAN/interface/patterns/ble_thread/tl/shci_tl.o
                0x08007038                shci_send
 .text.TlInit   0x080070bc       0x64 ./Middlewares/ST/STM32_WPAN/interface/patterns/ble_thread/tl/shci_tl.o
 .text.Cmd_SetStatus
                0x08007120       0x50 ./Middlewares/ST/STM32_WPAN/interface/patterns/ble_thread/tl/shci_tl.o
 .text.TlCmdEvtReceived
                0x08007170       0x16 ./Middlewares/ST/STM32_WPAN/interface/patterns/ble_thread/tl/shci_tl.o
 *fill*         0x08007186        0x2 
 .text.TlUserEvtReceived
                0x08007188       0x24 ./Middlewares/ST/STM32_WPAN/interface/patterns/ble_thread/tl/shci_tl.o
 .text.shci_register_io_bus
                0x080071ac       0x28 ./Middlewares/ST/STM32_WPAN/interface/patterns/ble_thread/tl/shci_tl_if.o
                0x080071ac                shci_register_io_bus
 .text.TL_Enable
                0x080071d4        0xc ./Middlewares/ST/STM32_WPAN/interface/patterns/ble_thread/tl/tl_mbox.o
                0x080071d4                TL_Enable
 .text.TL_Init  0x080071e0       0x74 ./Middlewares/ST/STM32_WPAN/interface/patterns/ble_thread/tl/tl_mbox.o
                0x080071e0                TL_Init
 .text.TL_BLE_Init
                0x08007254       0x68 ./Middlewares/ST/STM32_WPAN/interface/patterns/ble_thread/tl/tl_mbox.o
                0x08007254                TL_BLE_Init
 .text.TL_BLE_SendCmd
                0x080072bc       0x38 ./Middlewares/ST/STM32_WPAN/interface/patterns/ble_thread/tl/tl_mbox.o
                0x080072bc                TL_BLE_SendCmd
 .text.HW_IPCC_BLE_RxEvtNot
                0x080072f4       0x60 ./Middlewares/ST/STM32_WPAN/interface/patterns/ble_thread/tl/tl_mbox.o
                0x080072f4                HW_IPCC_BLE_RxEvtNot
 .text.HW_IPCC_BLE_AclDataAckNot
                0x08007354       0x14 ./Middlewares/ST/STM32_WPAN/interface/patterns/ble_thread/tl/tl_mbox.o
                0x08007354                HW_IPCC_BLE_AclDataAckNot
 .text.TL_SYS_Init
                0x08007368       0x54 ./Middlewares/ST/STM32_WPAN/interface/patterns/ble_thread/tl/tl_mbox.o
                0x08007368                TL_SYS_Init
 .text.TL_SYS_SendCmd
                0x080073bc       0x38 ./Middlewares/ST/STM32_WPAN/interface/patterns/ble_thread/tl/tl_mbox.o
                0x080073bc                TL_SYS_SendCmd
 .text.HW_IPCC_SYS_CmdEvtNot
                0x080073f4       0x2c ./Middlewares/ST/STM32_WPAN/interface/patterns/ble_thread/tl/tl_mbox.o
                0x080073f4                HW_IPCC_SYS_CmdEvtNot
 .text.HW_IPCC_SYS_EvtNot
                0x08007420       0x44 ./Middlewares/ST/STM32_WPAN/interface/patterns/ble_thread/tl/tl_mbox.o
                0x08007420                HW_IPCC_SYS_EvtNot
 .text.TL_MM_Init
                0x08007464       0x78 ./Middlewares/ST/STM32_WPAN/interface/patterns/ble_thread/tl/tl_mbox.o
                0x08007464                TL_MM_Init
 .text.TL_MM_EvtDone
                0x080074dc       0x30 ./Middlewares/ST/STM32_WPAN/interface/patterns/ble_thread/tl/tl_mbox.o
                0x080074dc                TL_MM_EvtDone
 .text.SendFreeBuf
                0x0800750c       0x40 ./Middlewares/ST/STM32_WPAN/interface/patterns/ble_thread/tl/tl_mbox.o
 .text.TL_TRACES_Init
                0x0800754c       0x24 ./Middlewares/ST/STM32_WPAN/interface/patterns/ble_thread/tl/tl_mbox.o
                0x0800754c                TL_TRACES_Init
 .text.HW_IPCC_TRACES_EvtNot
                0x08007570       0x34 ./Middlewares/ST/STM32_WPAN/interface/patterns/ble_thread/tl/tl_mbox.o
                0x08007570                HW_IPCC_TRACES_EvtNot
 .text.TL_TRACES_EvtReceived
                0x080075a4       0x14 ./Middlewares/ST/STM32_WPAN/interface/patterns/ble_thread/tl/tl_mbox.o
                0x080075a4                TL_TRACES_EvtReceived
 .text.OutputDbgTrace
                0x080075b8       0xac ./Middlewares/ST/STM32_WPAN/interface/patterns/ble_thread/tl/tl_mbox.o
 .text.OTP_Read
                0x08007664       0x50 ./Middlewares/ST/STM32_WPAN/utilities/otp.o
                0x08007664                OTP_Read
 .text.LST_init_head
                0x080076b4       0x20 ./Middlewares/ST/STM32_WPAN/utilities/stm_list.o
                0x080076b4                LST_init_head
 .text.LST_is_empty
                0x080076d4       0x44 ./Middlewares/ST/STM32_WPAN/utilities/stm_list.o
                0x080076d4                LST_is_empty
 .text.LST_insert_head
                0x08007718       0x4c ./Middlewares/ST/STM32_WPAN/utilities/stm_list.o
                0x08007718                LST_insert_head
 .text.LST_insert_tail
                0x08007764       0x4c ./Middlewares/ST/STM32_WPAN/utilities/stm_list.o
                0x08007764                LST_insert_tail
 .text.LST_remove_node
                0x080077b0       0x42 ./Middlewares/ST/STM32_WPAN/utilities/stm_list.o
                0x080077b0                LST_remove_node
 .text.LST_remove_head
                0x080077f2       0x3e ./Middlewares/ST/STM32_WPAN/utilities/stm_list.o
                0x080077f2                LST_remove_head
 .text.LL_FLASH_GetUDN
                0x08007830       0x18 ./STM32_WPAN/App/app_ble.o
 .text.LL_FLASH_GetDeviceID
                0x08007848       0x18 ./STM32_WPAN/App/app_ble.o
 .text.LL_FLASH_GetSTCompanyID
                0x08007860       0x18 ./STM32_WPAN/App/app_ble.o
 .text.APP_BLE_Init
                0x08007878       0xb4 ./STM32_WPAN/App/app_ble.o
                0x08007878                APP_BLE_Init
 .text.SVCCTL_App_Notification
                0x0800792c      0x1b8 ./STM32_WPAN/App/app_ble.o
                0x0800792c                SVCCTL_App_Notification
 .text.Ble_Tl_Init
                0x08007ae4       0x2c ./STM32_WPAN/App/app_ble.o
 .text.Ble_Hci_Gap_Gatt_Init
                0x08007b10      0x168 ./STM32_WPAN/App/app_ble.o
 .text.Adv_Request
                0x08007c78       0x60 ./STM32_WPAN/App/app_ble.o
 .text.BleGetBdAddress
                0x08007cd8       0x88 ./STM32_WPAN/App/app_ble.o
 .text.Adv_Cancel
                0x08007d60       0x34 ./STM32_WPAN/App/app_ble.o
 .text.hci_notify_asynch_evt
                0x08007d94       0x18 ./STM32_WPAN/App/app_ble.o
                0x08007d94                hci_notify_asynch_evt
 .text.hci_cmd_resp_release
                0x08007dac       0x16 ./STM32_WPAN/App/app_ble.o
                0x08007dac                hci_cmd_resp_release
 .text.hci_cmd_resp_wait
                0x08007dc2       0x16 ./STM32_WPAN/App/app_ble.o
                0x08007dc2                hci_cmd_resp_wait
 .text.BLE_UserEvtRx
                0x08007dd8       0x38 ./STM32_WPAN/App/app_ble.o
 .text.BLE_StatusNot
                0x08007e10       0x36 ./STM32_WPAN/App/app_ble.o
 *fill*         0x08007e46        0x2 
 .text.Custom_STM_App_Notification
                0x08007e48       0xc4 ./STM32_WPAN/App/custom_app.o
                0x08007e48                Custom_STM_App_Notification
 .text.Custom_APP_Notification
                0x08007f0c       0x54 ./STM32_WPAN/App/custom_app.o
                0x08007f0c                Custom_APP_Notification
 .text.Custom_APP_Init
                0x08007f60       0x80 ./STM32_WPAN/App/custom_app.o
                0x08007f60                Custom_APP_Init
 .text.Custom_Bhw_Send_Notification
                0x08007fe0      0x2cc ./STM32_WPAN/App/custom_app.o
 .text.Custom_Bhr_Send_Notification
                0x080082ac       0x64 ./STM32_WPAN/App/custom_app.o
 .text.Custom_Bhrv_Send_Notification
                0x08008310       0x4c ./STM32_WPAN/App/custom_app.o
 .text.BhwMeas_PeriodicTask
                0x0800835c       0x12 ./STM32_WPAN/App/custom_app.o
 .text.FastMeas_PeriodicTask
                0x0800836e       0x12 ./STM32_WPAN/App/custom_app.o
 .text.Custom_Fast_Send_Notification
                0x08008380       0x24 ./STM32_WPAN/App/custom_app.o
 .text.Custom_STM_Event_Handler
                0x080083a4      0x360 ./STM32_WPAN/App/custom_stm.o
 .text.SVCCTL_InitCustomSvc
                0x08008704      0x15c ./STM32_WPAN/App/custom_stm.o
                0x08008704                SVCCTL_InitCustomSvc
 .text.Custom_STM_App_Update_Char
                0x08008860       0xa0 ./STM32_WPAN/App/custom_stm.o
                0x08008860                Custom_STM_App_Update_Char
 .text.Custom_STM_App_Update_Char_Ext
                0x08008900       0x94 ./STM32_WPAN/App/custom_stm.o
                0x08008900                Custom_STM_App_Update_Char_Ext
 .text.Generic_STM_App_Update_Char_Ext
                0x08008994       0xd0 ./STM32_WPAN/App/custom_stm.o
 .text.LL_PWR_EnableBootC2
                0x08008a64       0x20 ./STM32_WPAN/Target/hw_ipcc.o
 .text.LL_C2_EXTI_EnableEvent_32_63
                0x08008a84       0x28 ./STM32_WPAN/Target/hw_ipcc.o
 .text.LL_EXTI_EnableRisingTrig_32_63
                0x08008aac       0x24 ./STM32_WPAN/Target/hw_ipcc.o
 .text.LL_AHB3_GRP1_EnableClock
                0x08008ad0       0x32 ./STM32_WPAN/Target/hw_ipcc.o
 .text.LL_C2_AHB3_GRP1_EnableClock
                0x08008b02       0x38 ./STM32_WPAN/Target/hw_ipcc.o
 .text.LL_C1_IPCC_EnableIT_TXF
                0x08008b3a       0x20 ./STM32_WPAN/Target/hw_ipcc.o
 .text.LL_C1_IPCC_EnableIT_RXO
                0x08008b5a       0x20 ./STM32_WPAN/Target/hw_ipcc.o
 .text.LL_C1_IPCC_EnableTransmitChannel
                0x08008b7a       0x26 ./STM32_WPAN/Target/hw_ipcc.o
 .text.LL_C1_IPCC_DisableTransmitChannel
                0x08008ba0       0x24 ./STM32_WPAN/Target/hw_ipcc.o
 .text.LL_C1_IPCC_EnableReceiveChannel
                0x08008bc4       0x24 ./STM32_WPAN/Target/hw_ipcc.o
 .text.LL_C1_IPCC_ClearFlag_CHx
                0x08008be8       0x1c ./STM32_WPAN/Target/hw_ipcc.o
 .text.LL_C1_IPCC_SetFlag_CHx
                0x08008c04       0x1e ./STM32_WPAN/Target/hw_ipcc.o
 .text.LL_C1_IPCC_IsActiveFlag_CHx
                0x08008c22       0x2a ./STM32_WPAN/Target/hw_ipcc.o
 .text.LL_C2_IPCC_IsActiveFlag_CHx
                0x08008c4c       0x2a ./STM32_WPAN/Target/hw_ipcc.o
 *fill*         0x08008c76        0x2 
 .text.HW_IPCC_Rx_Handler
                0x08008c78       0x6c ./STM32_WPAN/Target/hw_ipcc.o
                0x08008c78                HW_IPCC_Rx_Handler
 .text.HW_IPCC_Tx_Handler
                0x08008ce4       0x6c ./STM32_WPAN/Target/hw_ipcc.o
                0x08008ce4                HW_IPCC_Tx_Handler
 .text.HW_IPCC_Enable
                0x08008d50       0x28 ./STM32_WPAN/Target/hw_ipcc.o
                0x08008d50                HW_IPCC_Enable
 .text.HW_IPCC_Init
                0x08008d78       0x2c ./STM32_WPAN/Target/hw_ipcc.o
                0x08008d78                HW_IPCC_Init
 .text.HW_IPCC_BLE_Init
                0x08008da4       0x14 ./STM32_WPAN/Target/hw_ipcc.o
                0x08008da4                HW_IPCC_BLE_Init
 .text.HW_IPCC_BLE_SendCmd
                0x08008db8       0x14 ./STM32_WPAN/Target/hw_ipcc.o
                0x08008db8                HW_IPCC_BLE_SendCmd
 .text.HW_IPCC_BLE_EvtHandler
                0x08008dcc       0x18 ./STM32_WPAN/Target/hw_ipcc.o
 .text.HW_IPCC_BLE_AclDataEvtHandler
                0x08008de4       0x18 ./STM32_WPAN/Target/hw_ipcc.o
 .text.HW_IPCC_SYS_Init
                0x08008dfc       0x14 ./STM32_WPAN/Target/hw_ipcc.o
                0x08008dfc                HW_IPCC_SYS_Init
 .text.HW_IPCC_SYS_SendCmd
                0x08008e10       0x1c ./STM32_WPAN/Target/hw_ipcc.o
                0x08008e10                HW_IPCC_SYS_SendCmd
 .text.HW_IPCC_SYS_CmdEvtHandler
                0x08008e2c       0x18 ./STM32_WPAN/Target/hw_ipcc.o
 .text.HW_IPCC_SYS_EvtHandler
                0x08008e44       0x18 ./STM32_WPAN/Target/hw_ipcc.o
 .text.HW_IPCC_MM_SendFreeBuf
                0x08008e5c       0x44 ./STM32_WPAN/Target/hw_ipcc.o
                0x08008e5c                HW_IPCC_MM_SendFreeBuf
 .text.HW_IPCC_MM_FreeBufHandler
                0x08008ea0       0x28 ./STM32_WPAN/Target/hw_ipcc.o
 .text.HW_IPCC_TRACES_Init
                0x08008ec8       0x14 ./STM32_WPAN/Target/hw_ipcc.o
                0x08008ec8                HW_IPCC_TRACES_Init
 .text.HW_IPCC_TRACES_EvtHandler
                0x08008edc       0x18 ./STM32_WPAN/Target/hw_ipcc.o
 .text.UTIL_LPM_Init
                0x08008ef4       0x24 ./Utilities/lpm/tiny_lpm/stm32_lpm.o
                0x08008ef4                UTIL_LPM_Init
 .text.UTIL_LPM_SetOffMode
                0x08008f18       0x60 ./Utilities/lpm/tiny_lpm/stm32_lpm.o
                0x08008f18                UTIL_LPM_SetOffMode
 .text.UTIL_SEQ_Run
                0x08008f78      0x1f8 ./Utilities/sequencer/stm32_seq.o
                0x08008f78                UTIL_SEQ_Run
 .text.UTIL_SEQ_RegTask
                0x08009170       0x44 ./Utilities/sequencer/stm32_seq.o
                0x08009170                UTIL_SEQ_RegTask
 .text.UTIL_SEQ_SetTask
                0x080091b4       0x58 ./Utilities/sequencer/stm32_seq.o
                0x080091b4                UTIL_SEQ_SetTask
 .text.UTIL_SEQ_PauseTask
                0x0800920c       0x40 ./Utilities/sequencer/stm32_seq.o
                0x0800920c                UTIL_SEQ_PauseTask
 .text.UTIL_SEQ_ResumeTask
                0x0800924c       0x40 ./Utilities/sequencer/stm32_seq.o
                0x0800924c                UTIL_SEQ_ResumeTask
 .text.UTIL_SEQ_SetEvt
                0x0800928c       0x40 ./Utilities/sequencer/stm32_seq.o
                0x0800928c                UTIL_SEQ_SetEvt
 .text.UTIL_SEQ_WaitEvt
                0x080092cc       0x94 ./Utilities/sequencer/stm32_seq.o
                0x080092cc                UTIL_SEQ_WaitEvt
 .text.UTIL_SEQ_PreIdle
                0x08009360        0xe ./Utilities/sequencer/stm32_seq.o
                0x08009360                UTIL_SEQ_PreIdle
 .text.UTIL_SEQ_PostIdle
                0x0800936e        0xe ./Utilities/sequencer/stm32_seq.o
                0x0800936e                UTIL_SEQ_PostIdle
 .text.SEQ_BitPosition
                0x0800937c       0x30 ./Utilities/sequencer/stm32_seq.o
                0x0800937c                SEQ_BitPosition
 .text.memset   0x080093ac       0x10 C:/ST/STM32CubeIDE_1.15.1/STM32CubeIDE/plugins/com.st.stm32cube.ide.mcu.externaltools.gnu-tools-for-stm32.12.3.rel1.win32_1.0.100.202403111256/tools/bin/../lib/gcc/arm-none-eabi/12.3.1/../../../../arm-none-eabi/lib/thumb/v7e-m+fp/hard\libc_nano.a(libc_a-memset.o)
                0x080093ac                memset
 .text.__libc_init_array
                0x080093bc       0x48 C:/ST/STM32CubeIDE_1.15.1/STM32CubeIDE/plugins/com.st.stm32cube.ide.mcu.externaltools.gnu-tools-for-stm32.12.3.rel1.win32_1.0.100.202403111256/tools/bin/../lib/gcc/arm-none-eabi/12.3.1/../../../../arm-none-eabi/lib/thumb/v7e-m+fp/hard\libc_nano.a(libc_a-init.o)
                0x080093bc                __libc_init_array
 .text.memcpy   0x08009404       0x1c C:/ST/STM32CubeIDE_1.15.1/STM32CubeIDE/plugins/com.st.stm32cube.ide.mcu.externaltools.gnu-tools-for-stm32.12.3.rel1.win32_1.0.100.202403111256/tools/bin/../lib/gcc/arm-none-eabi/12.3.1/../../../../arm-none-eabi/lib/thumb/v7e-m+fp/hard\libc_nano.a(libc_a-memcpy-stub.o)
                0x08009404                memcpy
 *(.glue_7)
 .glue_7        0x08009420        0x0 linker stubs
 *(.glue_7t)
 .glue_7t       0x08009420        0x0 linker stubs
 *(.eh_frame)
 .eh_frame      0x08009420        0x0 C:/ST/STM32CubeIDE_1.15.1/STM32CubeIDE/plugins/com.st.stm32cube.ide.mcu.externaltools.gnu-tools-for-stm32.12.3.rel1.win32_1.0.100.202403111256/tools/bin/../lib/gcc/arm-none-eabi/12.3.1/thumb/v7e-m+fp/hard/crtbegin.o
 *(.init)
 .init          0x08009420        0x4 C:/ST/STM32CubeIDE_1.15.1/STM32CubeIDE/plugins/com.st.stm32cube.ide.mcu.externaltools.gnu-tools-for-stm32.12.3.rel1.win32_1.0.100.202403111256/tools/bin/../lib/gcc/arm-none-eabi/12.3.1/thumb/v7e-m+fp/hard/crti.o
                0x08009420                _init
 .init          0x08009424        0x8 C:/ST/STM32CubeIDE_1.15.1/STM32CubeIDE/plugins/com.st.stm32cube.ide.mcu.externaltools.gnu-tools-for-stm32.12.3.rel1.win32_1.0.100.202403111256/tools/bin/../lib/gcc/arm-none-eabi/12.3.1/thumb/v7e-m+fp/hard/crtn.o
 *(.fini)
 .fini          0x0800942c        0x4 C:/ST/STM32CubeIDE_1.15.1/STM32CubeIDE/plugins/com.st.stm32cube.ide.mcu.externaltools.gnu-tools-for-stm32.12.3.rel1.win32_1.0.100.202403111256/tools/bin/../lib/gcc/arm-none-eabi/12.3.1/thumb/v7e-m+fp/hard/crti.o
                0x0800942c                _fini
 .fini          0x08009430        0x8 C:/ST/STM32CubeIDE_1.15.1/STM32CubeIDE/plugins/com.st.stm32cube.ide.mcu.externaltools.gnu-tools-for-stm32.12.3.rel1.win32_1.0.100.202403111256/tools/bin/../lib/gcc/arm-none-eabi/12.3.1/thumb/v7e-m+fp/hard/crtn.o
                0x08009438                        . = ALIGN (0x4)
                0x08009438                        _etext = .

.vfp11_veneer   0x08009438        0x0
 .vfp11_veneer  0x08009438        0x0 linker stubs

.v4_bx          0x08009438        0x0
 .v4_bx         0x08009438        0x0 linker stubs

.iplt           0x08009438        0x0
 .iplt          0x08009438        0x0 C:/ST/STM32CubeIDE_1.15.1/STM32CubeIDE/plugins/com.st.stm32cube.ide.mcu.externaltools.gnu-tools-for-stm32.12.3.rel1.win32_1.0.100.202403111256/tools/bin/../lib/gcc/arm-none-eabi/12.3.1/thumb/v7e-m+fp/hard/crtbegin.o

.rodata         0x08009438      0x268
                0x08009438                        . = ALIGN (0x4)
 *(.rodata)
 .rodata        0x08009438       0x1b ./Core/Src/app_debug.o
 *fill*         0x08009453        0x1 
 .rodata        0x08009454       0x2c ./Drivers/STM32WBxx_HAL_Driver/Src/stm32wbxx_hal_rcc.o
 .rodata        0x08009480       0x45 ./STM32_WPAN/App/app_ble.o
 *(.rodata*)
 *fill*         0x080094c5        0x3 
 .rodata.aGpioConfigList
                0x080094c8      0x130 ./Core/Src/app_debug.o
 .rodata.AHBPrescTable
                0x080095f8       0x40 ./Core/Src/system_stm32wbxx.o
                0x080095f8                AHBPrescTable
 .rodata.MSIRangeTable
                0x08009638       0x40 ./Core/Src/system_stm32wbxx.o
                0x08009638                MSIRangeTable
 .rodata.a_MBdAddr
                0x08009678        0x6 ./STM32_WPAN/App/app_ble.o
 *fill*         0x0800967e        0x2 
 .rodata.a_BLE_CfgIrValue
                0x08009680       0x10 ./STM32_WPAN/App/app_ble.o
 .rodata.a_BLE_CfgErValue
                0x08009690       0x10 ./STM32_WPAN/App/app_ble.o
                0x080096a0                        . = ALIGN (0x4)

.ARM.extab
 *(.ARM.extab* .gnu.linkonce.armextab.*)

.ARM            0x080096a0        0x8
                0x080096a0                        __exidx_start = .
 *(.ARM.exidx*)
 .ARM.exidx     0x080096a0        0x8 C:/ST/STM32CubeIDE_1.15.1/STM32CubeIDE/plugins/com.st.stm32cube.ide.mcu.externaltools.gnu-tools-for-stm32.12.3.rel1.win32_1.0.100.202403111256/tools/bin/../lib/gcc/arm-none-eabi/12.3.1/../../../../arm-none-eabi/lib/thumb/v7e-m+fp/hard\libc_nano.a(libc_a-strlen.o)
                0x080096a8                        __exidx_end = .

.preinit_array  0x080096a8        0x0
                0x080096a8                        PROVIDE (__preinit_array_start = .)
 *(.preinit_array*)
                0x080096a8                        PROVIDE (__preinit_array_end = .)

.init_array     0x080096a8        0x4
                0x080096a8                        PROVIDE (__init_array_start = .)
 *(SORT_BY_NAME(.init_array.*))
 *(.init_array*)
 .init_array    0x080096a8        0x4 C:/ST/STM32CubeIDE_1.15.1/STM32CubeIDE/plugins/com.st.stm32cube.ide.mcu.externaltools.gnu-tools-for-stm32.12.3.rel1.win32_1.0.100.202403111256/tools/bin/../lib/gcc/arm-none-eabi/12.3.1/thumb/v7e-m+fp/hard/crtbegin.o
                0x080096ac                        PROVIDE (__init_array_end = .)

.fini_array     0x080096ac        0x4
                [!provide]                        PROVIDE (__fini_array_start = .)
 *(SORT_BY_NAME(.fini_array.*))
 *(.fini_array*)
 .fini_array    0x080096ac        0x4 C:/ST/STM32CubeIDE_1.15.1/STM32CubeIDE/plugins/com.st.stm32cube.ide.mcu.externaltools.gnu-tools-for-stm32.12.3.rel1.win32_1.0.100.202403111256/tools/bin/../lib/gcc/arm-none-eabi/12.3.1/thumb/v7e-m+fp/hard/crtbegin.o
                [!provide]                        PROVIDE (__fini_array_end = .)
                0x080096b0                        _sidata = LOADADDR (.data)

.rel.dyn        0x080096b0        0x0
 .rel.iplt      0x080096b0        0x0 C:/ST/STM32CubeIDE_1.15.1/STM32CubeIDE/plugins/com.st.stm32cube.ide.mcu.externaltools.gnu-tools-for-stm32.12.3.rel1.win32_1.0.100.202403111256/tools/bin/../lib/gcc/arm-none-eabi/12.3.1/thumb/v7e-m+fp/hard/crtbegin.o

.data           0x20000008       0x6c load address 0x080096b0
                0x20000008                        . = ALIGN (0x4)
                0x20000008                        _sdata = .
 *(.data)
 *(.data*)
 .data.adpd1080_reg_addresses
                0x20000008       0x14 ./Core/Src/ADPD1080.o
                0x20000008                adpd1080_reg_addresses
 .data.adpd1080_reg_values_write
                0x2000001c       0x28 ./Core/Src/ADPD1080.o
                0x2000001c                adpd1080_reg_values_write
 .data.SystemCoreClock
                0x20000044        0x4 ./Core/Src/system_stm32wbxx.o
                0x20000044                SystemCoreClock
 .data.uwTickPrio
                0x20000048        0x4 ./Drivers/STM32WBxx_HAL_Driver/Src/stm32wbxx_hal.o
                0x20000048                uwTickPrio
 .data.uwTickFreq
                0x2000004c        0x1 ./Drivers/STM32WBxx_HAL_Driver/Src/stm32wbxx_hal.o
                0x2000004c                uwTickFreq
 *fill*         0x2000004d        0x3 
 .data.a_AdvData
                0x20000050       0x15 ./STM32_WPAN/App/app_ble.o
                0x20000050                a_AdvData
 *fill*         0x20000065        0x1 
 .data.SizeBhw  0x20000066        0x2 ./STM32_WPAN/App/custom_stm.o
                0x20000066                SizeBhw
 .data.SizeBhr  0x20000068        0x2 ./STM32_WPAN/App/custom_stm.o
                0x20000068                SizeBhr
 .data.SizeBhrv
                0x2000006a        0x2 ./STM32_WPAN/App/custom_stm.o
                0x2000006a                SizeBhrv
 .data.TaskMask
                0x2000006c        0x4 ./Utilities/sequencer/stm32_seq.o
 .data.SuperMask
                0x20000070        0x4 ./Utilities/sequencer/stm32_seq.o
 *(.RamFunc)
 *(.RamFunc*)
                0x20000074                        . = ALIGN (0x4)
                0x20000074                        _edata = .

.igot.plt       0x20000074        0x0 load address 0x0800971c
 .igot.plt      0x20000074        0x0 C:/ST/STM32CubeIDE_1.15.1/STM32CubeIDE/plugins/com.st.stm32cube.ide.mcu.externaltools.gnu-tools-for-stm32.12.3.rel1.win32_1.0.100.202403111256/tools/bin/../lib/gcc/arm-none-eabi/12.3.1/thumb/v7e-m+fp/hard/crtbegin.o

BLE_DRIVER_CONTEXT
                0x20000074       0x49 load address 0x0800971c
 BLE_DRIVER_CONTEXT
                0x20000074       0x38 ./Middlewares/ST/STM32_WPAN/ble/svc/Src/svc_ctl.o
                0x20000074                SVCCTL_EvtHandler
                0x20000094                SVCCTL_CltHandler
 BLE_DRIVER_CONTEXT
                0x200000ac       0x11 ./Middlewares/ST/STM32_WPAN/interface/patterns/ble_thread/tl/hci_tl.o
                0x200000bc                UserEventFlow

SYSTEM_DRIVER_CONTEXT
                0x200000c0       0x11 load address 0x08009765
 SYSTEM_DRIVER_CONTEXT
                0x200000c0       0x11 ./Middlewares/ST/STM32_WPAN/interface/patterns/ble_thread/tl/shci_tl.o
                0x200000d0                SHCI_TL_UserEventFlow
                0x200000d4                        . = ALIGN (0x4)

.bss            0x200000d4      0x6a8 load address 0x08009776
                0x200000d4                        _sbss = .
                0x200000d4                        __bss_start__ = _sbss
 *(.bss)
 .bss           0x200000d4       0x1c C:/ST/STM32CubeIDE_1.15.1/STM32CubeIDE/plugins/com.st.stm32cube.ide.mcu.externaltools.gnu-tools-for-stm32.12.3.rel1.win32_1.0.100.202403111256/tools/bin/../lib/gcc/arm-none-eabi/12.3.1/thumb/v7e-m+fp/hard/crtbegin.o
 *(.bss*)
 .bss.adpd1080_reg_values
                0x200000f0       0x28 ./Core/Src/ADPD1080.o
                0x200000f0                adpd1080_reg_values
 .bss.adpd1080_recieved_array
                0x20000118       0x70 ./Core/Src/ADPD1080.o
                0x20000118                adpd1080_recieved_array
 .bss.fifo_byte_count
                0x20000188        0x1 ./Core/Src/ADPD1080.o
                0x20000188                fifo_byte_count
 *fill*         0x20000189        0x3 
 .bss.adpd1080_actual_reading_row_1
                0x2000018c       0x1c ./Core/Src/ADPD1080.o
                0x2000018c                adpd1080_actual_reading_row_1
 .bss.adpd1080_actual_reading_row_2
                0x200001a8       0x1c ./Core/Src/ADPD1080.o
                0x200001a8                adpd1080_actual_reading_row_2
 .bss.adpd1080_actual_reading_row_3
                0x200001c4       0x1c ./Core/Src/ADPD1080.o
                0x200001c4                adpd1080_actual_reading_row_3
 .bss.adpd1080_actual_reading_row_4
                0x200001e0       0x1c ./Core/Src/ADPD1080.o
                0x200001e0                adpd1080_actual_reading_row_4
 .bss.NewReading_Check
                0x200001fc        0x1 ./Core/Src/ADPD1080.o
                0x200001fc                NewReading_Check
 *fill*         0x200001fd        0x3 
 .bss.aTimerContext
                0x20000200       0xf0 ./Core/Src/hw_timerserver.o
 .bss.CurrentRunningTimerID
                0x200002f0        0x1 ./Core/Src/hw_timerserver.o
 .bss.PreviousRunningTimerID
                0x200002f1        0x1 ./Core/Src/hw_timerserver.o
 *fill*         0x200002f2        0x2 
 .bss.SSRValueOnLastSetup
                0x200002f4        0x4 ./Core/Src/hw_timerserver.o
 .bss.WakeupTimerLimitation
                0x200002f8        0x1 ./Core/Src/hw_timerserver.o
 .bss.WakeupTimerDivider
                0x200002f9        0x1 ./Core/Src/hw_timerserver.o
 .bss.AsynchPrescalerUserConfig
                0x200002fa        0x1 ./Core/Src/hw_timerserver.o
 *fill*         0x200002fb        0x1 
 .bss.SynchPrescalerUserConfig
                0x200002fc        0x2 ./Core/Src/hw_timerserver.o
 .bss.MaxWakeupTimerSetup
                0x200002fe        0x2 ./Core/Src/hw_timerserver.o
 .bss.hi2c1     0x20000300       0x54 ./Core/Src/main.o
                0x20000300                hi2c1
 .bss.hipcc     0x20000354       0x3c ./Core/Src/main.o
                0x20000354                hipcc
 .bss.hrtc      0x20000390       0x24 ./Core/Src/main.o
                0x20000390                hrtc
 .bss.reg_data  0x200003b4        0x2 ./Core/Src/main.o
                0x200003b4                reg_data
 *fill*         0x200003b6        0x2 
 .bss.uwTick    0x200003b8        0x4 ./Drivers/STM32WBxx_HAL_Driver/Src/stm32wbxx_hal.o
                0x200003b8                uwTick
 .bss.hciContext
                0x200003bc       0x20 ./Middlewares/ST/STM32_WPAN/interface/patterns/ble_thread/tl/hci_tl.o
 .bss.HciCmdEventQueue
                0x200003dc        0x8 ./Middlewares/ST/STM32_WPAN/interface/patterns/ble_thread/tl/hci_tl.o
 .bss.StatusNotCallBackFunction
                0x200003e4        0x4 ./Middlewares/ST/STM32_WPAN/interface/patterns/ble_thread/tl/hci_tl.o
 .bss.CmdRspStatusFlag
                0x200003e8        0x1 ./Middlewares/ST/STM32_WPAN/interface/patterns/ble_thread/tl/hci_tl.o
 *fill*         0x200003e9        0x3 
 .bss.shciContext
                0x200003ec       0x20 ./Middlewares/ST/STM32_WPAN/interface/patterns/ble_thread/tl/shci_tl.o
 .bss.StatusNotCallBackFunction
                0x2000040c        0x4 ./Middlewares/ST/STM32_WPAN/interface/patterns/ble_thread/tl/shci_tl.o
 .bss.CmdRspStatusFlag
                0x20000410        0x1 ./Middlewares/ST/STM32_WPAN/interface/patterns/ble_thread/tl/shci_tl.o
 *fill*         0x20000411        0x3 
 .bss.LocalFreeBufQueue
                0x20000414        0x8 ./Middlewares/ST/STM32_WPAN/interface/patterns/ble_thread/tl/tl_mbox.o
 .bss.BLE_IoBusEvtCallBackFunction
                0x2000041c        0x4 ./Middlewares/ST/STM32_WPAN/interface/patterns/ble_thread/tl/tl_mbox.o
 .bss.BLE_IoBusAclDataTxAck
                0x20000420        0x4 ./Middlewares/ST/STM32_WPAN/interface/patterns/ble_thread/tl/tl_mbox.o
 .bss.SYS_CMD_IoBusCallBackFunction
                0x20000424        0x4 ./Middlewares/ST/STM32_WPAN/interface/patterns/ble_thread/tl/tl_mbox.o
 .bss.SYS_EVT_IoBusCallBackFunction
                0x20000428        0x4 ./Middlewares/ST/STM32_WPAN/interface/patterns/ble_thread/tl/tl_mbox.o
 .bss.p_mem_manager_table.0
                0x2000042c        0x4 ./Middlewares/ST/STM32_WPAN/interface/patterns/ble_thread/tl/tl_mbox.o
 .bss.a_BdAddrUdn
                0x20000430        0x6 ./STM32_WPAN/App/app_ble.o
 *fill*         0x20000436        0x2 
 .bss.BleApplicationContext
                0x20000438       0x84 ./STM32_WPAN/App/app_ble.o
 .bss.HandleNotification
                0x200004bc        0x4 ./STM32_WPAN/App/app_ble.o
                0x200004bc                HandleNotification
 .bss.Custom_App_Context
                0x200004c0        0xa ./STM32_WPAN/App/custom_app.o
 *fill*         0x200004ca        0x2 
 .bss.NotifyCharData
                0x200004cc      0x200 ./STM32_WPAN/App/custom_app.o
                0x200004cc                NotifyCharData
 .bss.Count     0x200006cc        0x1 ./STM32_WPAN/App/custom_app.o
                0x200006cc                Count
 .bss.notification_allowed
                0x200006cd        0x1 ./STM32_WPAN/App/custom_app.o
                0x200006cd                notification_allowed
 .bss.Notifyindex
                0x200006ce        0x1 ./STM32_WPAN/App/custom_app.o
                0x200006ce                Notifyindex
 .bss.Fall      0x200006cf        0x1 ./STM32_WPAN/App/custom_app.o
                0x200006cf                Fall
 .bss.CustomContext
                0x200006d0        0x8 ./STM32_WPAN/App/custom_stm.o
 .bss.FreeBufCb
                0x200006d8        0x4 ./STM32_WPAN/Target/hw_ipcc.o
 .bss.StopModeDisable
                0x200006dc        0x4 ./Utilities/lpm/tiny_lpm/stm32_lpm.o
 .bss.OffModeDisable
                0x200006e0        0x4 ./Utilities/lpm/tiny_lpm/stm32_lpm.o
 .bss.TaskSet   0x200006e4        0x4 ./Utilities/sequencer/stm32_seq.o
 .bss.EvtSet    0x200006e8        0x4 ./Utilities/sequencer/stm32_seq.o
 .bss.EvtWaited
                0x200006ec        0x4 ./Utilities/sequencer/stm32_seq.o
 .bss.CurrentTaskIdx
                0x200006f0        0x4 ./Utilities/sequencer/stm32_seq.o
 .bss.TaskCb    0x200006f4       0x80 ./Utilities/sequencer/stm32_seq.o
 .bss.TaskPrio  0x20000774        0x8 ./Utilities/sequencer/stm32_seq.o
 *(COMMON)
                0x2000077c                        . = ALIGN (0x4)
                0x2000077c                        _ebss = .
                0x2000077c                        __bss_end__ = _ebss

._user_heap_stack
                0x2000077c      0x604 load address 0x08009776
                0x20000780                        . = ALIGN (0x8)
 *fill*         0x2000077c        0x4 
                [!provide]                        PROVIDE (end = .)
                0x20000780                        PROVIDE (_end = .)
                0x20000980                        . = (. + _Min_Heap_Size)
 *fill*         0x20000780      0x200 
                0x20000d80                        . = (. + _Min_Stack_Size)
 *fill*         0x20000980      0x400 
                0x20000d80                        . = ALIGN (0x8)

/DISCARD/
 libc.a(*)
 libm.a(*)
 libgcc.a(*)

.ARM.attributes
                0x00000000       0x30
 *(.ARM.attributes)
 .ARM.attributes
                0x00000000       0x22 C:/ST/STM32CubeIDE_1.15.1/STM32CubeIDE/plugins/com.st.stm32cube.ide.mcu.externaltools.gnu-tools-for-stm32.12.3.rel1.win32_1.0.100.202403111256/tools/bin/../lib/gcc/arm-none-eabi/12.3.1/thumb/v7e-m+fp/hard/crti.o
 .ARM.attributes
                0x00000022       0x34 C:/ST/STM32CubeIDE_1.15.1/STM32CubeIDE/plugins/com.st.stm32cube.ide.mcu.externaltools.gnu-tools-for-stm32.12.3.rel1.win32_1.0.100.202403111256/tools/bin/../lib/gcc/arm-none-eabi/12.3.1/thumb/v7e-m+fp/hard/crtbegin.o
 .ARM.attributes
                0x00000056       0x34 ./Core/Src/ADPD1080.o
 .ARM.attributes
                0x0000008a       0x34 ./Core/Src/app_debug.o
 .ARM.attributes
                0x000000be       0x34 ./Core/Src/app_entry.o
 .ARM.attributes
                0x000000f2       0x34 ./Core/Src/hw_timerserver.o
 .ARM.attributes
                0x00000126       0x34 ./Core/Src/main.o
 .ARM.attributes
                0x0000015a       0x34 ./Core/Src/stm32wbxx_hal_msp.o
 .ARM.attributes
                0x0000018e       0x34 ./Core/Src/stm32wbxx_it.o
 .ARM.attributes
                0x000001c2       0x34 ./Core/Src/system_stm32wbxx.o
 .ARM.attributes
                0x000001f6       0x21 ./Core/Startup/startup_stm32wb5mmghx.o
 .ARM.attributes
                0x00000217       0x34 ./Drivers/STM32WBxx_HAL_Driver/Src/stm32wbxx_hal.o
 .ARM.attributes
                0x0000024b       0x34 ./Drivers/STM32WBxx_HAL_Driver/Src/stm32wbxx_hal_cortex.o
 .ARM.attributes
                0x0000027f       0x34 ./Drivers/STM32WBxx_HAL_Driver/Src/stm32wbxx_hal_gpio.o
 .ARM.attributes
                0x000002b3       0x34 ./Drivers/STM32WBxx_HAL_Driver/Src/stm32wbxx_hal_hsem.o
 .ARM.attributes
                0x000002e7       0x34 ./Drivers/STM32WBxx_HAL_Driver/Src/stm32wbxx_hal_i2c.o
 .ARM.attributes
                0x0000031b       0x34 ./Drivers/STM32WBxx_HAL_Driver/Src/stm32wbxx_hal_i2c_ex.o
 .ARM.attributes
                0x0000034f       0x34 ./Drivers/STM32WBxx_HAL_Driver/Src/stm32wbxx_hal_ipcc.o
 .ARM.attributes
                0x00000383       0x34 ./Drivers/STM32WBxx_HAL_Driver/Src/stm32wbxx_hal_pwr.o
 .ARM.attributes
                0x000003b7       0x34 ./Drivers/STM32WBxx_HAL_Driver/Src/stm32wbxx_hal_pwr_ex.o
 .ARM.attributes
                0x000003eb       0x34 ./Drivers/STM32WBxx_HAL_Driver/Src/stm32wbxx_hal_rcc.o
 .ARM.attributes
                0x0000041f       0x34 ./Drivers/STM32WBxx_HAL_Driver/Src/stm32wbxx_hal_rcc_ex.o
 .ARM.attributes
                0x00000453       0x34 ./Drivers/STM32WBxx_HAL_Driver/Src/stm32wbxx_hal_rtc.o
 .ARM.attributes
                0x00000487       0x34 ./Drivers/STM32WBxx_HAL_Driver/Src/stm32wbxx_hal_rtc_ex.o
 .ARM.attributes
                0x000004bb       0x34 ./Middlewares/ST/STM32_WPAN/ble/core/auto/ble_gap_aci.o
 .ARM.attributes
                0x000004ef       0x34 ./Middlewares/ST/STM32_WPAN/ble/core/auto/ble_gatt_aci.o
 .ARM.attributes
                0x00000523       0x34 ./Middlewares/ST/STM32_WPAN/ble/core/auto/ble_hal_aci.o
 .ARM.attributes
                0x00000557       0x34 ./Middlewares/ST/STM32_WPAN/ble/core/auto/ble_hci_le.o
 .ARM.attributes
                0x0000058b       0x34 ./Middlewares/ST/STM32_WPAN/ble/core/template/osal.o
 .ARM.attributes
                0x000005bf       0x34 ./Middlewares/ST/STM32_WPAN/ble/svc/Src/svc_ctl.o
 .ARM.attributes
                0x000005f3       0x34 ./Middlewares/ST/STM32_WPAN/interface/patterns/ble_thread/shci/shci.o
 .ARM.attributes
                0x00000627       0x34 ./Middlewares/ST/STM32_WPAN/interface/patterns/ble_thread/tl/hci_tl.o
 .ARM.attributes
                0x0000065b       0x34 ./Middlewares/ST/STM32_WPAN/interface/patterns/ble_thread/tl/hci_tl_if.o
 .ARM.attributes
                0x0000068f       0x34 ./Middlewares/ST/STM32_WPAN/interface/patterns/ble_thread/tl/shci_tl.o
 .ARM.attributes
                0x000006c3       0x34 ./Middlewares/ST/STM32_WPAN/interface/patterns/ble_thread/tl/shci_tl_if.o
 .ARM.attributes
                0x000006f7       0x34 ./Middlewares/ST/STM32_WPAN/interface/patterns/ble_thread/tl/tl_mbox.o
 .ARM.attributes
                0x0000072b       0x34 ./Middlewares/ST/STM32_WPAN/utilities/otp.o
 .ARM.attributes
                0x0000075f       0x34 ./Middlewares/ST/STM32_WPAN/utilities/stm_list.o
 .ARM.attributes
                0x00000793       0x34 ./STM32_WPAN/App/app_ble.o
 .ARM.attributes
                0x000007c7       0x34 ./STM32_WPAN/App/custom_app.o
 .ARM.attributes
                0x000007fb       0x34 ./STM32_WPAN/App/custom_stm.o
 .ARM.attributes
                0x0000082f       0x34 ./STM32_WPAN/Target/hw_ipcc.o
 .ARM.attributes
                0x00000863       0x34 ./Utilities/lpm/tiny_lpm/stm32_lpm.o
 .ARM.attributes
                0x00000897       0x34 ./Utilities/sequencer/stm32_seq.o
 .ARM.attributes
                0x000008cb       0x34 C:/ST/STM32CubeIDE_1.15.1/STM32CubeIDE/plugins/com.st.stm32cube.ide.mcu.externaltools.gnu-tools-for-stm32.12.3.rel1.win32_1.0.100.202403111256/tools/bin/../lib/gcc/arm-none-eabi/12.3.1/../../../../arm-none-eabi/lib/thumb/v7e-m+fp/hard\libc_nano.a(libc_a-memset.o)
 .ARM.attributes
                0x000008ff       0x34 C:/ST/STM32CubeIDE_1.15.1/STM32CubeIDE/plugins/com.st.stm32cube.ide.mcu.externaltools.gnu-tools-for-stm32.12.3.rel1.win32_1.0.100.202403111256/tools/bin/../lib/gcc/arm-none-eabi/12.3.1/../../../../arm-none-eabi/lib/thumb/v7e-m+fp/hard\libc_nano.a(libc_a-init.o)
 .ARM.attributes
                0x00000933       0x34 C:/ST/STM32CubeIDE_1.15.1/STM32CubeIDE/plugins/com.st.stm32cube.ide.mcu.externaltools.gnu-tools-for-stm32.12.3.rel1.win32_1.0.100.202403111256/tools/bin/../lib/gcc/arm-none-eabi/12.3.1/../../../../arm-none-eabi/lib/thumb/v7e-m+fp/hard\libc_nano.a(libc_a-memcpy-stub.o)
 .ARM.attributes
                0x00000967       0x17 C:/ST/STM32CubeIDE_1.15.1/STM32CubeIDE/plugins/com.st.stm32cube.ide.mcu.externaltools.gnu-tools-for-stm32.12.3.rel1.win32_1.0.100.202403111256/tools/bin/../lib/gcc/arm-none-eabi/12.3.1/../../../../arm-none-eabi/lib/thumb/v7e-m+fp/hard\libc_nano.a(libc_a-strlen.o)
 .ARM.attributes
                0x0000097e       0x22 C:/ST/STM32CubeIDE_1.15.1/STM32CubeIDE/plugins/com.st.stm32cube.ide.mcu.externaltools.gnu-tools-for-stm32.12.3.rel1.win32_1.0.100.202403111256/tools/bin/../lib/gcc/arm-none-eabi/12.3.1/thumb/v7e-m+fp/hard/crtn.o

MAPPING_TABLE   0x20030000       0x28
 *(MAPPING_TABLE)
 MAPPING_TABLE  0x20030000       0x28 ./Middlewares/ST/STM32_WPAN/interface/patterns/ble_thread/tl/tl_mbox.o

MB_MEM1         0x20030028      0x1bb
 *(MB_MEM1)
 MB_MEM1        0x20030028       0xb0 ./Middlewares/ST/STM32_WPAN/interface/patterns/ble_thread/tl/tl_mbox.o
 MB_MEM1        0x200300d8      0x10b ./STM32_WPAN/App/app_ble.o
                0x08009776                        _siMB_MEM2 = LOADADDR (.MB_MEM2)

.MB_MEM2        0x200301e4      0x883 load address 0x08009776
                0x200301e4                        _sMB_MEM2 = .
 *(MB_MEM2)
 MB_MEM2        0x200301e4       0x12 ./Core/Src/app_debug.o
 *fill*         0x200301f6        0x2 
 MB_MEM2        0x200301f8      0x85e ./Core/Src/app_entry.o
 *fill*         0x20030a56        0x2 
 MB_MEM2        0x20030a58        0xf ./Middlewares/ST/STM32_WPAN/interface/patterns/ble_thread/tl/tl_mbox.o
                0x20030a67                        _eMB_MEM2 = .
OUTPUT(DPFinalSTM.elf elf32-littlearm)
LOAD linker stubs
LOAD C:/ST/STM32CubeIDE_1.15.1/STM32CubeIDE/plugins/com.st.stm32cube.ide.mcu.externaltools.gnu-tools-for-stm32.12.3.rel1.win32_1.0.100.202403111256/tools/bin/../lib/gcc/arm-none-eabi/12.3.1/../../../../arm-none-eabi/lib/thumb/v7e-m+fp/hard\libc.a
LOAD C:/ST/STM32CubeIDE_1.15.1/STM32CubeIDE/plugins/com.st.stm32cube.ide.mcu.externaltools.gnu-tools-for-stm32.12.3.rel1.win32_1.0.100.202403111256/tools/bin/../lib/gcc/arm-none-eabi/12.3.1/../../../../arm-none-eabi/lib/thumb/v7e-m+fp/hard\libm.a
LOAD C:/ST/STM32CubeIDE_1.15.1/STM32CubeIDE/plugins/com.st.stm32cube.ide.mcu.externaltools.gnu-tools-for-stm32.12.3.rel1.win32_1.0.100.202403111256/tools/bin/../lib/gcc/arm-none-eabi/12.3.1/thumb/v7e-m+fp/hard\libgcc.a

.debug_info     0x00000000    0x28593
 .debug_info    0x00000000      0xaa9 ./Core/Src/ADPD1080.o
 .debug_info    0x00000aa9      0xb56 ./Core/Src/app_debug.o
 .debug_info    0x000015ff     0x1ca9 ./Core/Src/app_entry.o
 .debug_info    0x000032a8     0x11a8 ./Core/Src/hw_timerserver.o
 .debug_info    0x00004450     0x1918 ./Core/Src/main.o
 .debug_info    0x00005d68     0x161b ./Core/Src/stm32wbxx_hal_msp.o
 .debug_info    0x00007383      0x18b ./Core/Src/stm32wbxx_it.o
 .debug_info    0x0000750e      0x703 ./Core/Src/system_stm32wbxx.o
 .debug_info    0x00007c11       0x30 ./Core/Startup/startup_stm32wb5mmghx.o
 .debug_info    0x00007c41     0x12ae ./Drivers/STM32WBxx_HAL_Driver/Src/stm32wbxx_hal.o
 .debug_info    0x00008eef      0xccd ./Drivers/STM32WBxx_HAL_Driver/Src/stm32wbxx_hal_cortex.o
 .debug_info    0x00009bbc      0x6aa ./Drivers/STM32WBxx_HAL_Driver/Src/stm32wbxx_hal_gpio.o
 .debug_info    0x0000a266      0x3bc ./Drivers/STM32WBxx_HAL_Driver/Src/stm32wbxx_hal_hsem.o
 .debug_info    0x0000a622     0x21ee ./Drivers/STM32WBxx_HAL_Driver/Src/stm32wbxx_hal_i2c.o
 .debug_info    0x0000c810      0x8fb ./Drivers/STM32WBxx_HAL_Driver/Src/stm32wbxx_hal_i2c_ex.o
 .debug_info    0x0000d10b      0x7a3 ./Drivers/STM32WBxx_HAL_Driver/Src/stm32wbxx_hal_ipcc.o
 .debug_info    0x0000d8ae      0x904 ./Drivers/STM32WBxx_HAL_Driver/Src/stm32wbxx_hal_pwr.o
 .debug_info    0x0000e1b2     0x105d ./Drivers/STM32WBxx_HAL_Driver/Src/stm32wbxx_hal_pwr_ex.o
 .debug_info    0x0000f20f     0x14d1 ./Drivers/STM32WBxx_HAL_Driver/Src/stm32wbxx_hal_rcc.o
 .debug_info    0x000106e0     0x1c40 ./Drivers/STM32WBxx_HAL_Driver/Src/stm32wbxx_hal_rcc_ex.o
 .debug_info    0x00012320      0xcc7 ./Drivers/STM32WBxx_HAL_Driver/Src/stm32wbxx_hal_rtc.o
 .debug_info    0x00012fe7      0xfc6 ./Drivers/STM32WBxx_HAL_Driver/Src/stm32wbxx_hal_rtc_ex.o
 .debug_info    0x00013fad     0x38b5 ./Middlewares/ST/STM32_WPAN/ble/core/auto/ble_gap_aci.o
 .debug_info    0x00017862     0x30a8 ./Middlewares/ST/STM32_WPAN/ble/core/auto/ble_gatt_aci.o
 .debug_info    0x0001a90a      0xedd ./Middlewares/ST/STM32_WPAN/ble/core/auto/ble_hal_aci.o
 .debug_info    0x0001b7e7     0x3e3e ./Middlewares/ST/STM32_WPAN/ble/core/auto/ble_hci_le.o
 .debug_info    0x0001f625      0x1b8 ./Middlewares/ST/STM32_WPAN/ble/core/template/osal.o
 .debug_info    0x0001f7dd      0x49f ./Middlewares/ST/STM32_WPAN/ble/svc/Src/svc_ctl.o
 .debug_info    0x0001fc7c     0x19fb ./Middlewares/ST/STM32_WPAN/interface/patterns/ble_thread/shci/shci.o
 .debug_info    0x00021677      0x972 ./Middlewares/ST/STM32_WPAN/interface/patterns/ble_thread/tl/hci_tl.o
 .debug_info    0x00021fe9      0x1e0 ./Middlewares/ST/STM32_WPAN/interface/patterns/ble_thread/tl/hci_tl_if.o
 .debug_info    0x000221c9      0x7d8 ./Middlewares/ST/STM32_WPAN/interface/patterns/ble_thread/tl/shci_tl.o
 .debug_info    0x000229a1      0x1e0 ./Middlewares/ST/STM32_WPAN/interface/patterns/ble_thread/tl/shci_tl_if.o
 .debug_info    0x00022b81      0xda4 ./Middlewares/ST/STM32_WPAN/interface/patterns/ble_thread/tl/tl_mbox.o
 .debug_info    0x00023925       0xd1 ./Middlewares/ST/STM32_WPAN/utilities/otp.o
 .debug_info    0x000239f6      0x6d5 ./Middlewares/ST/STM32_WPAN/utilities/stm_list.o