Archive member included to satisfy reference by file (symbol)

C:/ST/STM32CubeIDE_1.15.1/STM32CubeIDE/plugins/com.st.stm32cube.ide.mcu.externaltools.gnu-tools-for-stm32.12.3.rel1.win32_1.0.100.202403111256/tools/bin/../lib/gcc/arm-none-eabi/12.3.1/../../../../arm-none-eabi/lib/thumb/v7e-m+fp/hard\libc_nano.a(libc_a-exit.o)
                              C:/ST/STM32CubeIDE_1.15.1/STM32CubeIDE/plugins/com.st.stm32cube.ide.mcu.externaltools.gnu-tools-for-stm32.12.3.rel1.win32_1.0.100.202403111256/tools/bin/../lib/gcc/arm-none-eabi/12.3.1/../../../../arm-none-eabi/lib/thumb/v7e-m+fp/hard/crt0.o (exit)
C:/ST/STM32CubeIDE_1.15.1/STM32CubeIDE/plugins/com.st.stm32cube.ide.mcu.externaltools.gnu-tools-for-stm32.12.3.rel1.win32_1.0.100.202403111256/tools/bin/../lib/gcc/arm-none-eabi/12.3.1/../../../../arm-none-eabi/lib/thumb/v7e-m+fp/hard\libc_nano.a(libc_a-findfp.o)
                              C:/ST/STM32CubeIDE_1.15.1/STM32CubeIDE/plugins/com.st.stm32cube.ide.mcu.externaltools.gnu-tools-for-stm32.12.3.rel1.win32_1.0.100.202403111256/tools/bin/../lib/gcc/arm-none-eabi/12.3.1/../../../../arm-none-eabi/lib/thumb/v7e-m+fp/hard\libc_nano.a(libc_a-exit.o) (__stdio_exit_handler)
C:/ST/STM32CubeIDE_1.15.1/STM32CubeIDE/plugins/com.st.stm32cube.ide.mcu.externaltools.gnu-tools-for-stm32.12.3.rel1.win32_1.0.100.202403111256/tools/bin/../lib/gcc/arm-none-eabi/12.3.1/../../../../arm-none-eabi/lib/thumb/v7e-m+fp/hard\libc_nano.a(libc_a-fwalk.o)
                              C:/ST/STM32CubeIDE_1.15.1/STM32CubeIDE/plugins/com.st.stm32cube.ide.mcu.externaltools.gnu-tools-for-stm32.12.3.rel1.win32_1.0.100.202403111256/tools/bin/../lib/gcc/arm-none-eabi/12.3.1/../../../../arm-none-eabi/lib/thumb/v7e-m+fp/hard\libc_nano.a(libc_a-findfp.o) (_fwalk_sglue)
C:/ST/STM32CubeIDE_1.15.1/STM32CubeIDE/plugins/com.st.stm32cube.ide.mcu.externaltools.gnu-tools-for-stm32.12.3.rel1.win32_1.0.100.202403111256/tools/bin/../lib/gcc/arm-none-eabi/12.3.1/../../../../arm-none-eabi/lib/thumb/v7e-m+fp/hard\libc_nano.a(libc_a-printf.o)
                              ./Middlewares/STM32_WPAN/dbg_trace.o (printf)
C:/ST/STM32CubeIDE_1.15.1/STM32CubeIDE/plugins/com.st.stm32cube.ide.mcu.externaltools.gnu-tools-for-stm32.12.3.rel1.win32_1.0.100.202403111256/tools/bin/../lib/gcc/arm-none-eabi/12.3.1/../../../../arm-none-eabi/lib/thumb/v7e-m+fp/hard\libc_nano.a(libc_a-stdio.o)
                              C:/ST/STM32CubeIDE_1.15.1/STM32CubeIDE/plugins/com.st.stm32cube.ide.mcu.externaltools.gnu-tools-for-stm32.12.3.rel1.win32_1.0.100.202403111256/tools/bin/../lib/gcc/arm-none-eabi/12.3.1/../../../../arm-none-eabi/lib/thumb/v7e-m+fp/hard\libc_nano.a(libc_a-findfp.o) (__sread)
C:/ST/STM32CubeIDE_1.15.1/STM32CubeIDE/plugins/com.st.stm32cube.ide.mcu.externaltools.gnu-tools-for-stm32.12.3.rel1.win32_1.0.100.202403111256/tools/bin/../lib/gcc/arm-none-eabi/12.3.1/../../../../arm-none-eabi/lib/thumb/v7e-m+fp/hard\libc_nano.a(libc_a-vprintf.o)
                              ./Middlewares/STM32_WPAN/dbg_trace.o (vprintf)
C:/ST/STM32CubeIDE_1.15.1/STM32CubeIDE/plugins/com.st.stm32cube.ide.mcu.externaltools.gnu-tools-for-stm32.12.3.rel1.win32_1.0.100.202403111256/tools/bin/../lib/gcc/arm-none-eabi/12.3.1/../../../../arm-none-eabi/lib/thumb/v7e-m+fp/hard\libc_nano.a(libc_a-memcmp.o)
                              ./Middlewares/STM32_WPAN/osal.o (memcmp)
C:/ST/STM32CubeIDE_1.15.1/STM32CubeIDE/plugins/com.st.stm32cube.ide.mcu.externaltools.gnu-tools-for-stm32.12.3.rel1.win32_1.0.100.202403111256/tools/bin/../lib/gcc/arm-none-eabi/12.3.1/../../../../arm-none-eabi/lib/thumb/v7e-m+fp/hard\libc_nano.a(libc_a-memset.o)
                              C:/ST/STM32CubeIDE_1.15.1/STM32CubeIDE/plugins/com.st.stm32cube.ide.mcu.externaltools.gnu-tools-for-stm32.12.3.rel1.win32_1.0.100.202403111256/tools/bin/../lib/gcc/arm-none-eabi/12.3.1/../../../../arm-none-eabi/lib/thumb/v7e-m+fp/hard/crt0.o (memset)
C:/ST/STM32CubeIDE_1.15.1/STM32CubeIDE/plugins/com.st.stm32cube.ide.mcu.externaltools.gnu-tools-for-stm32.12.3.rel1.win32_1.0.100.202403111256/tools/bin/../lib/gcc/arm-none-eabi/12.3.1/../../../../arm-none-eabi/lib/thumb/v7e-m+fp/hard\libc_nano.a(libc_a-strrchr.o)
                              ./Middlewares/STM32_WPAN/dbg_trace.o (strrchr)
C:/ST/STM32CubeIDE_1.15.1/STM32CubeIDE/plugins/com.st.stm32cube.ide.mcu.externaltools.gnu-tools-for-stm32.12.3.rel1.win32_1.0.100.202403111256/tools/bin/../lib/gcc/arm-none-eabi/12.3.1/../../../../arm-none-eabi/lib/thumb/v7e-m+fp/hard\libc_nano.a(libc_a-closer.o)
                              C:/ST/STM32CubeIDE_1.15.1/STM32CubeIDE/plugins/com.st.stm32cube.ide.mcu.externaltools.gnu-tools-for-stm32.12.3.rel1.win32_1.0.100.202403111256/tools/bin/../lib/gcc/arm-none-eabi/12.3.1/../../../../arm-none-eabi/lib/thumb/v7e-m+fp/hard\libc_nano.a(libc_a-stdio.o) (_close_r)
[...]
Memory Configuration

Name             Origin             Length             Attributes
FLASH            0x08000000         0x00080000         xr
RAM              0x20000008         0x0002fff8         xrw
RAM_SHARED       0x20030000         0x00002800         xrw
*default*        0x00000000         0xffffffff

Linker script and memory map

LOAD C:/ST/STM32CubeIDE_1.15.1/STM32CubeIDE/plugins/com.st.stm32cube.ide.mcu.externaltools.gnu-tools-for-stm32.12.3.rel1.win32_1.0.100.202403111256/tools/bin/../lib/gcc/arm-none-eabi/12.3.1/thumb/v7e-m+fp/hard/crti.o
LOAD C:/ST/STM32CubeIDE_1.15.1/STM32CubeIDE/plugins/com.st.stm32cube.ide.mcu.externaltools.gnu-tools-for-stm32.12.3.rel1.win32_1.0.100.202403111256/tools/bin/../lib/gcc/arm-none-eabi/12.3.1/thumb/v7e-m+fp/hard/crtbegin.o
LOAD C:/ST/STM32CubeIDE_1.15.1/STM32CubeIDE/plugins/com.st.stm32cube.ide.mcu.externaltools.gnu-tools-for-stm32.12.3.rel1.win32_1.0.100.202403111256/tools/bin/../lib/gcc/arm-none-eabi/12.3.1/../../../../arm-none-eabi/lib/thumb/v7e-m+fp/hard/crt0.o
LOAD ./Core/Src/ADPD1080.o
LOAD ./Core/Src/LSM6DSL.o
LOAD ./Core/Src/app_debug.o
LOAD ./Core/Src/app_entry.o
LOAD ./Core/Src/gpio.o
LOAD ./Core/Src/hw_timerserver.o
LOAD ./Core/Src/i2c.o
LOAD ./Core/Src/ipcc.o
LOAD ./Core/Src/main.o
LOAD ./Core/Src/memorymap.o
LOAD ./Core/Src/rf.o
LOAD ./Core/Src/rtc.o
LOAD ./Core/Src/stm32_lpm_if.o
LOAD ./Core/Src/stm32wbxx_hal_msp.o
LOAD ./Core/Src/stm32wbxx_it.o
LOAD ./Core/Src/syscalls.o
LOAD ./Core/Src/sysmem.o
LOAD ./Core/Src/system_stm32wbxx.o
LOAD ./Core/Startup/startup_stm32wb5mmghx.o
LOAD ./Drivers/STM32WBxx_HAL_Driver/stm32wbxx_hal.o
LOAD ./Drivers/STM32WBxx_HAL_Driver/stm32wbxx_hal_cortex.o
LOAD ./Drivers/STM32WBxx_HAL_Driver/stm32wbxx_hal_dma.o
LOAD ./Drivers/STM32WBxx_HAL_Driver/stm32wbxx_hal_dma_ex.o
LOAD ./Drivers/STM32WBxx_HAL_Driver/stm32wbxx_hal_exti.o
LOAD ./Drivers/STM32WBxx_HAL_Driver/stm32wbxx_hal_flash.o
LOAD ./Drivers/STM32WBxx_HAL_Driver/stm32wbxx_hal_flash_ex.o
LOAD ./Drivers/STM32WBxx_HAL_Driver/stm32wbxx_hal_gpio.o
LOAD ./Drivers/STM32WBxx_HAL_Driver/stm32wbxx_hal_hsem.o
LOAD ./Drivers/STM32WBxx_HAL_Driver/stm32wbxx_hal_i2c.o
LOAD ./Drivers/STM32WBxx_HAL_Driver/stm32wbxx_hal_i2c_ex.o
LOAD ./Drivers/STM32WBxx_HAL_Driver/stm32wbxx_hal_ipcc.o
LOAD ./Drivers/STM32WBxx_HAL_Driver/stm32wbxx_hal_pwr.o
LOAD ./Drivers/STM32WBxx_HAL_Driver/stm32wbxx_hal_pwr_ex.o
LOAD ./Drivers/STM32WBxx_HAL_Driver/stm32wbxx_hal_rcc.o
LOAD ./Drivers/STM32WBxx_HAL_Driver/stm32wbxx_hal_rcc_ex.o
LOAD ./Drivers/STM32WBxx_HAL_Driver/stm32wbxx_hal_rtc.o
LOAD ./Drivers/STM32WBxx_HAL_Driver/stm32wbxx_hal_rtc_ex.o
LOAD ./Drivers/STM32WBxx_HAL_Driver/stm32wbxx_ll_rcc.o
LOAD ./Middlewares/STM32_WPAN/ble_events.o
LOAD ./Middlewares/STM32_WPAN/ble_gap_aci.o
LOAD ./Middlewares/STM32_WPAN/ble_gatt_aci.o
LOAD ./Middlewares/STM32_WPAN/ble_hal_aci.o
LOAD ./Middlewares/STM32_WPAN/ble_hci_le.o
LOAD ./Middlewares/STM32_WPAN/ble_l2cap_aci.o
LOAD ./Middlewares/STM32_WPAN/dbg_trace.o
LOAD ./Middlewares/STM32_WPAN/hci_tl.o
LOAD ./Middlewares/STM32_WPAN/hci_tl_if.o
LOAD ./Middlewares/STM32_WPAN/osal.o
LOAD ./Middlewares/STM32_WPAN/otp.o
LOAD ./Middlewares/STM32_WPAN/shci.o
LOAD ./Middlewares/STM32_WPAN/shci_tl.o
LOAD ./Middlewares/STM32_WPAN/shci_tl_if.o
LOAD ./Middlewares/STM32_WPAN/stm_list.o
LOAD ./Middlewares/STM32_WPAN/stm_queue.o
LOAD ./Middlewares/STM32_WPAN/svc_ctl.o
LOAD ./Middlewares/STM32_WPAN/tl_mbox.o
LOAD ./STM32_WPAN/App/app_ble.o
LOAD ./STM32_WPAN/App/custom_app.o
LOAD ./STM32_WPAN/App/custom_stm.o
LOAD ./STM32_WPAN/Target/hw_ipcc.o
LOAD ./Utilities/stm32_lpm.o
LOAD ./Utilities/stm32_seq.o
START GROUP
LOAD C:/ST/STM32CubeIDE_1.15.1/STM32CubeIDE/plugins/com.st.stm32cube.ide.mcu.externaltools.gnu-tools-for-stm32.12.3.rel1.win32_1.0.100.202403111256/tools/bin/../lib/gcc/arm-none-eabi/12.3.1/../../../../arm-none-eabi/lib/thumb/v7e-m+fp/hard\libc_nano.a
LOAD C:/ST/STM32CubeIDE_1.15.1/STM32CubeIDE/plugins/com.st.stm32cube.ide.mcu.externaltools.gnu-tools-for-stm32.12.3.rel1.win32_1.0.100.202403111256/tools/bin/../lib/gcc/arm-none-eabi/12.3.1/../../../../arm-none-eabi/lib/thumb/v7e-m+fp/hard\libm.a
END GROUP
START GROUP
LOAD C:/ST/STM32CubeIDE_1.15.1/STM32CubeIDE/plugins/com.st.stm32cube.ide.mcu.externaltools.gnu-tools-for-stm32.12.3.rel1.win32_1.0.100.202403111256/tools/bin/../lib/gcc/arm-none-eabi/12.3.1/thumb/v7e-m+fp/hard\libgcc.a
LOAD C:/ST/STM32CubeIDE_1.15.1/STM32CubeIDE/plugins/com.st.stm32cube.ide.mcu.externaltools.gnu-tools-for-stm32.12.3.rel1.win32_1.0.100.202403111256/tools/bin/../lib/gcc/arm-none-eabi/12.3.1/../../../../arm-none-eabi/lib/thumb/v7e-m+fp/hard\libc_nano.a
END GROUP
START GROUP
LOAD C:/ST/STM32CubeIDE_1.15.1/STM32CubeIDE/plugins/com.st.stm32cube.ide.mcu.externaltools.gnu-tools-for-stm32.12.3.rel1.win32_1.0.100.202403111256/tools/bin/../lib/gcc/arm-none-eabi/12.3.1/thumb/v7e-m+fp/hard\libgcc.a
LOAD C:/ST/STM32CubeIDE_1.15.1/STM32CubeIDE/plugins/com.st.stm32cube.ide.mcu.externaltools.gnu-tools-for-stm32.12.3.rel1.win32_1.0.100.202403111256/tools/bin/../lib/gcc/arm-none-eabi/12.3.1/../../../../arm-none-eabi/lib/thumb/v7e-m+fp/hard\libc_nano.a
LOAD C:/ST/STM32CubeIDE_1.15.1/STM32CubeIDE/plugins/com.st.stm32cube.ide.mcu.externaltools.gnu-tools-for-stm32.12.3.rel1.win32_1.0.100.202403111256/tools/bin/../lib/gcc/arm-none-eabi/12.3.1/../../../../arm-none-eabi/lib/thumb/v7e-m+fp/hard\libnosys.a
END GROUP
START GROUP
LOAD C:/ST/STM32CubeIDE_1.15.1/STM32CubeIDE/plugins/com.st.stm32cube.ide.mcu.externaltools.gnu-tools-for-stm32.12.3.rel1.win32_1.0.100.202403111256/tools/bin/../lib/gcc/arm-none-eabi/12.3.1/thumb/v7e-m+fp/hard\libgcc.a
LOAD C:/ST/STM32CubeIDE_1.15.1/STM32CubeIDE/plugins/com.st.stm32cube.ide.mcu.externaltools.gnu-tools-for-stm32.12.3.rel1.win32_1.0.100.202403111256/tools/bin/../lib/gcc/arm-none-eabi/12.3.1/../../../../arm-none-eabi/lib/thumb/v7e-m+fp/hard\libc_nano.a
LOAD C:/ST/STM32CubeIDE_1.15.1/STM32CubeIDE/plugins/com.st.stm32cube.ide.mcu.externaltools.gnu-tools-for-stm32.12.3.rel1.win32_1.0.100.202403111256/tools/bin/../lib/gcc/arm-none-eabi/12.3.1/../../../../arm-none-eabi/lib/thumb/v7e-m+fp/hard\libnosys.a
END GROUP
LOAD C:/ST/STM32CubeIDE_1.15.1/STM32CubeIDE/plugins/com.st.stm32cube.ide.mcu.externaltools.gnu-tools-for-stm32.12.3.rel1.win32_1.0.100.202403111256/tools/bin/../lib/gcc/arm-none-eabi/12.3.1/thumb/v7e-m+fp/hard/crtend.o
LOAD C:/ST/STM32CubeIDE_1.15.1/STM32CubeIDE/plugins/com.st.stm32cube.ide.mcu.externaltools.gnu-tools-for-stm32.12.3.rel1.win32_1.0.100.202403111256/tools/bin/../lib/gcc/arm-none-eabi/12.3.1/thumb/v7e-m+fp/hard/crtn.o
                0x20030000                        _estack = (ORIGIN (RAM) + LENGTH (RAM))
                0x00000200                        _Min_Heap_Size = 0x200
                0x00000400                        _Min_Stack_Size = 0x400

.isr_vector     0x08000000      0x13c
                0x08000000                        . = ALIGN (0x4)
 *(.isr_vector)
 .isr_vector    0x08000000      0x13c ./Core/Startup/startup_stm32wb5mmghx.o
                0x08000000                g_pfnVectors
                0x0800013c                        . = ALIGN (0x4)

.text           0x0800013c     0x93d4
                0x0800013c                        . = ALIGN (0x4)
 *(.text)
 .text          0x0800013c       0x40 C:/ST/STM32CubeIDE_1.15.1/STM32CubeIDE/plugins/com.st.stm32cube.ide.mcu.externaltools.gnu-tools-for-stm32.12.3.rel1.win32_1.0.100.202403111256/tools/bin/../lib/gcc/arm-none-eabi/12.3.1/thumb/v7e-m+fp/hard/crtbegin.o
 .text          0x0800017c       0x10 C:/ST/STM32CubeIDE_1.15.1/STM32CubeIDE/plugins/com.st.stm32cube.ide.mcu.externaltools.gnu-tools-for-stm32.12.3.rel1.win32_1.0.100.202403111256/tools/bin/../lib/gcc/arm-none-eabi/12.3.1/../../../../arm-none-eabi/lib/thumb/v7e-m+fp/hard\libc_nano.a(libc_a-strlen.o)
                0x0800017c                strlen
 *(.text*)
 .text.ADPD1080_ReadAllRegisters
                0x0800018c       0x80 ./Core/Src/ADPD1080.o
                0x0800018c                ADPD1080_ReadAllRegisters
 .text.ADPD1080_WriteAllRegisters
                0x0800020c      0x110 ./Core/Src/ADPD1080.o
                0x0800020c                ADPD1080_WriteAllRegisters
 .text.ADPD1080_CheckRegisters
                0x0800031c       0x50 ./Core/Src/ADPD1080.o
                0x0800031c                ADPD1080_CheckRegisters
 .text.ADPD1080_Read_Buffer
                0x0800036c       0xbc ./Core/Src/ADPD1080.o
                0x0800036c                ADPD1080_Read_Buffer
 .text.ADPD1080_Check_FIFO
                0x08000428       0x74 ./Core/Src/ADPD1080.o
                0x08000428                ADPD1080_Check_FIFO
 .text.ADPD1080_ProcessFIFO
                0x0800049c       0xd0 ./Core/Src/ADPD1080.o
                0x0800049c                ADPD1080_ProcessFIFO
 .text.ADPD1080_LEDoff
                0x0800056c       0x6a ./Core/Src/ADPD1080.o
                0x0800056c                ADPD1080_LEDoff
 .text.ADPD1080_LEDon
                0x080005d6       0x3a ./Core/Src/ADPD1080.o
                0x080005d6                ADPD1080_LEDon
 .text.APPD_EnableCPU2
                0x08000610       0x38 ./Core/Src/app_debug.o
                0x08000610                APPD_EnableCPU2
 .text.LL_PWR_SMPS_Enable
                0x08000648       0x20 ./Core/Src/app_entry.o
 .text.LL_PWR_SMPS_SetStartupCurrent
                0x08000668       0x28 ./Core/Src/app_entry.o
 .text.LL_PWR_SMPS_SetOutputVoltageLevel
                0x08000690       0x74 ./Core/Src/app_entry.o
 .text.LL_C2_PWR_SetPowerMode
                0x08000704       0x2c ./Core/Src/app_entry.o
 .text.LL_EXTI_EnableIT_32_63
                0x08000730       0x28 ./Core/Src/app_entry.o
 .text.LL_RCC_HSE_SetCapacitorTuning
                0x08000758       0x3c ./Core/Src/app_entry.o
 .text.LL_RCC_SetClkAfterWakeFromStop
                0x08000794       0x28 ./Core/Src/app_entry.o
 .text.LL_DBGMCU_GetDeviceID
                0x080007bc       0x1c ./Core/Src/app_entry.o
 .text.LL_DBGMCU_GetRevisionID
                0x080007d8       0x1c ./Core/Src/app_entry.o
 .text.LL_LPM_EnableSleep
                0x080007f4       0x20 ./Core/Src/app_entry.o
 .text.LL_RTC_EnableWriteProtection
                0x08000814       0x1a ./Core/Src/app_entry.o
 .text.LL_RTC_DisableWriteProtection
                0x0800082e       0x20 ./Core/Src/app_entry.o
 .text.LL_RTC_WAKEUP_SetClock
                0x0800084e       0x26 ./Core/Src/app_entry.o
 .text.MX_APPE_Config
                0x08000874       0x1c ./Core/Src/app_entry.o
                0x08000874                MX_APPE_Config
 .text.MX_APPE_Init
                0x08000890       0x20 ./Core/Src/app_entry.o
                0x08000890                MX_APPE_Init
 .text.Init_Smps
                0x080008b0       0x18 ./Core/Src/app_entry.o
                0x080008b0                Init_Smps
 .text.Init_Exti
                0x080008c8        0xe ./Core/Src/app_entry.o
                0x080008c8                Init_Exti
 .text.Reset_Device
                0x080008d6        0xe ./Core/Src/app_entry.o
 .text.Config_HSE
                0x080008e4       0x28 ./Core/Src/app_entry.o
 .text.System_Init
                0x0800090c       0x14 ./Core/Src/app_entry.o
 .text.Init_Rtc
                0x08000920       0x20 ./Core/Src/app_entry.o
 .text.SystemPower_Config
                0x08000940       0x1a ./Core/Src/app_entry.o
 *fill*         0x0800095a        0x2 
 .text.appe_Tl_Init
                0x0800095c       0x6c ./Core/Src/app_entry.o
 .text.APPE_SysStatusNot
                0x080009c8       0x16 ./Core/Src/app_entry.o
 *fill*         0x080009de        0x2 
 .text.APPE_SysUserEvtRx
                0x080009e0       0x68 ./Core/Src/app_entry.o
 .text.APPE_SysEvtError
                0x08000a48       0x22 ./Core/Src/app_entry.o
 .text.APPE_SysEvtReadyProcessing
                0x08000a6a       0x88 ./Core/Src/app_entry.o
 .text.HAL_Delay
                0x08000af2       0x4a ./Core/Src/app_entry.o
                0x08000af2                HAL_Delay
 .text.MX_APPE_Process
                0x08000b3c       0x10 ./Core/Src/app_entry.o
                0x08000b3c                MX_APPE_Process
 .text.UTIL_SEQ_Idle
                0x08000b4c        0xe ./Core/Src/app_entry.o
                0x08000b4c                UTIL_SEQ_Idle
 .text.UTIL_SEQ_EvtIdle
                0x08000b5a       0x1a ./Core/Src/app_entry.o
                0x08000b5a                UTIL_SEQ_EvtIdle
 .text.shci_notify_asynch_evt
                0x08000b74       0x18 ./Core/Src/app_entry.o
                0x08000b74                shci_notify_asynch_evt
 .text.shci_cmd_resp_release
                0x08000b8c       0x16 ./Core/Src/app_entry.o
                0x08000b8c                shci_cmd_resp_release
 .text.shci_cmd_resp_wait
                0x08000ba2       0x16 ./Core/Src/app_entry.o
                0x08000ba2                shci_cmd_resp_wait
 .text.LL_AHB2_GRP1_EnableClock
                0x08000bb8       0x32 ./Core/Src/gpio.o
 *fill*         0x08000bea        0x2 
 .text.MX_GPIO_Init
                0x08000bec      0x17c ./Core/Src/gpio.o
                0x08000bec                MX_GPIO_Init
 .text.LL_EXTI_EnableIT_0_31
                0x08000d68       0x28 ./Core/Src/hw_timerserver.o
 .text.LL_EXTI_EnableRisingTrig_0_31
                0x08000d90       0x24 ./Core/Src/hw_timerserver.o
 .text.ReadRtcSsrValue
                0x08000db4       0x40 ./Core/Src/hw_timerserver.o
 .text.LinkTimerAfter
                0x08000df4       0x8c ./Core/Src/hw_timerserver.o
 .text.LinkTimerBefore
                0x08000e80       0xc0 ./Core/Src/hw_timerserver.o
 .text.linkTimer
                0x08000f40      0x154 ./Core/Src/hw_timerserver.o
 .text.UnlinkTimer
                0x08001094      0x108 ./Core/Src/hw_timerserver.o
 .text.ReturnTimeElapsed
                0x0800119c       0x80 ./Core/Src/hw_timerserver.o
 .text.RestartWakeupCounter
                0x0800121c       0xb0 ./Core/Src/hw_timerserver.o
 .text.RescheduleTimerList
                0x080012cc      0x134 ./Core/Src/hw_timerserver.o
 .text.HW_TS_RTC_Wakeup_Handler
                0x08001400      0x190 ./Core/Src/hw_timerserver.o
                0x08001400                HW_TS_RTC_Wakeup_Handler
 .text.HW_TS_Init
                0x08001590      0x1b4 ./Core/Src/hw_timerserver.o
                0x08001590                HW_TS_Init
 .text.HW_TS_Create
                0x08001744       0xf4 ./Core/Src/hw_timerserver.o
                0x08001744                HW_TS_Create
 .text.HW_TS_Stop
                0x08001838      0x108 ./Core/Src/hw_timerserver.o
                0x08001838                HW_TS_Stop
 .text.HW_TS_Start
                0x08001940      0x10c ./Core/Src/hw_timerserver.o
                0x08001940                HW_TS_Start
 .text.HW_TS_RTC_Int_AppNot
                0x08001a4c       0x1a ./Core/Src/hw_timerserver.o
                0x08001a4c                HW_TS_RTC_Int_AppNot
 .text.LL_AHB2_GRP1_EnableClock
                0x08001a66       0x32 ./Core/Src/i2c.o
 .text.LL_APB1_GRP1_EnableClock
                0x08001a98       0x32 ./Core/Src/i2c.o
 *fill*         0x08001aca        0x2 
 .text.MX_I2C1_Init
                0x08001acc       0x80 ./Core/Src/i2c.o
                0x08001acc                MX_I2C1_Init
 .text.HAL_I2C_MspInit
                0x08001b4c       0x90 ./Core/Src/i2c.o
                0x08001b4c                HAL_I2C_MspInit
 .text.LL_AHB3_GRP1_EnableClock
                0x08001bdc       0x32 ./Core/Src/ipcc.o
 *fill*         0x08001c0e        0x2 
 .text.MX_IPCC_Init
                0x08001c10       0x28 ./Core/Src/ipcc.o
                0x08001c10                MX_IPCC_Init
 .text.HAL_IPCC_MspInit
                0x08001c38       0x48 ./Core/Src/ipcc.o
                0x08001c38                HAL_IPCC_MspInit
 .text.main     0x08001c80       0x9c ./Core/Src/main.o
                0x08001c80                main
 .text.SystemClock_Config
                0x08001d1c       0xd8 ./Core/Src/main.o
                0x08001d1c                SystemClock_Config
 .text.PeriphCommonClock_Config
                0x08001df4       0x40 ./Core/Src/main.o
                0x08001df4                PeriphCommonClock_Config
 .text.Error_Handler
                0x08001e34        0xc ./Core/Src/main.o
                0x08001e34                Error_Handler
 .text.MX_RF_Init
                0x08001e40        0xe ./Core/Src/rf.o
                0x08001e40                MX_RF_Init
 .text.LL_RCC_EnableRTC
                0x08001e4e       0x22 ./Core/Src/rtc.o
 .text.LL_APB1_GRP1_EnableClock
                0x08001e70       0x32 ./Core/Src/rtc.o
 *fill*         0x08001ea2        0x2 
 .text.MX_RTC_Init
                0x08001ea4       0x68 ./Core/Src/rtc.o
                0x08001ea4                MX_RTC_Init
 .text.HAL_RTC_MspInit
                0x08001f0c       0x6c ./Core/Src/rtc.o
                0x08001f0c                HAL_RTC_MspInit
 .text.LL_AHB3_GRP1_EnableClock
                0x08001f78       0x32 ./Core/Src/stm32wbxx_hal_msp.o
 .text.HAL_MspInit
                0x08001faa       0x30 ./Core/Src/stm32wbxx_hal_msp.o
                0x08001faa                HAL_MspInit
 .text.NMI_Handler
                0x08001fda        0x8 ./Core/Src/stm32wbxx_it.o
                0x08001fda                NMI_Handler
 .text.HardFault_Handler
                0x08001fe2        0x8 ./Core/Src/stm32wbxx_it.o
                0x08001fe2                HardFault_Handler
 .text.MemManage_Handler
                0x08001fea        0x8 ./Core/Src/stm32wbxx_it.o
                0x08001fea                MemManage_Handler
 .text.BusFault_Handler
                0x08001ff2        0x8 ./Core/Src/stm32wbxx_it.o
                0x08001ff2                BusFault_Handler
 .text.UsageFault_Handler
                0x08001ffa        0x8 ./Core/Src/stm32wbxx_it.o
                0x08001ffa                UsageFault_Handler
 .text.SVC_Handler
                0x08002002        0xe ./Core/Src/stm32wbxx_it.o
                0x08002002                SVC_Handler
 .text.DebugMon_Handler
                0x08002010        0xe ./Core/Src/stm32wbxx_it.o
                0x08002010                DebugMon_Handler
 .text.PendSV_Handler
                0x0800201e        0xe ./Core/Src/stm32wbxx_it.o
                0x0800201e                PendSV_Handler
 .text.SysTick_Handler
                0x0800202c        0xc ./Core/Src/stm32wbxx_it.o
                0x0800202c                SysTick_Handler
 .text.RTC_WKUP_IRQHandler
                0x08002038        0xc ./Core/Src/stm32wbxx_it.o
                0x08002038                RTC_WKUP_IRQHandler
 .text.RCC_IRQHandler
                0x08002044        0xe ./Core/Src/stm32wbxx_it.o
                0x08002044                RCC_IRQHandler
 .text.EXTI2_IRQHandler
                0x08002052        0xe ./Core/Src/stm32wbxx_it.o
                0x08002052                EXTI2_IRQHandler
 .text.IPCC_C1_RX_IRQHandler
                0x08002060        0xc ./Core/Src/stm32wbxx_it.o
                0x08002060                IPCC_C1_RX_IRQHandler
 .text.IPCC_C1_TX_IRQHandler
                0x0800206c        0xc ./Core/Src/stm32wbxx_it.o
                0x0800206c                IPCC_C1_TX_IRQHandler
 .text.HSEM_IRQHandler
                0x08002078        0xc ./Core/Src/stm32wbxx_it.o
                0x08002078                HSEM_IRQHandler
 .text.SystemInit
                0x08002084       0xa4 ./Core/Src/system_stm32wbxx.o
                0x08002084                SystemInit
 .text.data_initializers
                0x08002128       0x18 ./Core/Startup/startup_stm32wb5mmghx.o
 .text.Reset_Handler
                0x08002140       0x58 ./Core/Startup/startup_stm32wb5mmghx.o
                0x08002140                Reset_Handler
 .text.Default_Handler
                0x08002198        0x2 ./Core/Startup/startup_stm32wb5mmghx.o
                0x08002198                RTC_Alarm_IRQHandler
                0x08002198                TIM1_CC_IRQHandler
                0x08002198                TSC_IRQHandler
                0x08002198                USB_HP_IRQHandler
                0x08002198                EXTI3_IRQHandler
                0x08002198                LPTIM2_IRQHandler
                0x08002198                I2C3_ER_IRQHandler
                0x08002198                EXTI0_IRQHandler
                0x08002198                FPU_IRQHandler
                0x08002198                TIM1_UP_TIM16_IRQHandler
                0x08002198                AES1_IRQHandler
                0x08002198                SPI1_IRQHandler
                0x08002198                PWR_SOTF_BLEACT_802ACT_RFPHASE_IRQHandler
                0x08002198                DMA2_Channel2_IRQHandler
                0x08002198                DMA1_Channel4_IRQHandler
                0x08002198                ADC1_IRQHandler
                0x08002198                PKA_IRQHandler
                0x08002198                DMA1_Channel7_IRQHandler
                0x08002198                LCD_IRQHandler
                0x08002198                DMA2_Channel1_IRQHandler
                0x08002198                QUADSPI_IRQHandler
                0x08002198                I2C1_EV_IRQHandler
                0x08002198                DMAMUX1_OVR_IRQHandler
                0x08002198                DMA1_Channel6_IRQHandler
                0x08002198                DMA2_Channel4_IRQHandler
                0x08002198                DMA1_Channel1_IRQHandler
                0x08002198                Default_Handler
                0x08002198                DMA2_Channel7_IRQHandler
                0x08002198                EXTI15_10_IRQHandler
                0x08002198                C2SEV_PWR_C2H_IRQHandler
                0x08002198                AES2_IRQHandler
                0x08002198                I2C3_EV_IRQHandler
                0x08002198                EXTI9_5_IRQHandler
                0x08002198                PVD_PVM_IRQHandler
                0x08002198                SPI2_IRQHandler
                0x08002198                DMA2_Channel5_IRQHandler
                0x08002198                CRS_IRQHandler
                0x08002198                DMA1_Channel5_IRQHandler
                0x08002198                USB_LP_IRQHandler
                0x08002198                EXTI4_IRQHandler
                0x08002198                RNG_IRQHandler
                0x08002198                TIM1_TRG_COM_TIM17_IRQHandler
                0x08002198                TAMP_STAMP_LSECSS_IRQHandler
                0x08002198                DMA1_Channel3_IRQHandler
                0x08002198                COMP_IRQHandler
                0x08002198                WWDG_IRQHandler
                0x08002198                LPUART1_IRQHandler
                0x08002198                DMA2_Channel6_IRQHandler
                0x08002198                TIM2_IRQHandler
                0x08002198                TIM1_BRK_IRQHandler
                0x08002198                EXTI1_IRQHandler
                0x08002198                DMA1_Channel2_IRQHandler
                0x08002198                FLASH_IRQHandler
                0x08002198                USART1_IRQHandler
                0x08002198                I2C1_ER_IRQHandler
                0x08002198                LPTIM1_IRQHandler
                0x08002198                SAI1_IRQHandler
                0x08002198                DMA2_Channel3_IRQHandler
 *fill*         0x0800219a        0x2 
 .text.HAL_Init
                0x0800219c       0x40 ./Drivers/STM32WBxx_HAL_Driver/stm32wbxx_hal.o
                0x0800219c                HAL_Init
 .text.HAL_InitTick
                0x080021dc       0x74 ./Drivers/STM32WBxx_HAL_Driver/stm32wbxx_hal.o
                0x080021dc                HAL_InitTick
 .text.HAL_IncTick
                0x08002250       0x28 ./Drivers/STM32WBxx_HAL_Driver/stm32wbxx_hal.o
                0x08002250                HAL_IncTick
 .text.HAL_GetTick
                0x08002278       0x18 ./Drivers/STM32WBxx_HAL_Driver/stm32wbxx_hal.o
                0x08002278                HAL_GetTick
 .text.HAL_GetTickPrio
                0x08002290       0x18 ./Drivers/STM32WBxx_HAL_Driver/stm32wbxx_hal.o
                0x08002290                HAL_GetTickPrio
 .text.HAL_GetTickFreq
                0x080022a8       0x18 ./Drivers/STM32WBxx_HAL_Driver/stm32wbxx_hal.o
                0x080022a8                HAL_GetTickFreq
 .text.__NVIC_SetPriorityGrouping
                0x080022c0       0x48 ./Drivers/STM32WBxx_HAL_Driver/stm32wbxx_hal_cortex.o
 .text.__NVIC_GetPriorityGrouping
                0x08002308       0x1c ./Drivers/STM32WBxx_HAL_Driver/stm32wbxx_hal_cortex.o
 .text.__NVIC_EnableIRQ
                0x08002324       0x3c ./Drivers/STM32WBxx_HAL_Driver/stm32wbxx_hal_cortex.o
 .text.__NVIC_DisableIRQ
                0x08002360       0x48 ./Drivers/STM32WBxx_HAL_Driver/stm32wbxx_hal_cortex.o
 .text.__NVIC_SetPendingIRQ
                0x080023a8       0x3c ./Drivers/STM32WBxx_HAL_Driver/stm32wbxx_hal_cortex.o
 .text.__NVIC_ClearPendingIRQ
                0x080023e4       0x3c ./Drivers/STM32WBxx_HAL_Driver/stm32wbxx_hal_cortex.o
 .text.__NVIC_SetPriority
                0x08002420       0x54 ./Drivers/STM32WBxx_HAL_Driver/stm32wbxx_hal_cortex.o
 .text.NVIC_EncodePriority
                0x08002474       0x66 ./Drivers/STM32WBxx_HAL_Driver/stm32wbxx_hal_cortex.o
 *fill*         0x080024da        0x2 
 .text.SysTick_Config
                0x080024dc       0x44 ./Drivers/STM32WBxx_HAL_Driver/stm32wbxx_hal_cortex.o
 .text.HAL_NVIC_SetPriorityGrouping
                0x08002520       0x16 ./Drivers/STM32WBxx_HAL_Driver/stm32wbxx_hal_cortex.o
                0x08002520                HAL_NVIC_SetPriorityGrouping
 .text.HAL_NVIC_SetPriority
                0x08002536       0x34 ./Drivers/STM32WBxx_HAL_Driver/stm32wbxx_hal_cortex.o
                0x08002536                HAL_NVIC_SetPriority
 .text.HAL_NVIC_EnableIRQ
                0x0800256a       0x1c ./Drivers/STM32WBxx_HAL_Driver/stm32wbxx_hal_cortex.o
                0x0800256a                HAL_NVIC_EnableIRQ
 .text.HAL_NVIC_DisableIRQ
                0x08002586       0x1c ./Drivers/STM32WBxx_HAL_Driver/stm32wbxx_hal_cortex.o
                0x08002586                HAL_NVIC_DisableIRQ
 .text.HAL_SYSTICK_Config
                0x080025a2       0x18 ./Drivers/STM32WBxx_HAL_Driver/stm32wbxx_hal_cortex.o
                0x080025a2                HAL_SYSTICK_Config
 .text.HAL_NVIC_SetPendingIRQ
                0x080025ba       0x1c ./Drivers/STM32WBxx_HAL_Driver/stm32wbxx_hal_cortex.o
                0x080025ba                HAL_NVIC_SetPendingIRQ
 .text.HAL_NVIC_ClearPendingIRQ
                0x080025d6       0x1c ./Drivers/STM32WBxx_HAL_Driver/stm32wbxx_hal_cortex.o
                0x080025d6                HAL_NVIC_ClearPendingIRQ
 *fill*         0x080025f2        0x2 
 .text.HAL_GPIO_Init
                0x080025f4      0x2e0 ./Drivers/STM32WBxx_HAL_Driver/stm32wbxx_hal_gpio.o
                0x080025f4                HAL_GPIO_Init
 .text.HAL_GPIO_WritePin
                0x080028d4       0x30 ./Drivers/STM32WBxx_HAL_Driver/stm32wbxx_hal_gpio.o
                0x080028d4                HAL_GPIO_WritePin
 .text.HAL_GPIO_EXTI_IRQHandler
                0x08002904       0x30 ./Drivers/STM32WBxx_HAL_Driver/stm32wbxx_hal_gpio.o
                0x08002904                HAL_GPIO_EXTI_IRQHandler
 .text.HAL_GPIO_EXTI_Callback
                0x08002934       0x16 ./Drivers/STM32WBxx_HAL_Driver/stm32wbxx_hal_gpio.o
                0x08002934                HAL_GPIO_EXTI_Callback
 *fill*         0x0800294a        0x2 
 .text.HAL_HSEM_IRQHandler
                0x0800294c       0x34 ./Drivers/STM32WBxx_HAL_Driver/stm32wbxx_hal_hsem.o
                0x0800294c                HAL_HSEM_IRQHandler
 .text.HAL_HSEM_FreeCallback
                0x08002980       0x14 ./Drivers/STM32WBxx_HAL_Driver/stm32wbxx_hal_hsem.o
                0x08002980                HAL_HSEM_FreeCallback
 .text.HAL_I2C_Init
                0x08002994      0x136 ./Drivers/STM32WBxx_HAL_Driver/stm32wbxx_hal_i2c.o
                0x08002994                HAL_I2C_Init
 *fill*         0x08002aca        0x2 
 .text.HAL_I2C_Mem_Write
                0x08002acc      0x228 ./Drivers/STM32WBxx_HAL_Driver/stm32wbxx_hal_i2c.o
                0x08002acc                HAL_I2C_Mem_Write
 .text.HAL_I2C_Mem_Read
                0x08002cf4      0x234 ./Drivers/STM32WBxx_HAL_Driver/stm32wbxx_hal_i2c.o
                0x08002cf4                HAL_I2C_Mem_Read
 .text.I2C_RequestMemoryWrite
                0x08002f28       0xa8 ./Drivers/STM32WBxx_HAL_Driver/stm32wbxx_hal_i2c.o
 .text.I2C_RequestMemoryRead
                0x08002fd0       0xa8 ./Drivers/STM32WBxx_HAL_Driver/stm32wbxx_hal_i2c.o
 .text.I2C_Flush_TXDR
                0x08003078       0x48 ./Drivers/STM32WBxx_HAL_Driver/stm32wbxx_hal_i2c.o
 .text.I2C_WaitOnFlagUntilTimeout
                0x080030c0       0xb2 ./Drivers/STM32WBxx_HAL_Driver/stm32wbxx_hal_i2c.o
 .text.I2C_WaitOnTXISFlagUntilTimeout
                0x08003172       0x8e ./Drivers/STM32WBxx_HAL_Driver/stm32wbxx_hal_i2c.o
 .text.I2C_WaitOnSTOPFlagUntilTimeout
                0x08003200       0x86 ./Drivers/STM32WBxx_HAL_Driver/stm32wbxx_hal_i2c.o
 *fill*         0x08003286        0x2 
 .text.I2C_IsErrorOccurred
                0x08003288      0x1c0 ./Drivers/STM32WBxx_HAL_Driver/stm32wbxx_hal_i2c.o
 .text.I2C_TransferConfig
                0x08003448       0x64 ./Drivers/STM32WBxx_HAL_Driver/stm32wbxx_hal_i2c.o
 .text.HAL_I2CEx_ConfigAnalogFilter
                0x080034ac       0x96 ./Drivers/STM32WBxx_HAL_Driver/stm32wbxx_hal_i2c_ex.o
                0x080034ac                HAL_I2CEx_ConfigAnalogFilter
 .text.HAL_I2CEx_ConfigDigitalFilter
                0x08003542       0x98 ./Drivers/STM32WBxx_HAL_Driver/stm32wbxx_hal_i2c_ex.o
                0x08003542                HAL_I2CEx_ConfigDigitalFilter
 *fill*         0x080035da        0x2 
 .text.HAL_IPCC_Init
                0x080035dc       0x64 ./Drivers/STM32WBxx_HAL_Driver/stm32wbxx_hal_ipcc.o
                0x080035dc                HAL_IPCC_Init
 .text.HAL_IPCC_RxCallback
                0x08003640       0x1a ./Drivers/STM32WBxx_HAL_Driver/stm32wbxx_hal_ipcc.o
                0x08003640                HAL_IPCC_RxCallback
 .text.HAL_IPCC_TxCallback
                0x0800365a       0x1a ./Drivers/STM32WBxx_HAL_Driver/stm32wbxx_hal_ipcc.o
                0x0800365a                HAL_IPCC_TxCallback
 .text.IPCC_SetDefaultCallbacks
                0x08003674       0x4c ./Drivers/STM32WBxx_HAL_Driver/stm32wbxx_hal_ipcc.o
                0x08003674                IPCC_SetDefaultCallbacks
 .text.IPCC_Reset_Register
                0x080036c0       0x28 ./Drivers/STM32WBxx_HAL_Driver/stm32wbxx_hal_ipcc.o
                0x080036c0                IPCC_Reset_Register
 .text.HAL_PWR_EnableBkUpAccess
                0x080036e8       0x20 ./Drivers/STM32WBxx_HAL_Driver/stm32wbxx_hal_pwr.o
                0x080036e8                HAL_PWR_EnableBkUpAccess
 .text.HAL_PWREx_GetVoltageRange
                0x08003708       0x1c ./Drivers/STM32WBxx_HAL_Driver/stm32wbxx_hal_pwr_ex.o
                0x08003708                HAL_PWREx_GetVoltageRange
 .text.LL_RCC_HSE_IsEnabledDiv2
                0x08003724       0x24 ./Drivers/STM32WBxx_HAL_Driver/stm32wbxx_hal_rcc.o
 .text.LL_RCC_HSE_Enable
                0x08003748       0x1e ./Drivers/STM32WBxx_HAL_Driver/stm32wbxx_hal_rcc.o
 .text.LL_RCC_HSE_Disable
                0x08003766       0x1e ./Drivers/STM32WBxx_HAL_Driver/stm32wbxx_hal_rcc.o
 .text.LL_RCC_HSE_IsReady
                0x08003784       0x24 ./Drivers/STM32WBxx_HAL_Driver/stm32wbxx_hal_rcc.o
 .text.LL_RCC_HSI_Enable
                0x080037a8       0x1e ./Drivers/STM32WBxx_HAL_Driver/stm32wbxx_hal_rcc.o
 .text.LL_RCC_HSI_Disable
                0x080037c6       0x1e ./Drivers/STM32WBxx_HAL_Driver/stm32wbxx_hal_rcc.o
 .text.LL_RCC_HSI_IsReady
                0x080037e4       0x24 ./Drivers/STM32WBxx_HAL_Driver/stm32wbxx_hal_rcc.o
 .text.LL_RCC_HSI_SetCalibTrimming
                0x08003808       0x2a ./Drivers/STM32WBxx_HAL_Driver/stm32wbxx_hal_rcc.o
 .text.LL_RCC_HSI48_Enable
                0x08003832       0x22 ./Drivers/STM32WBxx_HAL_Driver/stm32wbxx_hal_rcc.o
 .text.LL_RCC_HSI48_Disable
                0x08003854       0x22 ./Drivers/STM32WBxx_HAL_Driver/stm32wbxx_hal_rcc.o
 .text.LL_RCC_HSI48_IsReady
                0x08003876       0x24 ./Drivers/STM32WBxx_HAL_Driver/stm32wbxx_hal_rcc.o
 .text.LL_RCC_LSE_Enable
                0x0800389a       0x22 ./Drivers/STM32WBxx_HAL_Driver/stm32wbxx_hal_rcc.o
 .text.LL_RCC_LSE_Disable
                0x080038bc       0x22 ./Drivers/STM32WBxx_HAL_Driver/stm32wbxx_hal_rcc.o
 .text.LL_RCC_LSE_EnableBypass
                0x080038de       0x22 ./Drivers/STM32WBxx_HAL_Driver/stm32wbxx_hal_rcc.o
 .text.LL_RCC_LSE_DisableBypass
                0x08003900       0x22 ./Drivers/STM32WBxx_HAL_Driver/stm32wbxx_hal_rcc.o
 .text.LL_RCC_LSE_IsReady
                0x08003922       0x24 ./Drivers/STM32WBxx_HAL_Driver/stm32wbxx_hal_rcc.o
 .text.LL_RCC_LSI1_Enable
                0x08003946       0x22 ./Drivers/STM32WBxx_HAL_Driver/stm32wbxx_hal_rcc.o
 .text.LL_RCC_LSI1_Disable
                0x08003968       0x22 ./Drivers/STM32WBxx_HAL_Driver/stm32wbxx_hal_rcc.o
 .text.LL_RCC_LSI1_IsReady
                0x0800398a       0x24 ./Drivers/STM32WBxx_HAL_Driver/stm32wbxx_hal_rcc.o
 .text.LL_RCC_LSI2_Enable
                0x080039ae       0x22 ./Drivers/STM32WBxx_HAL_Driver/stm32wbxx_hal_rcc.o
 .text.LL_RCC_LSI2_Disable
                0x080039d0       0x22 ./Drivers/STM32WBxx_HAL_Driver/stm32wbxx_hal_rcc.o
 .text.LL_RCC_LSI2_IsReady
                0x080039f2       0x24 ./Drivers/STM32WBxx_HAL_Driver/stm32wbxx_hal_rcc.o
 .text.LL_RCC_LSI2_SetTrimming
                0x08003a16       0x2e ./Drivers/STM32WBxx_HAL_Driver/stm32wbxx_hal_rcc.o
 .text.LL_RCC_MSI_Enable
                0x08003a44       0x1e ./Drivers/STM32WBxx_HAL_Driver/stm32wbxx_hal_rcc.o
 .text.LL_RCC_MSI_Disable
                0x08003a62       0x1e ./Drivers/STM32WBxx_HAL_Driver/stm32wbxx_hal_rcc.o
 .text.LL_RCC_MSI_IsReady
                0x08003a80       0x22 ./Drivers/STM32WBxx_HAL_Driver/stm32wbxx_hal_rcc.o
 .text.LL_RCC_MSI_SetRange
                0x08003aa2       0x28 ./Drivers/STM32WBxx_HAL_Driver/stm32wbxx_hal_rcc.o
 .text.LL_RCC_MSI_GetRange
                0x08003aca       0x2a ./Drivers/STM32WBxx_HAL_Driver/stm32wbxx_hal_rcc.o
 .text.LL_RCC_MSI_SetCalibTrimming
                0x08003af4       0x2a ./Drivers/STM32WBxx_HAL_Driver/stm32wbxx_hal_rcc.o
 .text.LL_RCC_SetSysClkSource
                0x08003b1e       0x28 ./Drivers/STM32WBxx_HAL_Driver/stm32wbxx_hal_rcc.o
 .text.LL_RCC_GetSysClkSource
                0x08003b46       0x18 ./Drivers/STM32WBxx_HAL_Driver/stm32wbxx_hal_rcc.o
 .text.LL_RCC_SetAHBPrescaler
                0x08003b5e       0x28 ./Drivers/STM32WBxx_HAL_Driver/stm32wbxx_hal_rcc.o
 .text.LL_C2_RCC_SetAHBPrescaler
                0x08003b86       0x2c ./Drivers/STM32WBxx_HAL_Driver/stm32wbxx_hal_rcc.o
 .text.LL_RCC_SetAHB4Prescaler
                0x08003bb2       0x2e ./Drivers/STM32WBxx_HAL_Driver/stm32wbxx_hal_rcc.o
 .text.LL_RCC_SetAPB1Prescaler
                0x08003be0       0x28 ./Drivers/STM32WBxx_HAL_Driver/stm32wbxx_hal_rcc.o
 .text.LL_RCC_SetAPB2Prescaler
                0x08003c08       0x28 ./Drivers/STM32WBxx_HAL_Driver/stm32wbxx_hal_rcc.o
 .text.LL_RCC_GetAHBPrescaler
                0x08003c30       0x18 ./Drivers/STM32WBxx_HAL_Driver/stm32wbxx_hal_rcc.o
 .text.LL_RCC_GetAHB4Prescaler
                0x08003c48       0x1c ./Drivers/STM32WBxx_HAL_Driver/stm32wbxx_hal_rcc.o
 .text.LL_RCC_PLL_Enable
                0x08003c64       0x1e ./Drivers/STM32WBxx_HAL_Driver/stm32wbxx_hal_rcc.o
 .text.LL_RCC_PLL_Disable
                0x08003c82       0x1e ./Drivers/STM32WBxx_HAL_Driver/stm32wbxx_hal_rcc.o
 .text.LL_RCC_PLL_IsReady
                0x08003ca0       0x24 ./Drivers/STM32WBxx_HAL_Driver/stm32wbxx_hal_rcc.o
 .text.LL_RCC_PLL_GetN
                0x08003cc4       0x1a ./Drivers/STM32WBxx_HAL_Driver/stm32wbxx_hal_rcc.o
 .text.LL_RCC_PLL_GetR
                0x08003cde       0x18 ./Drivers/STM32WBxx_HAL_Driver/stm32wbxx_hal_rcc.o
 .text.LL_RCC_PLL_GetDivider
                0x08003cf6       0x18 ./Drivers/STM32WBxx_HAL_Driver/stm32wbxx_hal_rcc.o
 .text.LL_RCC_PLL_GetMainSource
                0x08003d0e       0x18 ./Drivers/STM32WBxx_HAL_Driver/stm32wbxx_hal_rcc.o
 .text.LL_RCC_IsActiveFlag_HPRE
                0x08003d26       0x24 ./Drivers/STM32WBxx_HAL_Driver/stm32wbxx_hal_rcc.o
 .text.LL_RCC_IsActiveFlag_C2HPRE
                0x08003d4a       0x26 ./Drivers/STM32WBxx_HAL_Driver/stm32wbxx_hal_rcc.o
 .text.LL_RCC_IsActiveFlag_SHDHPRE
                0x08003d70       0x26 ./Drivers/STM32WBxx_HAL_Driver/stm32wbxx_hal_rcc.o
 .text.LL_RCC_IsActiveFlag_PPRE1
                0x08003d96       0x24 ./Drivers/STM32WBxx_HAL_Driver/stm32wbxx_hal_rcc.o
 .text.LL_RCC_IsActiveFlag_PPRE2
                0x08003dba       0x24 ./Drivers/STM32WBxx_HAL_Driver/stm32wbxx_hal_rcc.o
 *fill*         0x08003dde        0x2 
 .text.HAL_RCC_OscConfig
                0x08003de0      0x6e8 ./Drivers/STM32WBxx_HAL_Driver/stm32wbxx_hal_rcc.o
                0x08003de0                HAL_RCC_OscConfig
 .text.HAL_RCC_ClockConfig
                0x080044c8      0x280 ./Drivers/STM32WBxx_HAL_Driver/stm32wbxx_hal_rcc.o
                0x080044c8                HAL_RCC_ClockConfig
 .text.HAL_RCC_GetSysClockFreq
                0x08004748       0xd8 ./Drivers/STM32WBxx_HAL_Driver/stm32wbxx_hal_rcc.o
                0x08004748                HAL_RCC_GetSysClockFreq
 .text.HAL_RCC_GetHCLKFreq
                0x08004820       0x28 ./Drivers/STM32WBxx_HAL_Driver/stm32wbxx_hal_rcc.o
                0x08004820                HAL_RCC_GetHCLKFreq
 .text.RCC_SetFlashLatencyFromMSIRange
                0x08004848       0x70 ./Drivers/STM32WBxx_HAL_Driver/stm32wbxx_hal_rcc.o
 .text.RCC_SetFlashLatency
                0x080048b8       0xf8 ./Drivers/STM32WBxx_HAL_Driver/stm32wbxx_hal_rcc.o
 .text.LL_RCC_LSE_IsEnabled
                0x080049b0       0x24 ./Drivers/STM32WBxx_HAL_Driver/stm32wbxx_hal_rcc_ex.o
 .text.LL_RCC_LSE_IsReady
                0x080049d4       0x24 ./Drivers/STM32WBxx_HAL_Driver/stm32wbxx_hal_rcc_ex.o
 .text.LL_RCC_SetRFWKPClockSource
                0x080049f8       0x2c ./Drivers/STM32WBxx_HAL_Driver/stm32wbxx_hal_rcc_ex.o
 .text.LL_RCC_SetSMPSClockSource
                0x08004a24       0x28 ./Drivers/STM32WBxx_HAL_Driver/stm32wbxx_hal_rcc_ex.o
 .text.LL_RCC_SetSMPSPrescaler
                0x08004a4c       0x28 ./Drivers/STM32WBxx_HAL_Driver/stm32wbxx_hal_rcc_ex.o
 .text.LL_RCC_SetUSARTClockSource
                0x08004a74       0x2c ./Drivers/STM32WBxx_HAL_Driver/stm32wbxx_hal_rcc_ex.o
 .text.LL_RCC_SetLPUARTClockSource
                0x08004aa0       0x2c ./Drivers/STM32WBxx_HAL_Driver/stm32wbxx_hal_rcc_ex.o
 .text.LL_RCC_SetI2CClockSource
                0x08004acc       0x3a ./Drivers/STM32WBxx_HAL_Driver/stm32wbxx_hal_rcc_ex.o
 .text.LL_RCC_SetLPTIMClockSource
                0x08004b06       0x34 ./Drivers/STM32WBxx_HAL_Driver/stm32wbxx_hal_rcc_ex.o
 .text.LL_RCC_SetSAIClockSource
                0x08004b3a       0x2c ./Drivers/STM32WBxx_HAL_Driver/stm32wbxx_hal_rcc_ex.o
 .text.LL_RCC_SetRNGClockSource
                0x08004b66       0x2c ./Drivers/STM32WBxx_HAL_Driver/stm32wbxx_hal_rcc_ex.o
 .text.LL_RCC_SetCLK48ClockSource
                0x08004b92       0x2c ./Drivers/STM32WBxx_HAL_Driver/stm32wbxx_hal_rcc_ex.o
 .text.LL_RCC_SetUSBClockSource
                0x08004bbe       0x16 ./Drivers/STM32WBxx_HAL_Driver/stm32wbxx_hal_rcc_ex.o
 .text.LL_RCC_SetADCClockSource
                0x08004bd4       0x2c ./Drivers/STM32WBxx_HAL_Driver/stm32wbxx_hal_rcc_ex.o
 .text.LL_RCC_SetRTCClockSource
                0x08004c00       0x2c ./Drivers/STM32WBxx_HAL_Driver/stm32wbxx_hal_rcc_ex.o
 .text.LL_RCC_GetRTCClockSource
                0x08004c2c       0x1a ./Drivers/STM32WBxx_HAL_Driver/stm32wbxx_hal_rcc_ex.o
 .text.LL_RCC_ForceBackupDomainReset
                0x08004c46       0x22 ./Drivers/STM32WBxx_HAL_Driver/stm32wbxx_hal_rcc_ex.o
 .text.LL_RCC_ReleaseBackupDomainReset
                0x08004c68       0x22 ./Drivers/STM32WBxx_HAL_Driver/stm32wbxx_hal_rcc_ex.o
 .text.LL_RCC_PLLSAI1_Enable
                0x08004c8a       0x1e ./Drivers/STM32WBxx_HAL_Driver/stm32wbxx_hal_rcc_ex.o
 .text.LL_RCC_PLLSAI1_Disable
                0x08004ca8       0x1e ./Drivers/STM32WBxx_HAL_Driver/stm32wbxx_hal_rcc_ex.o
 .text.LL_RCC_PLLSAI1_IsReady
                0x08004cc6       0x24 ./Drivers/STM32WBxx_HAL_Driver/stm32wbxx_hal_rcc_ex.o
 .text.HAL_RCCEx_PeriphCLKConfig
                0x08004cea      0x2ec ./Drivers/STM32WBxx_HAL_Driver/stm32wbxx_hal_rcc_ex.o
                0x08004cea                HAL_RCCEx_PeriphCLKConfig
 .text.RCCEx_PLLSAI1_ConfigNP
                0x08004fd6       0xb6 ./Drivers/STM32WBxx_HAL_Driver/stm32wbxx_hal_rcc_ex.o
 .text.RCCEx_PLLSAI1_ConfigNQ
                0x0800508c       0xb6 ./Drivers/STM32WBxx_HAL_Driver/stm32wbxx_hal_rcc_ex.o
 .text.RCCEx_PLLSAI1_ConfigNR
                0x08005142       0xb6 ./Drivers/STM32WBxx_HAL_Driver/stm32wbxx_hal_rcc_ex.o
 .text.HAL_RTC_Init
                0x080051f8      0x160 ./Drivers/STM32WBxx_HAL_Driver/stm32wbxx_hal_rtc.o
                0x080051f8                HAL_RTC_Init
 .text.HAL_RTC_WaitForSynchro
                0x08005358       0x4c ./Drivers/STM32WBxx_HAL_Driver/stm32wbxx_hal_rtc.o
                0x08005358                HAL_RTC_WaitForSynchro
 .text.RTC_EnterInitMode
                0x080053a4       0x54 ./Drivers/STM32WBxx_HAL_Driver/stm32wbxx_hal_rtc.o
                0x080053a4                RTC_EnterInitMode
 .text.HAL_RTCEx_SetWakeUpTimer_IT
                0x080053f8      0x178 ./Drivers/STM32WBxx_HAL_Driver/stm32wbxx_hal_rtc_ex.o
                0x080053f8                HAL_RTCEx_SetWakeUpTimer_IT
 .text.aci_gap_set_non_discoverable
                0x08005570       0x48 ./Middlewares/STM32_WPAN/ble_gap_aci.o
                0x08005570                aci_gap_set_non_discoverable
 .text.aci_gap_set_discoverable
                0x080055b8      0x1f4 ./Middlewares/STM32_WPAN/ble_gap_aci.o
                0x080055b8                aci_gap_set_discoverable
 .text.aci_gap_set_io_capability
                0x080057ac       0xa8 ./Middlewares/STM32_WPAN/ble_gap_aci.o
                0x080057ac                aci_gap_set_io_capability
 .text.aci_gap_set_authentication_requirement
                0x08005854      0x188 ./Middlewares/STM32_WPAN/ble_gap_aci.o
                0x08005854                aci_gap_set_authentication_requirement
 .text.aci_gap_pass_key_resp
                0x080059dc       0xce ./Middlewares/STM32_WPAN/ble_gap_aci.o
                0x080059dc                aci_gap_pass_key_resp
 .text.aci_gap_init
                0x08005aaa      0x15a ./Middlewares/STM32_WPAN/ble_gap_aci.o
                0x08005aaa                aci_gap_init
 .text.aci_gap_update_adv_data
                0x08005c04       0xe4 ./Middlewares/STM32_WPAN/ble_gap_aci.o
                0x08005c04                aci_gap_update_adv_data
 .text.aci_gap_configure_filter_accept_list
                0x08005ce8       0x48 ./Middlewares/STM32_WPAN/ble_gap_aci.o
                0x08005ce8                aci_gap_configure_filter_accept_list
 .text.aci_gap_numeric_comparison_value_confirm_yesno
                0x08005d30       0xce ./Middlewares/STM32_WPAN/ble_gap_aci.o
                0x08005d30                aci_gap_numeric_comparison_value_confirm_yesno
 .text.aci_gatt_init
                0x08005dfe       0x4a ./Middlewares/STM32_WPAN/ble_gatt_aci.o
                0x08005dfe                aci_gatt_init
 .text.aci_gatt_add_service
                0x08005e48      0x1ac ./Middlewares/STM32_WPAN/ble_gatt_aci.o
                0x08005e48                aci_gatt_add_service
 .text.aci_gatt_add_char
                0x08005ff4      0x210 ./Middlewares/STM32_WPAN/ble_gatt_aci.o
                0x08005ff4                aci_gatt_add_char
 .text.aci_gatt_update_char_value
                0x08006204      0x152 ./Middlewares/STM32_WPAN/ble_gatt_aci.o
                0x08006204                aci_gatt_update_char_value
 .text.aci_gatt_confirm_indication
                0x08006356       0xaa ./Middlewares/STM32_WPAN/ble_gatt_aci.o
                0x08006356                aci_gatt_confirm_indication
 .text.aci_gatt_allow_read
                0x08006400       0xaa ./Middlewares/STM32_WPAN/ble_gatt_aci.o
                0x08006400                aci_gatt_allow_read
 .text.aci_gatt_update_char_value_ext
                0x080064aa      0x186 ./Middlewares/STM32_WPAN/ble_gatt_aci.o
                0x080064aa                aci_gatt_update_char_value_ext
 .text.aci_hal_write_config_data
                0x08006630      0x10a ./Middlewares/STM32_WPAN/ble_hal_aci.o
                0x08006630                aci_hal_write_config_data
 .text.aci_hal_set_tx_power_level
                0x0800673a       0xce ./Middlewares/STM32_WPAN/ble_hal_aci.o
                0x0800673a                aci_hal_set_tx_power_level
 .text.aci_hal_set_radio_activity_mask
                0x08006808       0xa8 ./Middlewares/STM32_WPAN/ble_hal_aci.o
                0x08006808                aci_hal_set_radio_activity_mask
 .text.hci_reset
                0x080068b0       0x48 ./Middlewares/STM32_WPAN/ble_hci_le.o
                0x080068b0                hci_reset
 .text.hci_le_set_default_phy
                0x080068f8       0xfa ./Middlewares/STM32_WPAN/ble_hci_le.o
                0x080068f8                hci_le_set_default_phy
 *fill*         0x080069f2        0x2 
 .text.hci_init
                0x080069f4       0x38 ./Middlewares/STM32_WPAN/hci_tl.o
                0x080069f4                hci_init
 .text.hci_user_evt_proc
                0x08006a2c       0x9c ./Middlewares/STM32_WPAN/hci_tl.o
                0x08006a2c                hci_user_evt_proc
 .text.hci_send_req
                0x08006ac8      0x108 ./Middlewares/STM32_WPAN/hci_tl.o
                0x08006ac8                hci_send_req
 .text.TlInit   0x08006bd0       0x60 ./Middlewares/STM32_WPAN/hci_tl.o
 .text.SendCmd  0x08006c30       0x4c ./Middlewares/STM32_WPAN/hci_tl.o
 .text.NotifyCmdStatus
                0x08006c7c       0x40 ./Middlewares/STM32_WPAN/hci_tl.o
 .text.TlEvtReceived
                0x08006cbc       0x48 ./Middlewares/STM32_WPAN/hci_tl.o
 .text.hci_register_io_bus
                0x08006d04       0x28 ./Middlewares/STM32_WPAN/hci_tl_if.o
                0x08006d04                hci_register_io_bus
 .text.Osal_MemCpy
                0x08006d2c       0x20 ./Middlewares/STM32_WPAN/osal.o
                0x08006d2c                Osal_MemCpy
 .text.Osal_MemSet
                0x08006d4c       0x20 ./Middlewares/STM32_WPAN/osal.o
                0x08006d4c                Osal_MemSet
 .text.OTP_Read
                0x08006d6c       0x50 ./Middlewares/STM32_WPAN/otp.o
                0x08006d6c                OTP_Read
 .text.SHCI_C2_BLE_Init
                0x08006dbc       0x2e ./Middlewares/STM32_WPAN/shci.o
                0x08006dbc                SHCI_C2_BLE_Init
 .text.SHCI_C2_DEBUG_Init
                0x08006dea       0x2e ./Middlewares/STM32_WPAN/shci.o
                0x08006dea                SHCI_C2_DEBUG_Init
 .text.SHCI_C2_Config
                0x08006e18       0x2a ./Middlewares/STM32_WPAN/shci.o
                0x08006e18                SHCI_C2_Config
 *fill*         0x08006e42        0x2 
 .text.SHCI_GetWirelessFwInfo
                0x08006e44      0x15c ./Middlewares/STM32_WPAN/shci.o
                0x08006e44                SHCI_GetWirelessFwInfo
 .text.shci_init
                0x08006fa0       0x38 ./Middlewares/STM32_WPAN/shci_tl.o
                0x08006fa0                shci_init
 .text.shci_user_evt_proc
                0x08006fd8       0x9c ./Middlewares/STM32_WPAN/shci_tl.o
                0x08006fd8                shci_user_evt_proc
 .text.shci_send
                0x08007074       0x84 ./Middlewares/STM32_WPAN/shci_tl.o
                0x08007074                shci_send
 .text.TlInit   0x080070f8       0x64 ./Middlewares/STM32_WPAN/shci_tl.o
 .text.Cmd_SetStatus
                0x0800715c       0x50 ./Middlewares/STM32_WPAN/shci_tl.o
 .text.TlCmdEvtReceived
                0x080071ac       0x16 ./Middlewares/STM32_WPAN/shci_tl.o
 *fill*         0x080071c2        0x2 
 .text.TlUserEvtReceived
                0x080071c4       0x24 ./Middlewares/STM32_WPAN/shci_tl.o
 .text.shci_register_io_bus
                0x080071e8       0x28 ./Middlewares/STM32_WPAN/shci_tl_if.o
                0x080071e8                shci_register_io_bus
 .text.LST_init_head
                0x08007210       0x20 ./Middlewares/STM32_WPAN/stm_list.o
                0x08007210                LST_init_head
 .text.LST_is_empty
                0x08007230       0x44 ./Middlewares/STM32_WPAN/stm_list.o
                0x08007230                LST_is_empty
 .text.LST_insert_head
                0x08007274       0x4c ./Middlewares/STM32_WPAN/stm_list.o
                0x08007274                LST_insert_head
 .text.LST_insert_tail
                0x080072c0       0x4c ./Middlewares/STM32_WPAN/stm_list.o
                0x080072c0                LST_insert_tail
 .text.LST_remove_node
                0x0800730c       0x42 ./Middlewares/STM32_WPAN/stm_list.o
                0x0800730c                LST_remove_node
 .text.LST_remove_head
                0x0800734e       0x3e ./Middlewares/STM32_WPAN/stm_list.o
                0x0800734e                LST_remove_head
 .text.BAS_Init
                0x0800738c        0xe ./Middlewares/STM32_WPAN/svc_ctl.o
                0x0800738c                BAS_Init
 .text.BLS_Init
                0x0800739a        0xe ./Middlewares/STM32_WPAN/svc_ctl.o
                0x0800739a                BLS_Init
 .text.CRS_STM_Init
                0x080073a8        0xe ./Middlewares/STM32_WPAN/svc_ctl.o
                0x080073a8                CRS_STM_Init
 .text.DIS_Init
                0x080073b6        0xe ./Middlewares/STM32_WPAN/svc_ctl.o
                0x080073b6                DIS_Init
 .text.EDS_STM_Init
                0x080073c4        0xe ./Middlewares/STM32_WPAN/svc_ctl.o
                0x080073c4                EDS_STM_Init
 .text.HIDS_Init
                0x080073d2        0xe ./Middlewares/STM32_WPAN/svc_ctl.o
                0x080073d2                HIDS_Init
 .text.HRS_Init
                0x080073e0        0xe ./Middlewares/STM32_WPAN/svc_ctl.o
                0x080073e0                HRS_Init
 .text.HTS_Init
                0x080073ee        0xe ./Middlewares/STM32_WPAN/svc_ctl.o
                0x080073ee                HTS_Init
 .text.IAS_Init
                0x080073fc        0xe ./Middlewares/STM32_WPAN/svc_ctl.o
                0x080073fc                IAS_Init
 .text.LLS_Init
                0x0800740a        0xe ./Middlewares/STM32_WPAN/svc_ctl.o
                0x0800740a                LLS_Init
 .text.TPS_Init
                0x08007418        0xe ./Middlewares/STM32_WPAN/svc_ctl.o
                0x08007418                TPS_Init
 .text.MOTENV_STM_Init
                0x08007426        0xe ./Middlewares/STM32_WPAN/svc_ctl.o
                0x08007426                MOTENV_STM_Init
 .text.P2PS_STM_Init
                0x08007434        0xe ./Middlewares/STM32_WPAN/svc_ctl.o
                0x08007434                P2PS_STM_Init
 .text.ZDD_STM_Init
                0x08007442        0xe ./Middlewares/STM32_WPAN/svc_ctl.o
                0x08007442                ZDD_STM_Init
 .text.OTAS_STM_Init
                0x08007450        0xe ./Middlewares/STM32_WPAN/svc_ctl.o
                0x08007450                OTAS_STM_Init
 .text.MESH_Init
                0x0800745e        0xe ./Middlewares/STM32_WPAN/svc_ctl.o
                0x0800745e                MESH_Init
 .text.BVOPUS_STM_Init
                0x0800746c        0xe ./Middlewares/STM32_WPAN/svc_ctl.o
                0x0800746c                BVOPUS_STM_Init
 *fill*         0x0800747a        0x2 
 .text.SVCCTL_Init
                0x0800747c       0x20 ./Middlewares/STM32_WPAN/svc_ctl.o
                0x0800747c                SVCCTL_Init
 .text.SVCCTL_SvcInit
                0x0800749c       0x50 ./Middlewares/STM32_WPAN/svc_ctl.o
                0x0800749c                SVCCTL_SvcInit
 .text.SVCCTL_RegisterSvcHandler
                0x080074ec       0x34 ./Middlewares/STM32_WPAN/svc_ctl.o
                0x080074ec                SVCCTL_RegisterSvcHandler
 .text.SVCCTL_UserEvtRx
                0x08007520       0xe0 ./Middlewares/STM32_WPAN/svc_ctl.o
                0x08007520                SVCCTL_UserEvtRx
 .text.TL_Enable
                0x08007600        0xc ./Middlewares/STM32_WPAN/tl_mbox.o
                0x08007600                TL_Enable
 .text.TL_Init  0x0800760c       0x74 ./Middlewares/STM32_WPAN/tl_mbox.o
                0x0800760c                TL_Init
 .text.TL_BLE_Init
                0x08007680       0x68 ./Middlewares/STM32_WPAN/tl_mbox.o
                0x08007680                TL_BLE_Init
 .text.TL_BLE_SendCmd
                0x080076e8       0x38 ./Middlewares/STM32_WPAN/tl_mbox.o
                0x080076e8                TL_BLE_SendCmd
 .text.HW_IPCC_BLE_RxEvtNot
                0x08007720       0x60 ./Middlewares/STM32_WPAN/tl_mbox.o
                0x08007720                HW_IPCC_BLE_RxEvtNot
 .text.HW_IPCC_BLE_AclDataAckNot
                0x08007780       0x14 ./Middlewares/STM32_WPAN/tl_mbox.o
                0x08007780                HW_IPCC_BLE_AclDataAckNot
 .text.TL_SYS_Init
                0x08007794       0x54 ./Middlewares/STM32_WPAN/tl_mbox.o
                0x08007794                TL_SYS_Init
 .text.TL_SYS_SendCmd
                0x080077e8       0x38 ./Middlewares/STM32_WPAN/tl_mbox.o
                0x080077e8                TL_SYS_SendCmd
 .text.HW_IPCC_SYS_CmdEvtNot
                0x08007820       0x2c ./Middlewares/STM32_WPAN/tl_mbox.o
                0x08007820                HW_IPCC_SYS_CmdEvtNot
 .text.HW_IPCC_SYS_EvtNot
                0x0800784c       0x44 ./Middlewares/STM32_WPAN/tl_mbox.o
                0x0800784c                HW_IPCC_SYS_EvtNot
 .text.TL_MM_Init
                0x08007890       0x78 ./Middlewares/STM32_WPAN/tl_mbox.o
                0x08007890                TL_MM_Init
 .text.TL_MM_EvtDone
                0x08007908       0x30 ./Middlewares/STM32_WPAN/tl_mbox.o
                0x08007908                TL_MM_EvtDone
 .text.SendFreeBuf
                0x08007938       0x40 ./Middlewares/STM32_WPAN/tl_mbox.o
 .text.TL_TRACES_Init
                0x08007978       0x24 ./Middlewares/STM32_WPAN/tl_mbox.o
                0x08007978                TL_TRACES_Init
 .text.HW_IPCC_TRACES_EvtNot
                0x0800799c       0x34 ./Middlewares/STM32_WPAN/tl_mbox.o
                0x0800799c                HW_IPCC_TRACES_EvtNot
 .text.TL_TRACES_EvtReceived
                0x080079d0       0x14 ./Middlewares/STM32_WPAN/tl_mbox.o
                0x080079d0                TL_TRACES_EvtReceived
 .text.OutputDbgTrace
                0x080079e4       0xac ./Middlewares/STM32_WPAN/tl_mbox.o
 .text.LL_FLASH_GetUDN
                0x08007a90       0x18 ./STM32_WPAN/App/app_ble.o
 .text.LL_FLASH_GetDeviceID
                0x08007aa8       0x18 ./STM32_WPAN/App/app_ble.o
 .text.LL_FLASH_GetSTCompanyID
                0x08007ac0       0x18 ./STM32_WPAN/App/app_ble.o
 .text.APP_BLE_Init
                0x08007ad8       0xb4 ./STM32_WPAN/App/app_ble.o
                0x08007ad8                APP_BLE_Init
 .text.SVCCTL_App_Notification
                0x08007b8c      0x1b8 ./STM32_WPAN/App/app_ble.o
                0x08007b8c                SVCCTL_App_Notification
 .text.Ble_Tl_Init
                0x08007d44       0x2c ./STM32_WPAN/App/app_ble.o
 .text.Ble_Hci_Gap_Gatt_Init
                0x08007d70      0x168 ./STM32_WPAN/App/app_ble.o
 .text.Adv_Request
                0x08007ed8       0x60 ./STM32_WPAN/App/app_ble.o
 .text.BleGetBdAddress
                0x08007f38       0x88 ./STM32_WPAN/App/app_ble.o
 .text.Adv_Cancel
                0x08007fc0       0x34 ./STM32_WPAN/App/app_ble.o
 .text.hci_notify_asynch_evt
                0x08007ff4       0x18 ./STM32_WPAN/App/app_ble.o
                0x08007ff4                hci_notify_asynch_evt
 .text.hci_cmd_resp_release
                0x0800800c       0x16 ./STM32_WPAN/App/app_ble.o
                0x0800800c                hci_cmd_resp_release
 .text.hci_cmd_resp_wait
                0x08008022       0x16 ./STM32_WPAN/App/app_ble.o
                0x08008022                hci_cmd_resp_wait
 .text.BLE_UserEvtRx
                0x08008038       0x38 ./STM32_WPAN/App/app_ble.o
 .text.BLE_StatusNot
                0x08008070       0x36 ./STM32_WPAN/App/app_ble.o
 *fill*         0x080080a6        0x2 
 .text.Custom_STM_App_Notification
                0x080080a8       0xc8 ./STM32_WPAN/App/custom_app.o
                0x080080a8                Custom_STM_App_Notification
 .text.Custom_APP_Notification
                0x08008170       0x54 ./STM32_WPAN/App/custom_app.o
                0x08008170                Custom_APP_Notification
 .text.Custom_APP_Init
                0x080081c4       0x80 ./STM32_WPAN/App/custom_app.o
                0x080081c4                Custom_APP_Init
 .text.Custom_Bhw_Send_Notification
                0x08008244      0x118 ./STM32_WPAN/App/custom_app.o
 .text.Custom_Bhr_Send_Notification
                0x0800835c       0x8c ./STM32_WPAN/App/custom_app.o
 .text.Custom_Bhrv_Send_Notification
                0x080083e8       0x4c ./STM32_WPAN/App/custom_app.o
 .text.BhwMeas_PeriodicTask
                0x08008434       0x12 ./STM32_WPAN/App/custom_app.o
 .text.FastMeas_PeriodicTask
                0x08008446       0x12 ./STM32_WPAN/App/custom_app.o
 .text.Custom_Fast_Send_Notification
                0x08008458       0x24 ./STM32_WPAN/App/custom_app.o
 .text.Custom_STM_Event_Handler
                0x0800847c      0x360 ./STM32_WPAN/App/custom_stm.o
 .text.SVCCTL_InitCustomSvc
                0x080087dc      0x15c ./STM32_WPAN/App/custom_stm.o
                0x080087dc                SVCCTL_InitCustomSvc
 .text.Custom_STM_App_Update_Char
                0x08008938       0xa0 ./STM32_WPAN/App/custom_stm.o
                0x08008938                Custom_STM_App_Update_Char
 .text.Custom_STM_App_Update_Char_Ext
                0x080089d8       0x94 ./STM32_WPAN/App/custom_stm.o
                0x080089d8                Custom_STM_App_Update_Char_Ext
 .text.Generic_STM_App_Update_Char_Ext
                0x08008a6c       0xd0 ./STM32_WPAN/App/custom_stm.o
 .text.LL_PWR_EnableBootC2
                0x08008b3c       0x20 ./STM32_WPAN/Target/hw_ipcc.o
 .text.LL_C2_EXTI_EnableEvent_32_63
                0x08008b5c       0x28 ./STM32_WPAN/Target/hw_ipcc.o
 .text.LL_EXTI_EnableRisingTrig_32_63
                0x08008b84       0x24 ./STM32_WPAN/Target/hw_ipcc.o
 .text.LL_AHB3_GRP1_EnableClock
                0x08008ba8       0x32 ./STM32_WPAN/Target/hw_ipcc.o
 .text.LL_C2_AHB3_GRP1_EnableClock
                0x08008bda       0x38 ./STM32_WPAN/Target/hw_ipcc.o
 .text.LL_C1_IPCC_EnableIT_TXF
                0x08008c12       0x20 ./STM32_WPAN/Target/hw_ipcc.o
 .text.LL_C1_IPCC_EnableIT_RXO
                0x08008c32       0x20 ./STM32_WPAN/Target/hw_ipcc.o
 .text.LL_C1_IPCC_EnableTransmitChannel
                0x08008c52       0x26 ./STM32_WPAN/Target/hw_ipcc.o
 .text.LL_C1_IPCC_DisableTransmitChannel
                0x08008c78       0x24 ./STM32_WPAN/Target/hw_ipcc.o
 .text.LL_C1_IPCC_EnableReceiveChannel
                0x08008c9c       0x24 ./STM32_WPAN/Target/hw_ipcc.o
 .text.LL_C1_IPCC_ClearFlag_CHx
                0x08008cc0       0x1c ./STM32_WPAN/Target/hw_ipcc.o
 .text.LL_C1_IPCC_SetFlag_CHx
                0x08008cdc       0x1e ./STM32_WPAN/Target/hw_ipcc.o
 .text.LL_C1_IPCC_IsActiveFlag_CHx
                0x08008cfa       0x2a ./STM32_WPAN/Target/hw_ipcc.o
 .text.LL_C2_IPCC_IsActiveFlag_CHx
                0x08008d24       0x2a ./STM32_WPAN/Target/hw_ipcc.o
 *fill*         0x08008d4e        0x2 
 .text.HW_IPCC_Rx_Handler
                0x08008d50       0x6c ./STM32_WPAN/Target/hw_ipcc.o
                0x08008d50                HW_IPCC_Rx_Handler
 .text.HW_IPCC_Tx_Handler
                0x08008dbc       0x6c ./STM32_WPAN/Target/hw_ipcc.o
                0x08008dbc                HW_IPCC_Tx_Handler
 .text.HW_IPCC_Enable
                0x08008e28       0x28 ./STM32_WPAN/Target/hw_ipcc.o
                0x08008e28                HW_IPCC_Enable
 .text.HW_IPCC_Init
                0x08008e50       0x2c ./STM32_WPAN/Target/hw_ipcc.o
                0x08008e50                HW_IPCC_Init
 .text.HW_IPCC_BLE_Init
                0x08008e7c       0x14 ./STM32_WPAN/Target/hw_ipcc.o
                0x08008e7c                HW_IPCC_BLE_Init
 .text.HW_IPCC_BLE_SendCmd
                0x08008e90       0x14 ./STM32_WPAN/Target/hw_ipcc.o
                0x08008e90                HW_IPCC_BLE_SendCmd
 .text.HW_IPCC_BLE_EvtHandler
                0x08008ea4       0x18 ./STM32_WPAN/Target/hw_ipcc.o
 .text.HW_IPCC_BLE_AclDataEvtHandler
                0x08008ebc       0x18 ./STM32_WPAN/Target/hw_ipcc.o
 .text.HW_IPCC_SYS_Init
                0x08008ed4       0x14 ./STM32_WPAN/Target/hw_ipcc.o
                0x08008ed4                HW_IPCC_SYS_Init
 .text.HW_IPCC_SYS_SendCmd
                0x08008ee8       0x1c ./STM32_WPAN/Target/hw_ipcc.o
                0x08008ee8                HW_IPCC_SYS_SendCmd
 .text.HW_IPCC_SYS_CmdEvtHandler
                0x08008f04       0x18 ./STM32_WPAN/Target/hw_ipcc.o
 .text.HW_IPCC_SYS_EvtHandler
                0x08008f1c       0x18 ./STM32_WPAN/Target/hw_ipcc.o
 .text.HW_IPCC_MM_SendFreeBuf
                0x08008f34       0x44 ./STM32_WPAN/Target/hw_ipcc.o
                0x08008f34                HW_IPCC_MM_SendFreeBuf
 .text.HW_IPCC_MM_FreeBufHandler
                0x08008f78       0x28 ./STM32_WPAN/Target/hw_ipcc.o
 .text.HW_IPCC_TRACES_Init
                0x08008fa0       0x14 ./STM32_WPAN/Target/hw_ipcc.o
                0x08008fa0                HW_IPCC_TRACES_Init
 .text.HW_IPCC_TRACES_EvtHandler
                0x08008fb4       0x18 ./STM32_WPAN/Target/hw_ipcc.o
 .text.UTIL_LPM_Init
                0x08008fcc       0x24 ./Utilities/stm32_lpm.o
                0x08008fcc                UTIL_LPM_Init
 .text.UTIL_LPM_SetOffMode
                0x08008ff0       0x60 ./Utilities/stm32_lpm.o
                0x08008ff0                UTIL_LPM_SetOffMode
 .text.UTIL_SEQ_Run
                0x08009050      0x1f8 ./Utilities/stm32_seq.o
                0x08009050                UTIL_SEQ_Run
 .text.UTIL_SEQ_RegTask
                0x08009248       0x44 ./Utilities/stm32_seq.o
                0x08009248                UTIL_SEQ_RegTask
 .text.UTIL_SEQ_SetTask
                0x0800928c       0x58 ./Utilities/stm32_seq.o
                0x0800928c                UTIL_SEQ_SetTask
 .text.UTIL_SEQ_PauseTask
                0x080092e4       0x40 ./Utilities/stm32_seq.o
                0x080092e4                UTIL_SEQ_PauseTask
 .text.UTIL_SEQ_ResumeTask
                0x08009324       0x40 ./Utilities/stm32_seq.o
                0x08009324                UTIL_SEQ_ResumeTask
 .text.UTIL_SEQ_SetEvt
                0x08009364       0x40 ./Utilities/stm32_seq.o
                0x08009364                UTIL_SEQ_SetEvt
 .text.UTIL_SEQ_WaitEvt
                0x080093a4       0x94 ./Utilities/stm32_seq.o
                0x080093a4                UTIL_SEQ_WaitEvt
 .text.UTIL_SEQ_PreIdle
                0x08009438        0xe ./Utilities/stm32_seq.o
                0x08009438                UTIL_SEQ_PreIdle
 .text.UTIL_SEQ_PostIdle
                0x08009446        0xe ./Utilities/stm32_seq.o
                0x08009446                UTIL_SEQ_PostIdle
 .text.SEQ_BitPosition
                0x08009454       0x30 ./Utilities/stm32_seq.o
                0x08009454                SEQ_BitPosition
 .text.memset   0x08009484       0x10 C:/ST/STM32CubeIDE_1.15.1/STM32CubeIDE/plugins/com.st.stm32cube.ide.mcu.externaltools.gnu-tools-for-stm32.12.3.rel1.win32_1.0.100.202403111256/tools/bin/../lib/gcc/arm-none-eabi/12.3.1/../../../../arm-none-eabi/lib/thumb/v7e-m+fp/hard\libc_nano.a(libc_a-memset.o)
                0x08009484                memset
 .text.__libc_init_array
                0x08009494       0x48 C:/ST/STM32CubeIDE_1.15.1/STM32CubeIDE/plugins/com.st.stm32cube.ide.mcu.externaltools.gnu-tools-for-stm32.12.3.rel1.win32_1.0.100.202403111256/tools/bin/../lib/gcc/arm-none-eabi/12.3.1/../../../../arm-none-eabi/lib/thumb/v7e-m+fp/hard\libc_nano.a(libc_a-init.o)
                0x08009494                __libc_init_array
 .text.memcpy   0x080094dc       0x1c C:/ST/STM32CubeIDE_1.15.1/STM32CubeIDE/plugins/com.st.stm32cube.ide.mcu.externaltools.gnu-tools-for-stm32.12.3.rel1.win32_1.0.100.202403111256/tools/bin/../lib/gcc/arm-none-eabi/12.3.1/../../../../arm-none-eabi/lib/thumb/v7e-m+fp/hard\libc_nano.a(libc_a-memcpy-stub.o)
                0x080094dc                memcpy
 *(.glue_7)
 .glue_7        0x080094f8        0x0 linker stubs
 *(.glue_7t)
 .glue_7t       0x080094f8        0x0 linker stubs
 *(.eh_frame)
 .eh_frame      0x080094f8        0x0 C:/ST/STM32CubeIDE_1.15.1/STM32CubeIDE/plugins/com.st.stm32cube.ide.mcu.externaltools.gnu-tools-for-stm32.12.3.rel1.win32_1.0.100.202403111256/tools/bin/../lib/gcc/arm-none-eabi/12.3.1/thumb/v7e-m+fp/hard/crtbegin.o
 *(.init)
 .init          0x080094f8        0x4 C:/ST/STM32CubeIDE_1.15.1/STM32CubeIDE/plugins/com.st.stm32cube.ide.mcu.externaltools.gnu-tools-for-stm32.12.3.rel1.win32_1.0.100.202403111256/tools/bin/../lib/gcc/arm-none-eabi/12.3.1/thumb/v7e-m+fp/hard/crti.o
                0x080094f8                _init
 .init          0x080094fc        0x8 C:/ST/STM32CubeIDE_1.15.1/STM32CubeIDE/plugins/com.st.stm32cube.ide.mcu.externaltools.gnu-tools-for-stm32.12.3.rel1.win32_1.0.100.202403111256/tools/bin/../lib/gcc/arm-none-eabi/12.3.1/thumb/v7e-m+fp/hard/crtn.o
 *(.fini)
 .fini          0x08009504        0x4 C:/ST/STM32CubeIDE_1.15.1/STM32CubeIDE/plugins/com.st.stm32cube.ide.mcu.externaltools.gnu-tools-for-stm32.12.3.rel1.win32_1.0.100.202403111256/tools/bin/../lib/gcc/arm-none-eabi/12.3.1/thumb/v7e-m+fp/hard/crti.o
                0x08009504                _fini
 .fini          0x08009508        0x8 C:/ST/STM32CubeIDE_1.15.1/STM32CubeIDE/plugins/com.st.stm32cube.ide.mcu.externaltools.gnu-tools-for-stm32.12.3.rel1.win32_1.0.100.202403111256/tools/bin/../lib/gcc/arm-none-eabi/12.3.1/thumb/v7e-m+fp/hard/crtn.o
                0x08009510                        . = ALIGN (0x4)
                0x08009510                        _etext = .

.vfp11_veneer   0x08009510        0x0
 .vfp11_veneer  0x08009510        0x0 linker stubs

.v4_bx          0x08009510        0x0
 .v4_bx         0x08009510        0x0 linker stubs

.iplt           0x08009510        0x0
 .iplt          0x08009510        0x0 C:/ST/STM32CubeIDE_1.15.1/STM32CubeIDE/plugins/com.st.stm32cube.ide.mcu.externaltools.gnu-tools-for-stm32.12.3.rel1.win32_1.0.100.202403111256/tools/bin/../lib/gcc/arm-none-eabi/12.3.1/thumb/v7e-m+fp/hard/crtbegin.o

.rodata         0x08009510      0x268
                0x08009510                        . = ALIGN (0x4)
 *(.rodata)
 .rodata        0x08009510       0x1b ./Core/Src/app_debug.o
 *fill*         0x0800952b        0x1 
 .rodata        0x0800952c       0x2c ./Drivers/STM32WBxx_HAL_Driver/stm32wbxx_hal_rcc.o
 .rodata        0x08009558       0x45 ./STM32_WPAN/App/app_ble.o
 *(.rodata*)
 *fill*         0x0800959d        0x3 
 .rodata.aGpioConfigList
                0x080095a0      0x130 ./Core/Src/app_debug.o
 .rodata.AHBPrescTable
                0x080096d0       0x40 ./Core/Src/system_stm32wbxx.o
                0x080096d0                AHBPrescTable
 .rodata.MSIRangeTable
                0x08009710       0x40 ./Core/Src/system_stm32wbxx.o
                0x08009710                MSIRangeTable
 .rodata.a_MBdAddr
                0x08009750        0x6 ./STM32_WPAN/App/app_ble.o
 *fill*         0x08009756        0x2 
 .rodata.a_BLE_CfgIrValue
                0x08009758       0x10 ./STM32_WPAN/App/app_ble.o
 .rodata.a_BLE_CfgErValue
                0x08009768       0x10 ./STM32_WPAN/App/app_ble.o
                0x08009778                        . = ALIGN (0x4)

.ARM.extab
 *(.ARM.extab* .gnu.linkonce.armextab.*)

.ARM            0x08009778        0x8
                0x08009778                        __exidx_start = .
 *(.ARM.exidx*)
 .ARM.exidx     0x08009778        0x8 C:/ST/STM32CubeIDE_1.15.1/STM32CubeIDE/plugins/com.st.stm32cube.ide.mcu.externaltools.gnu-tools-for-stm32.12.3.rel1.win32_1.0.100.202403111256/tools/bin/../lib/gcc/arm-none-eabi/12.3.1/../../../../arm-none-eabi/lib/thumb/v7e-m+fp/hard\libc_nano.a(libc_a-strlen.o)
                0x08009780                        __exidx_end = .

.preinit_array  0x08009780        0x0
                0x08009780                        PROVIDE (__preinit_array_start = .)
 *(.preinit_array*)
                0x08009780                        PROVIDE (__preinit_array_end = .)

.init_array     0x08009780        0x4
                0x08009780                        PROVIDE (__init_array_start = .)
 *(SORT_BY_NAME(.init_array.*))
 *(.init_array*)
 .init_array    0x08009780        0x4 C:/ST/STM32CubeIDE_1.15.1/STM32CubeIDE/plugins/com.st.stm32cube.ide.mcu.externaltools.gnu-tools-for-stm32.12.3.rel1.win32_1.0.100.202403111256/tools/bin/../lib/gcc/arm-none-eabi/12.3.1/thumb/v7e-m+fp/hard/crtbegin.o
                0x08009784                        PROVIDE (__init_array_end = .)

.fini_array     0x08009784        0x4
                [!provide]                        PROVIDE (__fini_array_start = .)
 *(SORT_BY_NAME(.fini_array.*))
 *(.fini_array*)
 .fini_array    0x08009784        0x4 C:/ST/STM32CubeIDE_1.15.1/STM32CubeIDE/plugins/com.st.stm32cube.ide.mcu.externaltools.gnu-tools-for-stm32.12.3.rel1.win32_1.0.100.202403111256/tools/bin/../lib/gcc/arm-none-eabi/12.3.1/thumb/v7e-m+fp/hard/crtbegin.o
                [!provide]                        PROVIDE (__fini_array_end = .)
                0x08009788                        _sidata = LOADADDR (.data)

.rel.dyn        0x08009788        0x0
 .rel.iplt      0x08009788        0x0 C:/ST/STM32CubeIDE_1.15.1/STM32CubeIDE/plugins/com.st.stm32cube.ide.mcu.externaltools.gnu-tools-for-stm32.12.3.rel1.win32_1.0.100.202403111256/tools/bin/../lib/gcc/arm-none-eabi/12.3.1/thumb/v7e-m+fp/hard/crtbegin.o

.data           0x20000008       0x6c load address 0x08009788
                0x20000008                        . = ALIGN (0x4)
                0x20000008                        _sdata = .
 *(.data)
 *(.data*)
 .data.adpd1080_reg_addresses
                0x20000008       0x14 ./Core/Src/ADPD1080.o
                0x20000008                adpd1080_reg_addresses
 .data.adpd1080_reg_values_write
                0x2000001c       0x28 ./Core/Src/ADPD1080.o
                0x2000001c                adpd1080_reg_values_write
 .data.SystemCoreClock
                0x20000044        0x4 ./Core/Src/system_stm32wbxx.o
                0x20000044                SystemCoreClock
 .data.uwTickPrio
                0x20000048        0x4 ./Drivers/STM32WBxx_HAL_Driver/stm32wbxx_hal.o
                0x20000048                uwTickPrio
 .data.uwTickFreq
                0x2000004c        0x1 ./Drivers/STM32WBxx_HAL_Driver/stm32wbxx_hal.o
                0x2000004c                uwTickFreq
 *fill*         0x2000004d        0x3 
 .data.a_AdvData
                0x20000050       0x15 ./STM32_WPAN/App/app_ble.o
                0x20000050                a_AdvData
 *fill*         0x20000065        0x1 
 .data.SizeBhw  0x20000066        0x2 ./STM32_WPAN/App/custom_stm.o
                0x20000066                SizeBhw
 .data.SizeBhr  0x20000068        0x2 ./STM32_WPAN/App/custom_stm.o
                0x20000068                SizeBhr
 .data.SizeBhrv
                0x2000006a        0x2 ./STM32_WPAN/App/custom_stm.o
                0x2000006a                SizeBhrv
 .data.TaskMask
                0x2000006c        0x4 ./Utilities/stm32_seq.o
 .data.SuperMask
                0x20000070        0x4 ./Utilities/stm32_seq.o
 *(.RamFunc)
 *(.RamFunc*)
                0x20000074                        . = ALIGN (0x4)
                0x20000074                        _edata = .

.igot.plt       0x20000074        0x0 load address 0x080097f4
 .igot.plt      0x20000074        0x0 C:/ST/STM32CubeIDE_1.15.1/STM32CubeIDE/plugins/com.st.stm32cube.ide.mcu.externaltools.gnu-tools-for-stm32.12.3.rel1.win32_1.0.100.202403111256/tools/bin/../lib/gcc/arm-none-eabi/12.3.1/thumb/v7e-m+fp/hard/crtbegin.o

BLE_DRIVER_CONTEXT
                0x20000074       0x4c load address 0x080097f4
 BLE_DRIVER_CONTEXT
                0x20000074       0x11 ./Middlewares/STM32_WPAN/hci_tl.o
                0x20000084                UserEventFlow
 *fill*         0x20000085        0x3 
 BLE_DRIVER_CONTEXT
                0x20000088       0x38 ./Middlewares/STM32_WPAN/svc_ctl.o
                0x20000088                SVCCTL_EvtHandler
                0x200000a8                SVCCTL_CltHandler

SYSTEM_DRIVER_CONTEXT
                0x200000c0       0x11 load address 0x08009840
 SYSTEM_DRIVER_CONTEXT
                0x200000c0       0x11 ./Middlewares/STM32_WPAN/shci_tl.o
                0x200000d0                SHCI_TL_UserEventFlow
                0x200000d4                        . = ALIGN (0x4)

.bss            0x200000d4      0x6b0 load address 0x08009851
                0x200000d4                        _sbss = .
                0x200000d4                        __bss_start__ = _sbss
 *(.bss)
 .bss           0x200000d4       0x1c C:/ST/STM32CubeIDE_1.15.1/STM32CubeIDE/plugins/com.st.stm32cube.ide.mcu.externaltools.gnu-tools-for-stm32.12.3.rel1.win32_1.0.100.202403111256/tools/bin/../lib/gcc/arm-none-eabi/12.3.1/thumb/v7e-m+fp/hard/crtbegin.o
 *(.bss*)
 .bss.adpd1080_reg_values
                0x200000f0       0x28 ./Core/Src/ADPD1080.o
                0x200000f0                adpd1080_reg_values
 .bss.adpd1080_recieved_array
                0x20000118       0x70 ./Core/Src/ADPD1080.o
                0x20000118                adpd1080_recieved_array
 .bss.fifo_byte_count
                0x20000188        0x1 ./Core/Src/ADPD1080.o
                0x20000188                fifo_byte_count
 *fill*         0x20000189        0x3 
 .bss.adpd1080_actual_reading_row_1
                0x2000018c       0x1c ./Core/Src/ADPD1080.o
                0x2000018c                adpd1080_actual_reading_row_1
 .bss.adpd1080_actual_reading_row_2
                0x200001a8       0x1c ./Core/Src/ADPD1080.o
                0x200001a8                adpd1080_actual_reading_row_2
 .bss.adpd1080_actual_reading_row_3
                0x200001c4       0x1c ./Core/Src/ADPD1080.o
                0x200001c4                adpd1080_actual_reading_row_3
 .bss.adpd1080_actual_reading_row_4
                0x200001e0       0x1c ./Core/Src/ADPD1080.o
                0x200001e0                adpd1080_actual_reading_row_4
 .bss.NewReading_Check
                0x200001fc        0x1 ./Core/Src/ADPD1080.o
                0x200001fc                NewReading_Check
 *fill*         0x200001fd        0x3 
 .bss.aTimerContext
                0x20000200       0xf0 ./Core/Src/hw_timerserver.o
 .bss.CurrentRunningTimerID
                0x200002f0        0x1 ./Core/Src/hw_timerserver.o
 .bss.PreviousRunningTimerID
                0x200002f1        0x1 ./Core/Src/hw_timerserver.o
 *fill*         0x200002f2        0x2 
 .bss.SSRValueOnLastSetup
                0x200002f4        0x4 ./Core/Src/hw_timerserver.o
 .bss.WakeupTimerLimitation
                0x200002f8        0x1 ./Core/Src/hw_timerserver.o
 .bss.WakeupTimerDivider
                0x200002f9        0x1 ./Core/Src/hw_timerserver.o
 .bss.AsynchPrescalerUserConfig
                0x200002fa        0x1 ./Core/Src/hw_timerserver.o
 *fill*         0x200002fb        0x1 
 .bss.SynchPrescalerUserConfig
                0x200002fc        0x2 ./Core/Src/hw_timerserver.o
 .bss.MaxWakeupTimerSetup
                0x200002fe        0x2 ./Core/Src/hw_timerserver.o
 .bss.hi2c1     0x20000300       0x54 ./Core/Src/i2c.o
                0x20000300                hi2c1
 .bss.hipcc     0x20000354       0x3c ./Core/Src/ipcc.o
                0x20000354                hipcc
 .bss.count     0x20000390        0x4 ./Core/Src/main.o
                0x20000390                count
 .bss.reg_data  0x20000394        0x2 ./Core/Src/main.o
                0x20000394                reg_data
 *fill*         0x20000396        0x2 
 .bss.hrtc      0x20000398       0x24 ./Core/Src/rtc.o
                0x20000398                hrtc
 .bss.uwTick    0x200003bc        0x4 ./Drivers/STM32WBxx_HAL_Driver/stm32wbxx_hal.o
                0x200003bc                uwTick
 .bss.hciContext
                0x200003c0       0x20 ./Middlewares/STM32_WPAN/hci_tl.o
 .bss.HciCmdEventQueue
                0x200003e0        0x8 ./Middlewares/STM32_WPAN/hci_tl.o
 .bss.StatusNotCallBackFunction
                0x200003e8        0x4 ./Middlewares/STM32_WPAN/hci_tl.o
 .bss.CmdRspStatusFlag
                0x200003ec        0x1 ./Middlewares/STM32_WPAN/hci_tl.o
 *fill*         0x200003ed        0x3 
 .bss.shciContext
                0x200003f0       0x20 ./Middlewares/STM32_WPAN/shci_tl.o
 .bss.StatusNotCallBackFunction
                0x20000410        0x4 ./Middlewares/STM32_WPAN/shci_tl.o
 .bss.CmdRspStatusFlag
                0x20000414        0x1 ./Middlewares/STM32_WPAN/shci_tl.o
 *fill*         0x20000415        0x3 
 .bss.LocalFreeBufQueue
                0x20000418        0x8 ./Middlewares/STM32_WPAN/tl_mbox.o
 .bss.BLE_IoBusEvtCallBackFunction
                0x20000420        0x4 ./Middlewares/STM32_WPAN/tl_mbox.o
 .bss.BLE_IoBusAclDataTxAck
                0x20000424        0x4 ./Middlewares/STM32_WPAN/tl_mbox.o
 .bss.SYS_CMD_IoBusCallBackFunction
                0x20000428        0x4 ./Middlewares/STM32_WPAN/tl_mbox.o
 .bss.SYS_EVT_IoBusCallBackFunction
                0x2000042c        0x4 ./Middlewares/STM32_WPAN/tl_mbox.o
 .bss.p_mem_manager_table.0
                0x20000430        0x4 ./Middlewares/STM32_WPAN/tl_mbox.o
 .bss.a_BdAddrUdn
                0x20000434        0x6 ./STM32_WPAN/App/app_ble.o
 *fill*         0x2000043a        0x2 
 .bss.BleApplicationContext
                0x2000043c       0x84 ./STM32_WPAN/App/app_ble.o
 .bss.HandleNotification
                0x200004c0        0x4 ./STM32_WPAN/App/app_ble.o
                0x200004c0                HandleNotification
 .bss.Custom_App_Context
                0x200004c4        0xa ./STM32_WPAN/App/custom_app.o
 *fill*         0x200004ce        0x2 
 .bss.NotifyCharData
                0x200004d0      0x200 ./STM32_WPAN/App/custom_app.o
                0x200004d0                NotifyCharData
 .bss.Connection_Handle
                0x200006d0        0x2 ./STM32_WPAN/App/custom_app.o
                0x200006d0                Connection_Handle
 .bss.Count     0x200006d2        0x1 ./STM32_WPAN/App/custom_app.o
                0x200006d2                Count
 .bss.notification_allowed
                0x200006d3        0x1 ./STM32_WPAN/App/custom_app.o
                0x200006d3                notification_allowed
 .bss.Notifyindex
                0x200006d4        0x1 ./STM32_WPAN/App/custom_app.o
                0x200006d4                Notifyindex
 .bss.Fall      0x200006d5        0x1 ./STM32_WPAN/App/custom_app.o
                0x200006d5                Fall
 .bss.steps     0x200006d6        0x2 ./STM32_WPAN/App/custom_app.o
                0x200006d6                steps
 .bss.CustomContext
                0x200006d8        0x8 ./STM32_WPAN/App/custom_stm.o
 .bss.FreeBufCb
                0x200006e0        0x4 ./STM32_WPAN/Target/hw_ipcc.o
 .bss.StopModeDisable
                0x200006e4        0x4 ./Utilities/stm32_lpm.o
 .bss.OffModeDisable
                0x200006e8        0x4 ./Utilities/stm32_lpm.o
 .bss.TaskSet   0x200006ec        0x4 ./Utilities/stm32_seq.o
 .bss.EvtSet    0x200006f0        0x4 ./Utilities/stm32_seq.o
 .bss.EvtWaited
                0x200006f4        0x4 ./Utilities/stm32_seq.o
 .bss.CurrentTaskIdx
                0x200006f8        0x4 ./Utilities/stm32_seq.o
 .bss.TaskCb    0x200006fc       0x80 ./Utilities/stm32_seq.o
 .bss.TaskPrio  0x2000077c        0x8 ./Utilities/stm32_seq.o
 *(COMMON)
                0x20000784                        . = ALIGN (0x4)
                0x20000784                        _ebss = .
                0x20000784                        __bss_end__ = _ebss

._user_heap_stack
                0x20000784      0x604 load address 0x08009851
                0x20000788                        . = ALIGN (0x8)
 *fill*         0x20000784        0x4 
                [!provide]                        PROVIDE (end = .)
                0x20000788                        PROVIDE (_end = .)
                0x20000988                        . = (. + _Min_Heap_Size)
 *fill*         0x20000788      0x200 
                0x20000d88                        . = (. + _Min_Stack_Size)
 *fill*         0x20000988      0x400 
                0x20000d88                        . = ALIGN (0x8)

/DISCARD/
 libc.a(*)
 libm.a(*)
 libgcc.a(*)

.ARM.attributes
                0x00000000       0x30
 *(.ARM.attributes)
 .ARM.attributes
                0x00000000       0x22 C:/ST/STM32CubeIDE_1.15.1/STM32CubeIDE/plugins/com.st.stm32cube.ide.mcu.externaltools.gnu-tools-for-stm32.12.3.rel1.win32_1.0.100.202403111256/tools/bin/../lib/gcc/arm-none-eabi/12.3.1/thumb/v7e-m+fp/hard/crti.o
 .ARM.attributes
                0x00000022       0x34 C:/ST/STM32CubeIDE_1.15.1/STM32CubeIDE/plugins/com.st.stm32cube.ide.mcu.externaltools.gnu-tools-for-stm32.12.3.rel1.win32_1.0.100.202403111256/tools/bin/../lib/gcc/arm-none-eabi/12.3.1/thumb/v7e-m+fp/hard/crtbegin.o
 .ARM.attributes
                0x00000056       0x34 ./Core/Src/ADPD1080.o
 .ARM.attributes
                0x0000008a       0x34 ./Core/Src/app_debug.o
 .ARM.attributes
                0x000000be       0x34 ./Core/Src/app_entry.o
 .ARM.attributes
                0x000000f2       0x34 ./Core/Src/gpio.o
 .ARM.attributes
                0x00000126       0x34 ./Core/Src/hw_timerserver.o
 .ARM.attributes
                0x0000015a       0x34 ./Core/Src/i2c.o
 .ARM.attributes
                0x0000018e       0x34 ./Core/Src/ipcc.o
 .ARM.attributes
                0x000001c2       0x34 ./Core/Src/main.o
 .ARM.attributes
                0x000001f6       0x34 ./Core/Src/rf.o
 .ARM.attributes
                0x0000022a       0x34 ./Core/Src/rtc.o
 .ARM.attributes
                0x0000025e       0x34 ./Core/Src/stm32wbxx_hal_msp.o
 .ARM.attributes
                0x00000292       0x34 ./Core/Src/stm32wbxx_it.o
 .ARM.attributes
                0x000002c6       0x34 ./Core/Src/system_stm32wbxx.o
 .ARM.attributes
                0x000002fa       0x21 ./Core/Startup/startup_stm32wb5mmghx.o
 .ARM.attributes
                0x0000031b       0x34 ./Drivers/STM32WBxx_HAL_Driver/stm32wbxx_hal.o
 .ARM.attributes
                0x0000034f       0x34 ./Drivers/STM32WBxx_HAL_Driver/stm32wbxx_hal_cortex.o
 .ARM.attributes
                0x00000383       0x34 ./Drivers/STM32WBxx_HAL_Driver/stm32wbxx_hal_gpio.o
 .ARM.attributes
                0x000003b7       0x34 ./Drivers/STM32WBxx_HAL_Driver/stm32wbxx_hal_hsem.o
 .ARM.attributes
                0x000003eb       0x34 ./Drivers/STM32WBxx_HAL_Driver/stm32wbxx_hal_i2c.o
 .ARM.attributes
                0x0000041f       0x34 ./Drivers/STM32WBxx_HAL_Driver/stm32wbxx_hal_i2c_ex.o
 .ARM.attributes
                0x00000453       0x34 ./Drivers/STM32WBxx_HAL_Driver/stm32wbxx_hal_ipcc.o
 .ARM.attributes
                0x00000487       0x34 ./Drivers/STM32WBxx_HAL_Driver/stm32wbxx_hal_pwr.o
 .ARM.attributes
                0x000004bb       0x34 ./Drivers/STM32WBxx_HAL_Driver/stm32wbxx_hal_pwr_ex.o
 .ARM.attributes
                0x000004ef       0x34 ./Drivers/STM32WBxx_HAL_Driver/stm32wbxx_hal_rcc.o
 .ARM.attributes
                0x00000523       0x34 ./Drivers/STM32WBxx_HAL_Driver/stm32wbxx_hal_rcc_ex.o
 .ARM.attributes
                0x00000557       0x34 ./Drivers/STM32WBxx_HAL_Driver/stm32wbxx_hal_rtc.o
 .ARM.attributes
                0x0000058b       0x34 ./Drivers/STM32WBxx_HAL_Driver/stm32wbxx_hal_rtc_ex.o
 .ARM.attributes
                0x000005bf       0x34 ./Middlewares/STM32_WPAN/ble_gap_aci.o
 .ARM.attributes
                0x000005f3       0x34 ./Middlewares/STM32_WPAN/ble_gatt_aci.o
 .ARM.attributes
                0x00000627       0x34 ./Middlewares/STM32_WPAN/ble_hal_aci.o
 .ARM.attributes
                0x0000065b       0x34 ./Middlewares/STM32_WPAN/ble_hci_le.o
 .ARM.attributes
                0x0000068f       0x34 ./Middlewares/STM32_WPAN/hci_tl.o
 .ARM.attributes
                0x000006c3       0x34 ./Middlewares/STM32_WPAN/hci_tl_if.o
 .ARM.attributes
                0x000006f7       0x34 ./Middlewares/STM32_WPAN/osal.o
 .ARM.attributes
                0x0000072b       0x34 ./Middlewares/STM32_WPAN/otp.o
 .ARM.attributes
                0x0000075f       0x34 ./Middlewares/STM32_WPAN/shci.o
 .ARM.attributes
                0x00000793       0x34 ./Middlewares/STM32_WPAN/shci_tl.o
 .ARM.attributes
                0x000007c7       0x34 ./Middlewares/STM32_WPAN/shci_tl_if.o
 .ARM.attributes
                0x000007fb       0x34 ./Middlewares/STM32_WPAN/stm_list.o
 .ARM.attributes
                0x0000082f       0x34 ./Middlewares/STM32_WPAN/svc_ctl.o
 .ARM.attributes
                0x00000863       0x34 ./Middlewares/STM32_WPAN/tl_mbox.o
 .ARM.attributes
                0x00000897       0x34 ./STM32_WPAN/App/app_ble.o
 .ARM.attributes
                0x000008cb       0x34 ./STM32_WPAN/App/custom_app.o
 .ARM.attributes
                0x000008ff       0x34 ./STM32_WPAN/App/custom_stm.o
 .ARM.attributes
                0x00000933       0x34 ./STM32_WPAN/Target/hw_ipcc.o
 .ARM.attributes
                0x00000967       0x34 ./Utilities/stm32_lpm.o
 .ARM.attributes
                0x0000099b       0x34 ./Utilities/stm32_seq.o
 .ARM.attributes
                0x000009cf       0x34 C:/ST/STM32CubeIDE_1.15.1/STM32CubeIDE/plugins/com.st.stm32cube.ide.mcu.externaltools.gnu-tools-for-stm32.12.3.rel1.win32_1.0.100.202403111256/tools/bin/../lib/gcc/arm-none-eabi/12.3.1/../../../../arm-none-eabi/lib/thumb/v7e-m+fp/hard\libc_nano.a(libc_a-memset.o)
 .ARM.attributes
                0x00000a03       0x34 C:/ST/STM32CubeIDE_1.15.1/STM32CubeIDE/plugins/com.st.stm32cube.ide.mcu.externaltools.gnu-tools-for-stm32.12.3.rel1.win32_1.0.100.202403111256/tools/bin/../lib/gcc/arm-none-eabi/12.3.1/../../../../arm-none-eabi/lib/thumb/v7e-m+fp/hard\libc_nano.a(libc_a-init.o)
 .ARM.attributes
                0x00000a37       0x34 C:/ST/STM32CubeIDE_1.15.1/STM32CubeIDE/plugins/com.st.stm32cube.ide.mcu.externaltools.gnu-tools-for-stm32.12.3.rel1.win32_1.0.100.202403111256/tools/bin/../lib/gcc/arm-none-eabi/12.3.1/../../../../arm-none-eabi/lib/thumb/v7e-m+fp/hard\libc_nano.a(libc_a-memcpy-stub.o)
 .ARM.attributes
                0x00000a6b       0x17 C:/ST/STM32CubeIDE_1.15.1/STM32CubeIDE/plugins/com.st.stm32cube.ide.mcu.externaltools.gnu-tools-for-stm32.12.3.rel1.win32_1.0.100.202403111256/tools/bin/../lib/gcc/arm-none-eabi/12.3.1/../../../../arm-none-eabi/lib/thumb/v7e-m+fp/hard\libc_nano.a(libc_a-strlen.o)
 .ARM.attributes
                0x00000a82       0x22 C:/ST/STM32CubeIDE_1.15.1/STM32CubeIDE/plugins/com.st.stm32cube.ide.mcu.externaltools.gnu-tools-for-stm32.12.3.rel1.win32_1.0.100.202403111256/tools/bin/../lib/gcc/arm-none-eabi/12.3.1/thumb/v7e-m+fp/hard/crtn.o

MAPPING_TABLE   0x20030000       0x28
 *(MAPPING_TABLE)
 MAPPING_TABLE  0x20030000       0x28 ./Middlewares/STM32_WPAN/tl_mbox.o

MB_MEM1         0x20030028      0x1bb
 *(MB_MEM1)
 MB_MEM1        0x20030028       0xb0 ./Middlewares/STM32_WPAN/tl_mbox.o
 MB_MEM1        0x200300d8      0x10b ./STM32_WPAN/App/app_ble.o
                0x08009851                        _siMB_MEM2 = LOADADDR (.MB_MEM2)

.MB_MEM2        0x200301e4      0x883 load address 0x08009851
                0x200301e4                        _sMB_MEM2 = .
 *(MB_MEM2)
 MB_MEM2        0x200301e4       0x12 ./Core/Src/app_debug.o
 *fill*         0x200301f6        0x2 
 MB_MEM2        0x200301f8      0x85e ./Core/Src/app_entry.o
 *fill*         0x20030a56        0x2 
 MB_MEM2        0x20030a58        0xf ./Middlewares/STM32_WPAN/tl_mbox.o
                0x20030a67                        _eMB_MEM2 = .
OUTPUT(DPFinalSTM.elf elf32-littlearm)
LOAD linker stubs
LOAD C:/ST/STM32CubeIDE_1.15.1/STM32CubeIDE/plugins/com.st.stm32cube.ide.mcu.externaltools.gnu-tools-for-stm32.12.3.rel1.win32_1.0.100.202403111256/tools/bin/../lib/gcc/arm-none-eabi/12.3.1/../../../../arm-none-eabi/lib/thumb/v7e-m+fp/hard\libc.a
LOAD C:/ST/STM32CubeIDE_1.15.1/STM32CubeIDE/plugins/com.st.stm32cube.ide.mcu.externaltools.gnu-tools-for-stm32.12.3.rel1.win32_1.0.100.202403111256/tools/bin/../lib/gcc/arm-none-eabi/12.3.1/../../../../arm-none-eabi/lib/thumb/v7e-m+fp/hard\libm.a
LOAD C:/ST/STM32CubeIDE_1.15.1/STM32CubeIDE/plugins/com.st.stm32cube.ide.mcu.externaltools.gnu-tools-for-stm32.12.3.rel1.win32_1.0.100.202403111256/tools/bin/../lib/gcc/arm-none-eabi/12.3.1/thumb/v7e-m+fp/hard\libgcc.a

.debug_info     0x00000000    0x29881
 .debug_info    0x00000000      0xb37 ./Core/Src/ADPD1080.o
 .debug_info    0x00000b37      0xb56 ./Core/Src/app_debug.o
 .debug_info    0x0000168d     0x1ca9 ./Core/Src/app_entry.o
 .debug_info    0x00003336      0x769 ./Core/Src/gpio.o
 .debug_info    0x00003a9f     0x11a8 ./Core/Src/hw_timerserver.o
 .debug_info    0x00004c47      0xeb3 ./Core/Src/i2c.o
 .debug_info    0x00005afa      0x845 ./Core/Src/ipcc.o
 .debug_info    0x0000633f      0xfa1 ./Core/Src/main.o
 .debug_info    0x000072e0       0x91 ./Core/Src/rf.o
 .debug_info    0x00007371      0xc4e ./Core/Src/rtc.o
 .debug_info    0x00007fbf      0x5e7 ./Core/Src/stm32wbxx_hal_msp.o
 .debug_info    0x000085a6      0x1c5 ./Core/Src/stm32wbxx_it.o
 .debug_info    0x0000876b      0x703 ./Core/Src/system_stm32wbxx.o
 .debug_info    0x00008e6e       0x30 ./Core/Startup/startup_stm32wb5mmghx.o
 .debug_info    0x00008e9e     0x12ae ./Drivers/STM32WBxx_HAL_Driver/stm32wbxx_hal.o
 .debug_info    0x0000a14c      0xccd ./Drivers/STM32WBxx_HAL_Driver/stm32wbxx_hal_cortex.o
 .debug_info    0x0000ae19      0x6aa ./Drivers/STM32WBxx_HAL_Driver/stm32wbxx_hal_gpio.o
 .debug_info    0x0000b4c3      0x3bc ./Drivers/STM32WBxx_HAL_Driver/stm32wbxx_hal_hsem.o
 .debug_info    0x0000b87f     0x21ee ./Drivers/STM32WBxx_HAL_Driver/stm32wbxx_hal_i2c.o
 .debug_info    0x0000da6d      0x8fb ./Drivers/STM32WBxx_HAL_Driver/stm32wbxx_hal_i2c_ex.o
 .debug_info    0x0000e368      0x7a3 ./Drivers/STM32WBxx_HAL_Driver/stm32wbxx_hal_ipcc.o
 .debug_info    0x0000eb0b      0x904 ./Drivers/STM32WBxx_HAL_Driver/stm32wbxx_hal_pwr.o
 .debug_info    0x0000f40f     0x105d ./Drivers/STM32WBxx_HAL_Driver/stm32wbxx_hal_pwr_ex.o
 .debug_info    0x0001046c     0x14d1 ./Drivers/STM32WBxx_HAL_Driver/stm32wbxx_hal_rcc.o
 .debug_info    0x0001193d     0x1c40 ./Drivers/STM32WBxx_HAL_Driver/stm32wbxx_hal_rcc_ex.o
 .debug_info    0x0001357d      0xcc7 ./Drivers/STM32WBxx_HAL_Driver/stm32wbxx_hal_rtc.o
 .debug_info    0x00014244      0xfc6 ./Drivers/STM32WBxx_HAL_Driver/stm32wbxx_hal_rtc_ex.o
 .debug_info    0x0001520a     0x38b5 ./Middlewares/STM32_WPAN/ble_gap_aci.o
 .debug_info    0x00018abf     0x30a8 ./Middlewares/STM32_WPAN/ble_gatt_aci.o
 .debug_info    0x0001bb67      0xedd ./Middlewares/STM32_WPAN/ble_hal_aci.o
 .debug_info    0x0001ca44     0x3e3e ./Middlewares/STM32_WPAN/ble_hci_le.o
 .debug_info    0x00020882      0x972 ./Middlewares/STM32_WPAN/hci_tl.o
 .debug_info    0x000211f4      0x1e0 ./Middlewares/STM32_WPAN/hci_tl_if.o
 .debug_info    0x000213d4      0x1b8 ./Middlewares/STM32_WPAN/osal.o
 .debug_info    0x0002158c       0xd1 ./Middlewares/STM32_WPAN/otp.o
 .debug_info    0x0002165d     0x19fb ./Middlewares/STM32_WPAN/shci.o
 .debug_info    0x00023058      0x7d8 ./Middlewares/STM32_WPAN/shci_tl.o
 .debug_info    0x00023830      0x1e0 ./Middlewares/STM32_WPAN/shci_tl_if.o
 .debug_info    0x00023a10      0x6d5 ./Middlewares/STM32_WPAN/stm_list.o
 .debug_info    0x000240e5      0x49f ./Middlewares/STM32_WPAN/svc_ctl.o
 .debug_info    0x00024584      0xda4 ./Middlewares/STM32_WPAN/tl_mbox.o
 .debug_info    0x00025328     0x1373 ./STM32_WPAN/App/app_ble.o
 .debug_info    0x0002669b      0xe2f ./STM32_WPAN/App/custom_app.o
 .debug_info    0x000274ca      0x905 ./STM32_WPAN/App/custom_stm.o
 .debug_info    0x00027dcf      0xd40 ./STM32_WPAN/Target/hw_ipcc.o
 .debug_info    0x00028b0f      0x3da ./Utilities/stm32_lpm.o
 .debug_info    0x00028ee9      0x998 ./Utilities/stm32_seq.o

.debug_abbrev   0x00000000     0x603c
 .debug_abbrev  0x00000000      0x25c ./Core/Src/ADPD1080.o
 .debug_abbrev  0x0000025c      0x255 ./Core/Src/app_debug.o
 .debug_abbrev  0x000004b1      0x37c ./Core/Src/app_entry.o
 .debug_abbrev  0x0000082d      0x1a1 ./Core/Src/gpio.o
 .debug_abbrev  0x000009ce      0x33a ./Core/Src/hw_timerserver.o
 .debug_abbrev  0x00000d08      0x28a ./Core/Src/i2c.o
 .debug_abbrev  0x00000f92      0x231 ./Core/Src/ipcc.o
 .debug_abbrev  0x000011c3      0x255 ./Core/Src/main.o
 .debug_abbrev  0x00001418       0x45 ./Core/Src/rf.o
 .debug_abbrev  0x0000145d      0x24f ./Core/Src/rtc.o
 .debug_abbrev  0x000016ac      0x140 ./Core/Src/stm32wbxx_hal_msp.o
 .debug_abbrev  0x000017ec       0xce ./Core/Src/stm32wbxx_it.o
 .debug_abbrev  0x000018ba      0x13b ./Core/Src/system_stm32wbxx.o
 .debug_abbrev  0x000019f5       0x24 ./Core/Startup/startup_stm32wb5mmghx.o
 .debug_abbrev  0x00001a19      0x367 ./Drivers/STM32WBxx_HAL_Driver/stm32wbxx_hal.o
 .debug_abbrev  0x00001d80      0x319 ./Drivers/STM32WBxx_HAL_Driver/stm32wbxx_hal_cortex.o
 .debug_abbrev  0x00002099      0x1e5 ./Drivers/STM32WBxx_HAL_Driver/stm32wbxx_hal_gpio.o
 .debug_abbrev  0x0000227e      0x1e4 ./Drivers/STM32WBxx_HAL_Driver/stm32wbxx_hal_hsem.o
 .debug_abbrev  0x00002462      0x260 ./Drivers/STM32WBxx_HAL_Driver/stm32wbxx_hal_i2c.o
 .debug_abbrev  0x000026c2      0x1c8 ./Drivers/STM32WBxx_HAL_Driver/stm32wbxx_hal_i2c_ex.o
 .debug_abbrev  0x0000288a      0x252 ./Drivers/STM32WBxx_HAL_Driver/stm32wbxx_hal_ipcc.o
 .debug_abbrev  0x00002adc      0x205 ./Drivers/STM32WBxx_HAL_Driver/stm32wbxx_hal_pwr.o
 .debug_abbrev  0x00002ce1      0x31c ./Drivers/STM32WBxx_HAL_Driver/stm32wbxx_hal_pwr_ex.o
 .debug_abbrev  0x00002ffd      0x31b ./Drivers/STM32WBxx_HAL_Driver/stm32wbxx_hal_rcc.o