../Drivers/STM32WBxx_HAL_Driver/Inc/stm32wbxx_ll_bus.h:539:22:LL_AHB2_GRP1_EnableClock	24	static
../Core/Src/main.c:88:5:main	24	static
../Core/Src/main.c:156:6:SystemClock_Config	112	static
../Core/Src/main.c:211:6:PeriphCommonClock_Config	88	static
../Core/Src/main.c:236:13:MX_I2C1_Init	8	static
../Core/Src/main.c:284:13:MX_IPCC_Init	8	static
../Core/Src/main.c:310:13:MX_RF_Init	4	static
../Core/Src/main.c:331:13:MX_RTC_Init	8	static
../Core/Src/main.c:374:13:MX_GPIO_Init	32	static
../Core/Src/main.c:462:6:Error_Handler	4	static,ignoring_inline_asm
