../STM32_WPAN/App/custom_app.c:114:6:Custom_STM_App_Notification	16	static
../STM32_WPAN/App/custom_app.c:272:6:Custom_APP_Notification	16	static
../STM32_WPAN/App/custom_app.c:313:6:Custom_APP_Init	8	static
../STM32_WPAN/App/custom_app.c:351:13:Custom_Bhw_Update_Char	16	static
../STM32_WPAN/App/custom_app.c:370:6:Custom_Bhw_Send_Notification	16	static
../STM32_WPAN/App/custom_app.c:453:6:Custom_Bhw_Send_Indication	16	static
../STM32_WPAN/App/custom_app.c:474:13:Custom_Bhr_Update_Char	16	static
../STM32_WPAN/App/custom_app.c:495:6:Custom_Bhr_Send_Notification	16	static
../STM32_WPAN/App/custom_app.c:529:6:Custom_Bhr_Send_Indication	16	static
../STM32_WPAN/App/custom_app.c:549:13:Custom_Bhrv_Update_Char	16	static
../STM32_WPAN/App/custom_app.c:568:6:Custom_Bhrv_Send_Notification	16	static
../STM32_WPAN/App/custom_app.c:597:6:Custom_Bhrv_Send_Indication	16	static
../STM32_WPAN/App/custom_app.c:623:13:BhwMeas_PeriodicTask	8	static
../STM32_WPAN/App/custom_app.c:634:13:FastMeas_PeriodicTask	8	static
../STM32_WPAN/App/custom_app.c:645:13:Custom_Fast_Send_Notification	8	static
